Archive member included to satisfy reference by file (symbol)

/usr/lib/gcc/arm-none-eabi/10.3.1/../../../arm-none-eabi/lib/thumb/v8-m.main+fp/softfp/libm.a(lib_a-wf_sqrt.o)
                              CMakeFiles/midi_leds.dir/home/james/pico-sdk/src/rp2_common/pico_float/float_math.c.o (sqrtf)
/usr/lib/gcc/arm-none-eabi/10.3.1/../../../arm-none-eabi/lib/thumb/v8-m.main+fp/softfp/libm.a(lib_a-ef_sqrt.o)
                              /usr/lib/gcc/arm-none-eabi/10.3.1/../../../arm-none-eabi/lib/thumb/v8-m.main+fp/softfp/libm.a(lib_a-wf_sqrt.o) (__ieee754_sqrtf)
/usr/lib/gcc/arm-none-eabi/10.3.1/../../../arm-none-eabi/lib/thumb/v8-m.main+fp/softfp/libm.a(lib_a-s_lib_ver.o)
                              /usr/lib/gcc/arm-none-eabi/10.3.1/../../../arm-none-eabi/lib/thumb/v8-m.main+fp/softfp/libm.a(lib_a-wf_sqrt.o) (__fdlib_version)
/usr/lib/gcc/arm-none-eabi/10.3.1/thumb/v8-m.main+fp/softfp/libgcc.a(_arm_addsubdf3.o)
                              CMakeFiles/midi_leds.dir/home/james/pico-sdk/src/rp2_common/pico_float/float_math.c.o (__aeabi_f2d)
/usr/lib/gcc/arm-none-eabi/10.3.1/thumb/v8-m.main+fp/softfp/libgcc.a(_aeabi_ldivmod.o)
                              CMakeFiles/midi_leds.dir/home/james/pico-sdk/src/common/pico_time/time.c.o (__aeabi_ldivmod)
/usr/lib/gcc/arm-none-eabi/10.3.1/thumb/v8-m.main+fp/softfp/libgcc.a(_aeabi_uldivmod.o)
                              CMakeFiles/midi_leds.dir/main.cpp.o (__aeabi_uldivmod)
/usr/lib/gcc/arm-none-eabi/10.3.1/thumb/v8-m.main+fp/softfp/libgcc.a(_udivmoddi4.o)
                              /usr/lib/gcc/arm-none-eabi/10.3.1/thumb/v8-m.main+fp/softfp/libgcc.a(_aeabi_ldivmod.o) (__udivmoddi4)
/usr/lib/gcc/arm-none-eabi/10.3.1/thumb/v8-m.main+fp/softfp/libgcc.a(_dvmd_tls.o)
                              /usr/lib/gcc/arm-none-eabi/10.3.1/thumb/v8-m.main+fp/softfp/libgcc.a(_aeabi_ldivmod.o) (__aeabi_ldiv0)
/usr/lib/gcc/arm-none-eabi/10.3.1/../../../arm-none-eabi/lib/thumb/v8-m.main+fp/softfp/libg.a(lib_a-atexit.o)
                              /usr/lib/gcc/arm-none-eabi/10.3.1/../../../arm-none-eabi/lib/thumb/v8-m.main+fp/softfp/crt0.o (atexit)
/usr/lib/gcc/arm-none-eabi/10.3.1/../../../arm-none-eabi/lib/thumb/v8-m.main+fp/softfp/libg.a(lib_a-calloc.o)
                              CMakeFiles/midi_leds.dir/home/james/pico-sdk/src/rp2_common/pico_malloc/malloc.c.o (calloc)
/usr/lib/gcc/arm-none-eabi/10.3.1/../../../arm-none-eabi/lib/thumb/v8-m.main+fp/softfp/libg.a(lib_a-callocr.o)
                              /usr/lib/gcc/arm-none-eabi/10.3.1/../../../arm-none-eabi/lib/thumb/v8-m.main+fp/softfp/libg.a(lib_a-calloc.o) (_calloc_r)
/usr/lib/gcc/arm-none-eabi/10.3.1/../../../arm-none-eabi/lib/thumb/v8-m.main+fp/softfp/libg.a(lib_a-errno.o)
                              /usr/lib/gcc/arm-none-eabi/10.3.1/../../../arm-none-eabi/lib/thumb/v8-m.main+fp/softfp/libm.a(lib_a-wf_sqrt.o) (__errno)
/usr/lib/gcc/arm-none-eabi/10.3.1/../../../arm-none-eabi/lib/thumb/v8-m.main+fp/softfp/libg.a(lib_a-fini.o)
                              /usr/lib/gcc/arm-none-eabi/10.3.1/../../../arm-none-eabi/lib/thumb/v8-m.main+fp/softfp/crt0.o (__libc_fini_array)
/usr/lib/gcc/arm-none-eabi/10.3.1/../../../arm-none-eabi/lib/thumb/v8-m.main+fp/softfp/libg.a(lib_a-impure.o)
                              /usr/lib/gcc/arm-none-eabi/10.3.1/../../../arm-none-eabi/lib/thumb/v8-m.main+fp/softfp/libg.a(lib_a-calloc.o) (_impure_ptr)
/usr/lib/gcc/arm-none-eabi/10.3.1/../../../arm-none-eabi/lib/thumb/v8-m.main+fp/softfp/libg.a(lib_a-init.o)
                              /usr/lib/gcc/arm-none-eabi/10.3.1/../../../arm-none-eabi/lib/thumb/v8-m.main+fp/softfp/crt0.o (__libc_init_array)
/usr/lib/gcc/arm-none-eabi/10.3.1/../../../arm-none-eabi/lib/thumb/v8-m.main+fp/softfp/libg.a(lib_a-lcltime_r.o)
                              CMakeFiles/midi_leds.dir/home/james/pico-sdk/src/common/pico_util/datetime.c.o (localtime_r)
/usr/lib/gcc/arm-none-eabi/10.3.1/../../../arm-none-eabi/lib/thumb/v8-m.main+fp/softfp/libg.a(lib_a-malloc.o)
                              CMakeFiles/midi_leds.dir/home/james/pico-sdk/src/rp2_common/pico_malloc/malloc.c.o (malloc)
/usr/lib/gcc/arm-none-eabi/10.3.1/../../../arm-none-eabi/lib/thumb/v8-m.main+fp/softfp/libg.a(lib_a-mallocr.o)
                              /usr/lib/gcc/arm-none-eabi/10.3.1/../../../arm-none-eabi/lib/thumb/v8-m.main+fp/softfp/libg.a(lib_a-callocr.o) (_malloc_r)
/usr/lib/gcc/arm-none-eabi/10.3.1/../../../arm-none-eabi/lib/thumb/v8-m.main+fp/softfp/libg.a(lib_a-memcmp.o)
                              CMakeFiles/midi_leds.dir/home/james/pico-sdk/src/rp2_common/pico_atomic/atomic.c.o (memcmp)
/usr/lib/gcc/arm-none-eabi/10.3.1/../../../arm-none-eabi/lib/thumb/v8-m.main+fp/softfp/libg.a(lib_a-memcpy.o)
                              CMakeFiles/midi_leds.dir/home/james/pico-sdk/src/common/pico_util/queue.c.o (memcpy)
/usr/lib/gcc/arm-none-eabi/10.3.1/../../../arm-none-eabi/lib/thumb/v8-m.main+fp/softfp/libg.a(lib_a-memset.o)
[...]
Memory Configuration

Name             Origin             Length             Attributes
FLASH            0x0000000010000000 0x0000000000400000 xr
RAM              0x0000000020000000 0x0000000000080000 xrw
SCRATCH_X        0x0000000020080000 0x0000000000001000 xrw
SCRATCH_Y        0x0000000020081000 0x0000000000001000 xrw
*default*        0x0000000000000000 0xffffffffffffffff

Linker script and memory map

LOAD /usr/lib/gcc/arm-none-eabi/10.3.1/thumb/v8-m.main+fp/softfp/crti.o
LOAD /usr/lib/gcc/arm-none-eabi/10.3.1/thumb/v8-m.main+fp/softfp/crtbegin.o
LOAD /usr/lib/gcc/arm-none-eabi/10.3.1/../../../arm-none-eabi/lib/thumb/v8-m.main+fp/softfp/crt0.o

.flash_begin    0x0000000010000000        0x0
                0x0000000010000000                __flash_binary_start = .

.text           0x0000000010000000     0x7068
                0x0000000010000000                __logical_binary_start = .
 *(.vectors)
 .vectors       0x0000000010000000      0x124 CMakeFiles/midi_leds.dir/home/james/pico-sdk/src/rp2_common/pico_crt0/crt0.S.o
                0x0000000010000000                __vectors
                0x0000000010000000                __VECTOR_TABLE
                0x0000000010000110                isr_securefault
                0x0000000010000110                isr_irq30
                0x0000000010000110                __unhandled_user_irq
                0x0000000010000110                isr_irq49
                0x0000000010000110                isr_irq13
                0x0000000010000110                isr_irq43
                0x0000000010000110                isr_irq45
                0x0000000010000110                isr_irq27
                0x0000000010000110                isr_irq32
                0x0000000010000110                isr_irq31
                0x0000000010000110                isr_irq5
                0x0000000010000110                isr_irq11
                0x0000000010000110                isr_irq23
                0x0000000010000110                isr_usagefault
                0x0000000010000110                isr_irq48
                0x0000000010000110                isr_irq35
                0x0000000010000110                isr_irq18
                0x0000000010000110                isr_irq50
                0x0000000010000110                isr_irq40
                0x0000000010000110                isr_irq28
                0x0000000010000110                isr_irq19
                0x0000000010000110                isr_irq36
                0x0000000010000110                isr_irq41
                0x0000000010000110                isr_irq0
                0x0000000010000110                isr_irq6
                0x0000000010000110                isr_memmanage
                0x0000000010000110                isr_irq37
                0x0000000010000110                isr_irq42
                0x0000000010000110                isr_irq22
                0x0000000010000110                isr_irq17
                0x0000000010000110                isr_irq38
                0x0000000010000110                isr_irq14
                0x0000000010000110                __vectors_end
                0x0000000010000110                __default_isrs_start
                0x0000000010000110                isr_irq2
                0x0000000010000110                isr_irq10
                0x0000000010000110                isr_irq8
                0x0000000010000110                isr_debugmonitor
                0x0000000010000110                isr_irq24
                0x0000000010000110                isr_irq46
                0x0000000010000110                isr_irq1
                0x0000000010000110                isr_irq47
                0x0000000010000110                isr_irq51
                0x0000000010000110                isr_irq7
                0x0000000010000110                isr_irq21
                0x0000000010000110                isr_irq39
                0x0000000010000110                isr_irq20
                0x0000000010000110                isr_irq15
                0x0000000010000110                isr_irq25
                0x0000000010000110                isr_irq34
                0x0000000010000110                isr_irq4
                0x0000000010000110                isr_busfault
                0x0000000010000110                isr_irq16
                0x0000000010000110                isr_irq44
                0x0000000010000110                isr_irq29
                0x0000000010000110                isr_irq26
                0x0000000010000110                isr_irq33
                0x0000000010000110                isr_irq3
                0x0000000010000110                isr_irq12
                0x0000000010000110                isr_irq9
                0x0000000010000116                unhandled_user_irq_num_in_r0
                0x0000000010000118                isr_invalid
                0x000000001000011a                isr_nmi
                0x000000001000011c                isr_hardfault
                0x000000001000011e                isr_svcall
                0x0000000010000120                isr_pendsv
                0x0000000010000122                isr_systick
                0x0000000010000124                __default_isrs_end
 *(.binary_info_header)
 .binary_info_header
                0x0000000010000124       0x14 CMakeFiles/midi_leds.dir/home/james/pico-sdk/src/rp2_common/pico_crt0/crt0.S.o
                0x0000000010000138                __binary_info_header_end = .
 *(.embedded_block)
 .embedded_block
                0x0000000010000138       0x14 CMakeFiles/midi_leds.dir/home/james/pico-sdk/src/rp2_common/pico_crt0/crt0.S.o
                0x000000001000014c                __embedded_block_end = .
 *(.reset)
 .reset         0x000000001000014c       0x98 CMakeFiles/midi_leds.dir/home/james/pico-sdk/src/rp2_common/pico_crt0/crt0.S.o
                0x000000001000014c                _entry_point
 *(.init)
 .init          0x00000000100001e4        0x4 /usr/lib/gcc/arm-none-eabi/10.3.1/thumb/v8-m.main+fp/softfp/crti.o
                0x00000000100001e4                _init
 *libgcc.a:cmse_nonsecure_call.o()
 *(EXCLUDE_FILE(*libm.a: *libc.a:*lib_a-mem*.o *libgcc.a:) .text*)
 .text          0x00000000100001e8       0x8c /usr/lib/gcc/arm-none-eabi/10.3.1/thumb/v8-m.main+fp/softfp/crtbegin.o
 .text._Z8onNoteOnhhh
                0x0000000010000274       0x40 CMakeFiles/midi_leds.dir/main.cpp.o
                0x0000000010000274                onNoteOn(unsigned char, unsigned char, unsigned char)
 .text._Z9onNoteOffhh
                0x00000000100002b4       0x14 CMakeFiles/midi_leds.dir/main.cpp.o
                0x00000000100002b4                onNoteOff(unsigned char, unsigned char)
 .text._Z6renderv
                0x00000000100002c8       0x98 CMakeFiles/midi_leds.dir/main.cpp.o
                0x00000000100002c8                render()
 .text.startup.main
                0x0000000010000360      0x148 CMakeFiles/midi_leds.dir/main.cpp.o
                0x0000000010000360                main
 .text._Z9leds_initv
                0x00000000100004a8      0x114 CMakeFiles/midi_leds.dir/leds.cpp.o
                0x00000000100004a8                leds_init()
 .text._Z13leds_setPixeliim
                0x00000000100005bc       0x50 CMakeFiles/midi_leds.dir/leds.cpp.o
                0x00000000100005bc                leds_setPixel(int, int, unsigned long)
 .text._Z9leds_showv
                0x000000001000060c       0x20 CMakeFiles/midi_leds.dir/leds.cpp.o
                0x000000001000060c                leds_show()
 .text._Z10leds_clearv
                0x000000001000062c       0x10 CMakeFiles/midi_leds.dir/leds.cpp.o
                0x000000001000062c                leds_clear()
 .text._Z21leds_startup_sequencev
                0x000000001000063c       0xdc CMakeFiles/midi_leds.dir/leds.cpp.o
                0x000000001000063c                leds_startup_sequence()
 .text._Z9midi_initv
                0x0000000010000718       0x3c CMakeFiles/midi_leds.dir/midi.cpp.o
                0x0000000010000718                midi_init()
 .text._Z9midi_pollv
                0x0000000010000754      0x174 CMakeFiles/midi_leds.dir/midi.cpp.o
                0x0000000010000754                midi_poll()
 .text._Z13computeTiling4RectiPPS_
                0x00000000100008c8      0x474 CMakeFiles/midi_leds.dir/layout.cpp.o
                0x00000000100008c8                computeTiling(Rect, int, Rect**)
 .text._Z15recomputeLayoutv.part.0
                0x0000000010000d3c      0x2c0 CMakeFiles/midi_leds.dir/layout.cpp.o
 .text._Z11layout_initv
                0x0000000010000ffc       0x2c CMakeFiles/midi_leds.dir/layout.cpp.o
                0x0000000010000ffc                layout_init()
 .text._Z12layout_resetv
                0x0000000010001028       0x2c CMakeFiles/midi_leds.dir/layout.cpp.o
                0x0000000010001028                layout_reset()
 .text._Z15registerChanneli
                0x0000000010001054       0x54 CMakeFiles/midi_leds.dir/layout.cpp.o
                0x0000000010001054                registerChannel(int)
 .text._Z12registerNoteii
                0x00000000100010a8       0x48 CMakeFiles/midi_leds.dir/layout.cpp.o
                0x00000000100010a8                registerNote(int, int)
 .text._Z13setNoteActiveiib
                0x00000000100010f0       0x40 CMakeFiles/midi_leds.dir/layout.cpp.o
                0x00000000100010f0                setNoteActive(int, int, bool)
 .text.gpio_set_function
                0x0000000010001130       0x3c CMakeFiles/midi_leds.dir/home/james/pico-sdk/src/rp2_common/hardware_gpio/gpio.c.o
                0x0000000010001130                gpio_set_function
 .text.gpio_set_pulls
                0x000000001000116c       0x34 CMakeFiles/midi_leds.dir/home/james/pico-sdk/src/rp2_common/hardware_gpio/gpio.c.o
                0x000000001000116c                gpio_set_pulls
 .text.gpio_init
                0x00000000100011a0       0x44 CMakeFiles/midi_leds.dir/home/james/pico-sdk/src/rp2_common/hardware_gpio/gpio.c.o
                0x00000000100011a0                gpio_init
 .text.panic    0x00000000100011e4       0x30 CMakeFiles/midi_leds.dir/home/james/pico-sdk/src/rp2_common/pico_platform_panic/panic.c.o
                0x00000000100011e4                panic
 .text.hw_claim_lock
                0x0000000010001214       0x24 CMakeFiles/midi_leds.dir/home/james/pico-sdk/src/common/hardware_claim/claim.c.o
                0x0000000010001214                hw_claim_lock
 .text.hw_claim_unlock
                0x0000000010001238       0x14 CMakeFiles/midi_leds.dir/home/james/pico-sdk/src/common/hardware_claim/claim.c.o
                0x0000000010001238                hw_claim_unlock
 .text.hw_claim_or_assert
                0x000000001000124c       0x5c CMakeFiles/midi_leds.dir/home/james/pico-sdk/src/common/hardware_claim/claim.c.o
                0x000000001000124c                hw_claim_or_assert
 .text.hw_claim_unused_from_range
                0x00000000100012a8       0x9c CMakeFiles/midi_leds.dir/home/james/pico-sdk/src/common/hardware_claim/claim.c.o
                0x00000000100012a8                hw_claim_unused_from_range
 .text.next_striped_spin_lock_num
                0x0000000010001344       0x18 CMakeFiles/midi_leds.dir/home/james/pico-sdk/src/rp2_common/hardware_sync/sync.c.o
                0x0000000010001344                next_striped_spin_lock_num
 .text.spin_lock_claim_unused
                0x000000001000135c       0x20 CMakeFiles/midi_leds.dir/home/james/pico-sdk/src/rp2_common/hardware_sync/sync.c.o
                0x000000001000135c                spin_lock_claim_unused
 .text.spinlock_set_extexclall
                0x000000001000137c       0x10 CMakeFiles/midi_leds.dir/home/james/pico-sdk/src/rp2_common/hardware_sync_spin_lock/sync_spin_lock.c.o
 .text.spin_locks_reset
                0x000000001000138c       0x18 CMakeFiles/midi_leds.dir/home/james/pico-sdk/src/rp2_common/hardware_sync_spin_lock/sync_spin_lock.c.o
                0x000000001000138c                spin_locks_reset
 .text.runtime_init_per_core_irq_priorities
                0x00000000100013a4       0x40 CMakeFiles/midi_leds.dir/home/james/pico-sdk/src/rp2_common/hardware_irq/irq.c.o
                0x00000000100013a4                runtime_init_per_core_irq_priorities
 .text.irq_set_enabled
                0x00000000100013e4       0x2c CMakeFiles/midi_leds.dir/home/james/pico-sdk/src/rp2_common/hardware_irq/irq.c.o
                0x00000000100013e4                irq_set_enabled
 .text.irq_is_enabled
                0x0000000010001410       0x20 CMakeFiles/midi_leds.dir/home/james/pico-sdk/src/rp2_common/hardware_irq/irq.c.o
                0x0000000010001410                irq_is_enabled
 .text.irq_set_pending
                0x0000000010001430       0x1c CMakeFiles/midi_leds.dir/home/james/pico-sdk/src/rp2_common/hardware_irq/irq.c.o
                0x0000000010001430                irq_set_pending
 .text.irq_has_shared_handler
                0x000000001000144c       0x20 CMakeFiles/midi_leds.dir/home/james/pico-sdk/src/rp2_common/hardware_irq/irq.c.o
                0x000000001000144c                irq_has_shared_handler
 .text.irq_set_exclusive_handler
                0x000000001000146c       0x60 CMakeFiles/midi_leds.dir/home/james/pico-sdk/src/rp2_common/hardware_irq/irq.c.o
                0x000000001000146c                irq_set_exclusive_handler
 .text.irq_add_shared_handler
                0x00000000100014cc      0x1e8 CMakeFiles/midi_leds.dir/home/james/pico-sdk/src/rp2_common/hardware_irq/irq.c.o
                0x00000000100014cc                irq_add_shared_handler
 .text.irq_add_tail_to_free_list
                0x00000000100016b4       0xbc CMakeFiles/midi_leds.dir/home/james/pico-sdk/src/rp2_common/hardware_irq/irq.c.o
                0x00000000100016b4                irq_add_tail_to_free_list
 .text.user_irq_claim_unused
                0x0000000010001770       0x28 CMakeFiles/midi_leds.dir/home/james/pico-sdk/src/rp2_common/hardware_irq/irq.c.o
                0x0000000010001770                user_irq_claim_unused
 .text.lock_init
                0x0000000010001798        0xc CMakeFiles/midi_leds.dir/home/james/pico-sdk/src/common/pico_sync/lock_core.c.o
                0x0000000010001798                lock_init
 .text.runtime_init_mutex
                0x00000000100017a4       0x54 CMakeFiles/midi_leds.dir/home/james/pico-sdk/src/common/pico_sync/mutex.c.o
                0x00000000100017a4                runtime_init_mutex
 .text.mutex_init
                0x00000000100017f8       0x1c CMakeFiles/midi_leds.dir/home/james/pico-sdk/src/common/pico_sync/mutex.c.o
                0x00000000100017f8                mutex_init
 .text.critical_section_init
                0x0000000010001814       0x1c CMakeFiles/midi_leds.dir/home/james/pico-sdk/src/common/pico_sync/critical_section.c.o
                0x0000000010001814                critical_section_init
 .text.critical_section_init_with_lock_num
                0x0000000010001830       0x10 CMakeFiles/midi_leds.dir/home/james/pico-sdk/src/common/pico_sync/critical_section.c.o
                0x0000000010001830                critical_section_init_with_lock_num
 .text.sleep_until_callback
                0x0000000010001840       0x3c CMakeFiles/midi_leds.dir/home/james/pico-sdk/src/common/pico_time/time.c.o
 *fill*         0x000000001000187c        0x4 
 .text.alarm_pool_irq_handler
                0x0000000010001880      0x300 CMakeFiles/midi_leds.dir/home/james/pico-sdk/src/common/pico_time/time.c.o
 .text.runtime_init_default_alarm_pool
                0x0000000010001b80      0x100 CMakeFiles/midi_leds.dir/home/james/pico-sdk/src/common/pico_time/time.c.o
                0x0000000010001b80                runtime_init_default_alarm_pool
 .text.alarm_pool_get_default
                0x0000000010001c80        0x8 CMakeFiles/midi_leds.dir/home/james/pico-sdk/src/common/pico_time/time.c.o
                0x0000000010001c80                alarm_pool_get_default
 .text.alarm_pool_add_alarm_at
                0x0000000010001c88       0xdc CMakeFiles/midi_leds.dir/home/james/pico-sdk/src/common/pico_time/time.c.o
                0x0000000010001c88                alarm_pool_add_alarm_at
 .text.alarm_pool_add_alarm_at_force_in_context
                0x0000000010001d64       0xc4 CMakeFiles/midi_leds.dir/home/james/pico-sdk/src/common/pico_time/time.c.o
                0x0000000010001d64                alarm_pool_add_alarm_at_force_in_context
 .text.alarm_pool_cancel_alarm
                0x0000000010001e28       0x80 CMakeFiles/midi_leds.dir/home/james/pico-sdk/src/common/pico_time/time.c.o
                0x0000000010001e28                alarm_pool_cancel_alarm
 .text.alarm_pool_core_num
                0x0000000010001ea8        0x4 CMakeFiles/midi_leds.dir/home/james/pico-sdk/src/common/pico_time/time.c.o
                0x0000000010001ea8                alarm_pool_core_num
 .text.sleep_until
                0x0000000010001eac       0xbc CMakeFiles/midi_leds.dir/home/james/pico-sdk/src/common/pico_time/time.c.o
                0x0000000010001eac                sleep_until
 .text.sleep_ms
                0x0000000010001f68       0x24 CMakeFiles/midi_leds.dir/home/james/pico-sdk/src/common/pico_time/time.c.o
                0x0000000010001f68                sleep_ms
 .text.best_effort_wfe_or_timeout
                0x0000000010001f8c       0xdc CMakeFiles/midi_leds.dir/home/james/pico-sdk/src/common/pico_time/time.c.o
                0x0000000010001f8c                best_effort_wfe_or_timeout
 .text.timer_hardware_alarm_claim
                0x0000000010002068       0x24 CMakeFiles/midi_leds.dir/home/james/pico-sdk/src/rp2_common/hardware_timer/timer.c.o
                0x0000000010002068                timer_hardware_alarm_claim
 .text.timer_time_us_64
                0x000000001000208c       0x10 CMakeFiles/midi_leds.dir/home/james/pico-sdk/src/rp2_common/hardware_timer/timer.c.o
                0x000000001000208c                timer_time_us_64
 .text.time_us_64
                0x000000001000209c       0x14 CMakeFiles/midi_leds.dir/home/james/pico-sdk/src/rp2_common/hardware_timer/timer.c.o
                0x000000001000209c                time_us_64
 .text.busy_wait_us
                0x00000000100020b0       0x4c CMakeFiles/midi_leds.dir/home/james/pico-sdk/src/rp2_common/hardware_timer/timer.c.o
                0x00000000100020b0                busy_wait_us
 .text.busy_wait_until
                0x00000000100020fc       0x24 CMakeFiles/midi_leds.dir/home/james/pico-sdk/src/rp2_common/hardware_timer/timer.c.o
                0x00000000100020fc                busy_wait_until
 .text.uart_init
                0x0000000010002120      0x104 CMakeFiles/midi_leds.dir/home/james/pico-sdk/src/rp2_common/hardware_uart/uart.c.o
                0x0000000010002120                uart_init
 .text.uart_set_format
                0x0000000010002224       0x6c CMakeFiles/midi_leds.dir/home/james/pico-sdk/src/rp2_common/hardware_uart/uart.c.o
                0x0000000010002224                uart_set_format
 .text.uart_set_fifo_enabled
                0x0000000010002290       0x5c CMakeFiles/midi_leds.dir/home/james/pico-sdk/src/rp2_common/hardware_uart/uart.c.o
                0x0000000010002290                uart_set_fifo_enabled
 .text.clock_configure_undivided
                0x00000000100022ec       0xd0 CMakeFiles/midi_leds.dir/home/james/pico-sdk/src/rp2_common/hardware_clocks/clocks.c.o
                0x00000000100022ec                clock_configure_undivided
 .text.clock_get_hz
                0x00000000100023bc        0xc CMakeFiles/midi_leds.dir/home/james/pico-sdk/src/rp2_common/hardware_clocks/clocks.c.o
                0x00000000100023bc                clock_get_hz
 .text.pll_init
                0x00000000100023c8       0x8c CMakeFiles/midi_leds.dir/home/james/pico-sdk/src/rp2_common/hardware_pll/pll.c.o
                0x00000000100023c8                pll_init
 .text.watchdog_reboot
                0x0000000010002454       0x9c CMakeFiles/midi_leds.dir/home/james/pico-sdk/src/rp2_common/hardware_watchdog/watchdog.c.o
                0x0000000010002454                watchdog_reboot
 .text.tick_start
                0x00000000100024f0       0x18 CMakeFiles/midi_leds.dir/home/james/pico-sdk/src/rp2_common/hardware_ticks/ticks.c.o
                0x00000000100024f0                tick_start
 .text.rom_reboot.constprop.0.isra.0
                0x0000000010002508       0x38 CMakeFiles/midi_leds.dir/home/james/pico-sdk/src/rp2_common/pico_bootrom/bootrom.c.o
 .text.rom_func_lookup
                0x0000000010002540       0x18 CMakeFiles/midi_leds.dir/home/james/pico-sdk/src/rp2_common/pico_bootrom/bootrom.c.o
                0x0000000010002540                rom_func_lookup
 .text.rom_reset_usb_boot_extra
                0x0000000010002558       0x1c CMakeFiles/midi_leds.dir/home/james/pico-sdk/src/rp2_common/pico_bootrom/bootrom.c.o
                0x0000000010002558                rom_reset_usb_boot_extra
 .text.runtime_init_bootrom_locking_enable
                0x0000000010002574       0x14 CMakeFiles/midi_leds.dir/home/james/pico-sdk/src/rp2_common/pico_bootrom/bootrom_lock.c.o
                0x0000000010002574                runtime_init_bootrom_locking_enable
 .text.runtime_init_boot_locks_reset
                0x0000000010002588       0x1c CMakeFiles/midi_leds.dir/home/james/pico-sdk/src/rp2_common/hardware_boot_lock/boot_lock.c.o
                0x0000000010002588                runtime_init_boot_locks_reset
 .text.xosc_init
                0x00000000100025a4       0x30 CMakeFiles/midi_leds.dir/home/james/pico-sdk/src/rp2_common/hardware_xosc/xosc.c.o
                0x00000000100025a4                xosc_init
 .text.first_per_core_initializer
                0x00000000100025d4        0x4 CMakeFiles/midi_leds.dir/home/james/pico-sdk/src/rp2_common/pico_runtime/runtime.c.o
 .text.hard_assertion_failure
                0x00000000100025d8        0xc CMakeFiles/midi_leds.dir/home/james/pico-sdk/src/rp2_common/pico_runtime/runtime.c.o
                0x00000000100025d8                hard_assertion_failure
 .text.runtime_run_initializers
                0x00000000100025e4       0x20 CMakeFiles/midi_leds.dir/home/james/pico-sdk/src/rp2_common/pico_runtime/runtime.c.o
                0x00000000100025e4                runtime_run_initializers
 .text.runtime_init_early_resets
                0x0000000010002604       0x34 CMakeFiles/midi_leds.dir/home/james/pico-sdk/src/rp2_common/pico_runtime_init/runtime_init.c.o
                0x0000000010002604                runtime_init_early_resets
 .text.runtime_init_usb_power_down
                0x0000000010002638       0x1c CMakeFiles/midi_leds.dir/home/james/pico-sdk/src/rp2_common/pico_runtime_init/runtime_init.c.o
                0x0000000010002638                runtime_init_usb_power_down
 .text.runtime_init_per_core_enable_coprocessors
                0x0000000010002654       0x1c CMakeFiles/midi_leds.dir/home/james/pico-sdk/src/rp2_common/pico_runtime_init/runtime_init.c.o
                0x0000000010002654                runtime_init_per_core_enable_coprocessors
 .text.runtime_init_post_clock_resets
                0x0000000010002670       0x20 CMakeFiles/midi_leds.dir/home/james/pico-sdk/src/rp2_common/pico_runtime_init/runtime_init.c.o
                0x0000000010002670                runtime_init_post_clock_resets
 .text.runtime_init_bootrom_reset
                0x0000000010002690       0x14 CMakeFiles/midi_leds.dir/home/james/pico-sdk/src/rp2_common/pico_runtime_init/runtime_init.c.o
                0x0000000010002690                runtime_init_bootrom_reset
 .text.runtime_init_per_core_bootrom_reset
                0x00000000100026a4       0x14 CMakeFiles/midi_leds.dir/home/james/pico-sdk/src/rp2_common/pico_runtime_init/runtime_init.c.o
                0x00000000100026a4                runtime_init_per_core_bootrom_reset
 .text.runtime_init_spin_locks_reset
                0x00000000100026b8        0x4 CMakeFiles/midi_leds.dir/home/james/pico-sdk/src/rp2_common/pico_runtime_init/runtime_init.c.o
                0x00000000100026b8                runtime_init_spin_locks_reset
 .text.runtime_init_install_ram_vector_table
                0x00000000100026bc       0xd0 CMakeFiles/midi_leds.dir/home/james/pico-sdk/src/rp2_common/pico_runtime_init/runtime_init.c.o
                0x00000000100026bc                runtime_init_install_ram_vector_table
 .text.runtime_init_clocks
                0x000000001000278c       0xdc CMakeFiles/midi_leds.dir/home/james/pico-sdk/src/rp2_common/pico_runtime_init/runtime_init_clocks.c.o
                0x000000001000278c                runtime_init_clocks
 .text.__rp2350_dcp_engaged_state_save_restore
                0x0000000010002868       0x3a CMakeFiles/midi_leds.dir/home/james/pico-sdk/src/rp2_common/pico_double/double_aeabi_dcp.S.o
 *fill*         0x00000000100028a2        0x2 
 .text.__wrap___aeabi_dadd
                0x00000000100028a4       0x28 CMakeFiles/midi_leds.dir/home/james/pico-sdk/src/rp2_common/pico_double/double_aeabi_dcp.S.o
                0x00000000100028ac                __wrap___aeabi_dadd
 .text.__wrap___aeabi_dsub
                0x00000000100028cc       0x28 CMakeFiles/midi_leds.dir/home/james/pico-sdk/src/rp2_common/pico_double/double_aeabi_dcp.S.o
                0x00000000100028d4                __wrap___aeabi_dsub
 .text.__wrap___aeabi_dmul
                0x00000000100028f4       0x4c CMakeFiles/midi_leds.dir/home/james/pico-sdk/src/rp2_common/pico_double/double_aeabi_dcp.S.o
                0x00000000100028fc                __wrap___aeabi_dmul
 .text.__wrap___aeabi_ddiv
                0x0000000010002940       0x9c CMakeFiles/midi_leds.dir/home/james/pico-sdk/src/rp2_common/pico_double/double_aeabi_dcp.S.o
                0x0000000010002948                __wrap___aeabi_ddiv
 .text.__wrap___aeabi_i2d
                0x00000000100029dc       0x24 CMakeFiles/midi_leds.dir/home/james/pico-sdk/src/rp2_common/pico_double/double_aeabi_dcp.S.o
                0x00000000100029e4                __wrap___aeabi_i2d
                0x00000000100029e4                int2double
 .text.__wrap___aeabi_ui2d
                0x0000000010002a00       0x24 CMakeFiles/midi_leds.dir/home/james/pico-sdk/src/rp2_common/pico_double/double_aeabi_dcp.S.o
                0x0000000010002a08                __wrap___aeabi_ui2d
                0x0000000010002a08                uint2double
 .text.__wrap___aeabi_d2iz
                0x0000000010002a24       0x24 CMakeFiles/midi_leds.dir/home/james/pico-sdk/src/rp2_common/pico_double/double_aeabi_dcp.S.o
                0x0000000010002a2c                __wrap___aeabi_d2iz
                0x0000000010002a2c                double2int_z
 .text.__wrap___aeabi_d2uiz
                0x0000000010002a48       0x24 CMakeFiles/midi_leds.dir/home/james/pico-sdk/src/rp2_common/pico_double/double_aeabi_dcp.S.o
                0x0000000010002a50                double2uint_z
                0x0000000010002a50                double2uint
                0x0000000010002a50                __wrap___aeabi_d2uiz
 .text.__wrap___aeabi_dcmpun
                0x0000000010002a6c       0x24 CMakeFiles/midi_leds.dir/home/james/pico-sdk/src/rp2_common/pico_double/double_aeabi_dcp.S.o
                0x0000000010002a74                __wrap___aeabi_dcmpun
 .text.__wrap___aeabi_dcmplt
                0x0000000010002a90       0x28 CMakeFiles/midi_leds.dir/home/james/pico-sdk/src/rp2_common/pico_double/double_aeabi_dcp.S.o
                0x0000000010002a98                __wrap___aeabi_dcmplt
 .text.__wrap___aeabi_dcmple
                0x0000000010002ab8       0x28 CMakeFiles/midi_leds.dir/home/james/pico-sdk/src/rp2_common/pico_double/double_aeabi_dcp.S.o
                0x0000000010002ac0                __wrap___aeabi_dcmple
 .text.__wrap___aeabi_dcmpge
                0x0000000010002ae0       0x28 CMakeFiles/midi_leds.dir/home/james/pico-sdk/src/rp2_common/pico_double/double_aeabi_dcp.S.o
                0x0000000010002ae8                __wrap___aeabi_dcmpge
 .text.__wrap___aeabi_dcmpgt
                0x0000000010002b08       0x28 CMakeFiles/midi_leds.dir/home/james/pico-sdk/src/rp2_common/pico_double/double_aeabi_dcp.S.o
                0x0000000010002b10                __wrap___aeabi_dcmpgt
 .text._out_null
                0x0000000010002b30        0x4 CMakeFiles/midi_leds.dir/home/james/pico-sdk/src/rp2_common/pico_printf/printf.c.o
 .text._out_rev
                0x0000000010002b34       0x88 CMakeFiles/midi_leds.dir/home/james/pico-sdk/src/rp2_common/pico_printf/printf.c.o
 .text._ntoa_format
                0x0000000010002bbc      0x1e8 CMakeFiles/midi_leds.dir/home/james/pico-sdk/src/rp2_common/pico_printf/printf.c.o
 .text._out_char
                0x0000000010002da4        0x8 CMakeFiles/midi_leds.dir/home/james/pico-sdk/src/rp2_common/pico_printf/printf.c.o
 .text._out_fct
                0x0000000010002dac        0xc CMakeFiles/midi_leds.dir/home/james/pico-sdk/src/rp2_common/pico_printf/printf.c.o
 .text._etoa    0x0000000010002db8      0x460 CMakeFiles/midi_leds.dir/home/james/pico-sdk/src/rp2_common/pico_printf/printf.c.o
 .text._ftoa    0x0000000010003218      0x3d8 CMakeFiles/midi_leds.dir/home/james/pico-sdk/src/rp2_common/pico_printf/printf.c.o
 .text._vsnprintf
                0x00000000100035f0      0x9c8 CMakeFiles/midi_leds.dir/home/james/pico-sdk/src/rp2_common/pico_printf/printf.c.o
 .text.vfctprintf
                0x0000000010003fb8       0x28 CMakeFiles/midi_leds.dir/home/james/pico-sdk/src/rp2_common/pico_printf/printf.c.o
                0x0000000010003fb8                vfctprintf
 .text.weak_raw_vprintf
                0x0000000010003fe0       0x30 CMakeFiles/midi_leds.dir/home/james/pico-sdk/src/rp2_common/pico_printf/printf.c.o
                0x0000000010003fe0                weak_raw_vprintf
 .text._exit    0x0000000010004010        0x4 CMakeFiles/midi_leds.dir/home/james/pico-sdk/src/rp2_common/pico_clib_interface/newlib_interface.c.o
                0x0000000010004010                _exit
 .text.exit     0x0000000010004014        0x8 CMakeFiles/midi_leds.dir/home/james/pico-sdk/src/rp2_common/pico_clib_interface/newlib_interface.c.o
                0x0000000010004014                exit
 .text.runtime_init
                0x000000001000401c       0x24 CMakeFiles/midi_leds.dir/home/james/pico-sdk/src/rp2_common/pico_clib_interface/newlib_interface.c.o
                0x000000001000401c                runtime_init
 .text.stdio_out_chars_no_crlf
                0x0000000010004040        0x8 CMakeFiles/midi_leds.dir/home/james/pico-sdk/src/rp2_common/pico_stdio/stdio.c.o
 .text.stdio_out_chars_crlf
                0x0000000010004048       0xac CMakeFiles/midi_leds.dir/home/james/pico-sdk/src/rp2_common/pico_stdio/stdio.c.o
 .text.stdio_buffered_printer
                0x00000000100040f4       0x60 CMakeFiles/midi_leds.dir/home/james/pico-sdk/src/rp2_common/pico_stdio/stdio.c.o
 .text.stdio_put_string
                0x0000000010004154       0xe8 CMakeFiles/midi_leds.dir/home/james/pico-sdk/src/rp2_common/pico_stdio/stdio.c.o
                0x0000000010004154                stdio_put_string
 .text.stdio_set_driver_enabled
                0x000000001000423c       0x28 CMakeFiles/midi_leds.dir/home/james/pico-sdk/src/rp2_common/pico_stdio/stdio.c.o
                0x000000001000423c                stdio_set_driver_enabled
 .text.stdio_init_all
                0x0000000010004264        0x4 CMakeFiles/midi_leds.dir/home/james/pico-sdk/src/rp2_common/pico_stdio/stdio.c.o
                0x0000000010004264                stdio_init_all
 .text.__wrap_putchar
                0x0000000010004268       0x7c CMakeFiles/midi_leds.dir/home/james/pico-sdk/src/rp2_common/pico_stdio/stdio.c.o
                0x0000000010004268                stdio_putchar
                0x0000000010004268                __wrap_putchar
 .text.__wrap_puts
                0x00000000100042e4       0x3c CMakeFiles/midi_leds.dir/home/james/pico-sdk/src/rp2_common/pico_stdio/stdio.c.o
                0x00000000100042e4                __wrap_puts
                0x00000000100042e4                stdio_puts
 .text.__wrap_vprintf
                0x0000000010004320       0xc0 CMakeFiles/midi_leds.dir/home/james/pico-sdk/src/rp2_common/pico_stdio/stdio.c.o
                0x0000000010004320                __wrap_vprintf
                0x0000000010004320                stdio_vprintf
 .text.__wrap_printf
                0x00000000100043e0       0x1c CMakeFiles/midi_leds.dir/home/james/pico-sdk/src/rp2_common/pico_stdio/stdio.c.o
                0x00000000100043e0                stdio_printf
                0x00000000100043e0                __wrap_printf
 .text.resetd_init
                0x00000000100043fc        0x4 CMakeFiles/midi_leds.dir/home/james/pico-sdk/src/rp2_common/pico_stdio_usb/reset_interface.c.o
 .text.resetd_reset
                0x0000000010004400        0xc CMakeFiles/midi_leds.dir/home/james/pico-sdk/src/rp2_common/pico_stdio_usb/reset_interface.c.o
 .text.resetd_open
                0x000000001000440c       0x28 CMakeFiles/midi_leds.dir/home/james/pico-sdk/src/rp2_common/pico_stdio_usb/reset_interface.c.o
 .text.resetd_xfer_cb
                0x0000000010004434        0x4 CMakeFiles/midi_leds.dir/home/james/pico-sdk/src/rp2_common/pico_stdio_usb/reset_interface.c.o
 .text.resetd_control_xfer_cb
                0x0000000010004438       0x54 CMakeFiles/midi_leds.dir/home/james/pico-sdk/src/rp2_common/pico_stdio_usb/reset_interface.c.o
 .text.tud_descriptor_bos_cb
                0x000000001000448c        0x8 CMakeFiles/midi_leds.dir/home/james/pico-sdk/src/rp2_common/pico_stdio_usb/reset_interface.c.o
                0x000000001000448c                tud_descriptor_bos_cb
 .text.tud_vendor_control_xfer_cb
                0x0000000010004494       0x28 CMakeFiles/midi_leds.dir/home/james/pico-sdk/src/rp2_common/pico_stdio_usb/reset_interface.c.o
                0x0000000010004494                tud_vendor_control_xfer_cb
 .text.usbd_app_driver_get_cb
                0x00000000100044bc       0x10 CMakeFiles/midi_leds.dir/home/james/pico-sdk/src/rp2_common/pico_stdio_usb/reset_interface.c.o
                0x00000000100044bc                usbd_app_driver_get_cb
 .text.tud_cdc_line_coding_cb
                0x00000000100044cc       0x18 CMakeFiles/midi_leds.dir/home/james/pico-sdk/src/rp2_common/pico_stdio_usb/reset_interface.c.o
                0x00000000100044cc                tud_cdc_line_coding_cb
 .text.stdio_usb_set_chars_available_callback
                0x00000000100044e4       0x14 CMakeFiles/midi_leds.dir/home/james/pico-sdk/src/rp2_common/pico_stdio_usb/stdio_usb.c.o
                0x00000000100044e4                stdio_usb_set_chars_available_callback
 .text.timer_task
                0x00000000100044f8       0x70 CMakeFiles/midi_leds.dir/home/james/pico-sdk/src/rp2_common/pico_stdio_usb/stdio_usb.c.o
 .text.usb_irq  0x0000000010004568        0xc CMakeFiles/midi_leds.dir/home/james/pico-sdk/src/rp2_common/pico_stdio_usb/stdio_usb.c.o
 .text.stdio_usb_in_chars
                0x0000000010004574       0x84 CMakeFiles/midi_leds.dir/home/james/pico-sdk/src/rp2_common/pico_stdio_usb/stdio_usb.c.o
                0x0000000010004574                stdio_usb_in_chars
 .text.stdio_usb_out_flush
                0x00000000100045f8       0x4c CMakeFiles/midi_leds.dir/home/james/pico-sdk/src/rp2_common/pico_stdio_usb/stdio_usb.c.o
 .text.stdio_usb_out_chars
                0x0000000010004644       0xf0 CMakeFiles/midi_leds.dir/home/james/pico-sdk/src/rp2_common/pico_stdio_usb/stdio_usb.c.o
 .text.low_priority_worker_irq
                0x0000000010004734       0xc8 CMakeFiles/midi_leds.dir/home/james/pico-sdk/src/rp2_common/pico_stdio_usb/stdio_usb.c.o
 .text.stdio_usb_init
                0x00000000100047fc       0xdc CMakeFiles/midi_leds.dir/home/james/pico-sdk/src/rp2_common/pico_stdio_usb/stdio_usb.c.o
                0x00000000100047fc                stdio_usb_init
 .text.tud_descriptor_device_cb
                0x00000000100048d8        0x8 CMakeFiles/midi_leds.dir/home/james/pico-sdk/src/rp2_common/pico_stdio_usb/stdio_usb_descriptors.c.o
                0x00000000100048d8                tud_descriptor_device_cb
 .text.tud_descriptor_configuration_cb
                0x00000000100048e0        0x8 CMakeFiles/midi_leds.dir/home/james/pico-sdk/src/rp2_common/pico_stdio_usb/stdio_usb_descriptors.c.o
                0x00000000100048e0                tud_descriptor_configuration_cb
 .text.tud_descriptor_string_cb
                0x00000000100048e8       0x78 CMakeFiles/midi_leds.dir/home/james/pico-sdk/src/rp2_common/pico_stdio_usb/stdio_usb_descriptors.c.o
                0x00000000100048e8                tud_descriptor_string_cb
 .text.startup._retrieve_unique_id_on_boot
                0x0000000010004960       0x30 CMakeFiles/midi_leds.dir/home/james/pico-sdk/src/rp2_common/pico_unique_id/unique_id.c.o
 .text.pico_get_unique_board_id_string
                0x0000000010004990      0x180 CMakeFiles/midi_leds.dir/home/james/pico-sdk/src/rp2_common/pico_unique_id/unique_id.c.o
                0x0000000010004990                pico_get_unique_board_id_string
 .text.dcd_init
                0x0000000010004b10       0x94 CMakeFiles/midi_leds.dir/home/james/pico-sdk/lib/tinyusb/src/portable/raspberrypi/rp2040/dcd_rp2040.c.o
                0x0000000010004b10                dcd_init
 .text.dcd_int_enable
                0x0000000010004ba4        0x8 CMakeFiles/midi_leds.dir/home/james/pico-sdk/lib/tinyusb/src/portable/raspberrypi/rp2040/dcd_rp2040.c.o
                0x0000000010004ba4                dcd_int_enable
 .text.dcd_set_address
                0x0000000010004bac       0x10 CMakeFiles/midi_leds.dir/home/james/pico-sdk/lib/tinyusb/src/portable/raspberrypi/rp2040/dcd_rp2040.c.o
                0x0000000010004bac                dcd_set_address
 .text.dcd_sof_enable
                0x0000000010004bbc       0x1c CMakeFiles/midi_leds.dir/home/james/pico-sdk/lib/tinyusb/src/portable/raspberrypi/rp2040/dcd_rp2040.c.o
                0x0000000010004bbc                dcd_sof_enable
 .text.dcd_edpt0_status_complete
                0x0000000010004bd8       0x1c CMakeFiles/midi_leds.dir/home/james/pico-sdk/lib/tinyusb/src/portable/raspberrypi/rp2040/dcd_rp2040.c.o
                0x0000000010004bd8                dcd_edpt0_status_complete
 .text.dcd_edpt_open
                0x0000000010004bf4      0x110 CMakeFiles/midi_leds.dir/home/james/pico-sdk/lib/tinyusb/src/portable/raspberrypi/rp2040/dcd_rp2040.c.o
                0x0000000010004bf4                dcd_edpt_open
 .text.dcd_edpt_close_all
                0x0000000010004d04        0x4 CMakeFiles/midi_leds.dir/home/james/pico-sdk/lib/tinyusb/src/portable/raspberrypi/rp2040/dcd_rp2040.c.o
                0x0000000010004d04                dcd_edpt_close_all
 .text.dcd_edpt_xfer
                0x0000000010004d08       0x28 CMakeFiles/midi_leds.dir/home/james/pico-sdk/lib/tinyusb/src/portable/raspberrypi/rp2040/dcd_rp2040.c.o
                0x0000000010004d08                dcd_edpt_xfer
 .text.dcd_edpt_stall
                0x0000000010004d30       0x30 CMakeFiles/midi_leds.dir/home/james/pico-sdk/lib/tinyusb/src/portable/raspberrypi/rp2040/dcd_rp2040.c.o
                0x0000000010004d30                dcd_edpt_stall
 .text.dcd_edpt_clear_stall
                0x0000000010004d60       0x2c CMakeFiles/midi_leds.dir/home/james/pico-sdk/lib/tinyusb/src/portable/raspberrypi/rp2040/dcd_rp2040.c.o
                0x0000000010004d60                dcd_edpt_clear_stall
 .text.rp2040_usb_init
                0x0000000010004d8c       0x40 CMakeFiles/midi_leds.dir/home/james/pico-sdk/lib/tinyusb/src/portable/raspberrypi/rp2040/rp2040_usb.c.o
                0x0000000010004d8c                rp2040_usb_init
 .text.hw_endpoint_xfer_start
                0x0000000010004dcc       0x4c CMakeFiles/midi_leds.dir/home/james/pico-sdk/lib/tinyusb/src/portable/raspberrypi/rp2040/rp2040_usb.c.o
                0x0000000010004dcc                hw_endpoint_xfer_start
 .text.configuration_reset
                0x0000000010004e18       0x8c CMakeFiles/midi_leds.dir/home/james/pico-sdk/lib/tinyusb/src/device/usbd.c.o
 .text.tud_event_hook_cb
                0x0000000010004ea4        0x4 CMakeFiles/midi_leds.dir/home/james/pico-sdk/lib/tinyusb/src/device/usbd.c.o
                0x0000000010004ea4                tud_event_hook_cb
 .text.tud_sof_cb
                0x0000000010004ea8        0x4 CMakeFiles/midi_leds.dir/home/james/pico-sdk/lib/tinyusb/src/device/usbd.c.o
                0x0000000010004ea8                tud_sof_cb
 .text.tud_descriptor_device_qualifier_cb
                0x0000000010004eac        0x4 CMakeFiles/midi_leds.dir/home/james/pico-sdk/lib/tinyusb/src/device/usbd.c.o
                0x0000000010004eac                tud_descriptor_device_qualifier_cb
 .text.tud_descriptor_other_speed_configuration_cb
                0x0000000010004eb0        0x4 CMakeFiles/midi_leds.dir/home/james/pico-sdk/lib/tinyusb/src/device/usbd.c.o
                0x0000000010004eb0                tud_descriptor_other_speed_configuration_cb
 .text.tud_mount_cb
                0x0000000010004eb4        0x4 CMakeFiles/midi_leds.dir/home/james/pico-sdk/lib/tinyusb/src/device/usbd.c.o
                0x0000000010004eb4                tud_mount_cb
 .text.tud_umount_cb
                0x0000000010004eb8        0x4 CMakeFiles/midi_leds.dir/home/james/pico-sdk/lib/tinyusb/src/device/usbd.c.o
                0x0000000010004eb8                tud_umount_cb
 .text.tud_suspend_cb
                0x0000000010004ebc        0x4 CMakeFiles/midi_leds.dir/home/james/pico-sdk/lib/tinyusb/src/device/usbd.c.o
                0x0000000010004ebc                tud_suspend_cb
 .text.tud_resume_cb
                0x0000000010004ec0        0x4 CMakeFiles/midi_leds.dir/home/james/pico-sdk/lib/tinyusb/src/device/usbd.c.o
                0x0000000010004ec0                tud_resume_cb
 .text.tud_mounted
                0x0000000010004ec4       0x10 CMakeFiles/midi_leds.dir/home/james/pico-sdk/lib/tinyusb/src/device/usbd.c.o
                0x0000000010004ec4                tud_mounted
 .text.tud_suspended
                0x0000000010004ed4       0x10 CMakeFiles/midi_leds.dir/home/james/pico-sdk/lib/tinyusb/src/device/usbd.c.o
                0x0000000010004ed4                tud_suspended
 .text.tud_rhport_init
                0x0000000010004ee4      0x110 CMakeFiles/midi_leds.dir/home/james/pico-sdk/lib/tinyusb/src/device/usbd.c.o
                0x0000000010004ee4                tud_rhport_init
 .text.tud_task_ext
                0x0000000010004ff4      0x7a4 CMakeFiles/midi_leds.dir/home/james/pico-sdk/lib/tinyusb/src/device/usbd.c.o
                0x0000000010004ff4                tud_task_ext
 .text.usbd_open_edpt_pair
                0x0000000010005798       0x9c CMakeFiles/midi_leds.dir/home/james/pico-sdk/lib/tinyusb/src/device/usbd.c.o
                0x0000000010005798                usbd_open_edpt_pair
 .text.usbd_edpt_open
                0x0000000010005834       0x44 CMakeFiles/midi_leds.dir/home/james/pico-sdk/lib/tinyusb/src/device/usbd.c.o
                0x0000000010005834                usbd_edpt_open
 .text.usbd_edpt_claim
                0x0000000010005878       0x24 CMakeFiles/midi_leds.dir/home/james/pico-sdk/lib/tinyusb/src/device/usbd.c.o
                0x0000000010005878                usbd_edpt_claim
 .text.usbd_edpt_release
                0x000000001000589c       0x24 CMakeFiles/midi_leds.dir/home/james/pico-sdk/lib/tinyusb/src/device/usbd.c.o
                0x000000001000589c                usbd_edpt_release
 .text.usbd_edpt_xfer
                0x00000000100058c0       0x70 CMakeFiles/midi_leds.dir/home/james/pico-sdk/lib/tinyusb/src/device/usbd.c.o
                0x00000000100058c0                usbd_edpt_xfer
 .text.tud_control_status
                0x0000000010005930       0x34 CMakeFiles/midi_leds.dir/home/james/pico-sdk/lib/tinyusb/src/device/usbd_control.c.o
                0x0000000010005930                tud_control_status
 .text.tud_control_xfer
                0x0000000010005964       0xcc CMakeFiles/midi_leds.dir/home/james/pico-sdk/lib/tinyusb/src/device/usbd_control.c.o
                0x0000000010005964                tud_control_xfer
 .text.usbd_control_reset
                0x0000000010005a30       0x14 CMakeFiles/midi_leds.dir/home/james/pico-sdk/lib/tinyusb/src/device/usbd_control.c.o
                0x0000000010005a30                usbd_control_reset
 .text.usbd_control_set_complete_callback
                0x0000000010005a44        0xc CMakeFiles/midi_leds.dir/home/james/pico-sdk/lib/tinyusb/src/device/usbd_control.c.o
                0x0000000010005a44                usbd_control_set_complete_callback
 .text.usbd_control_set_request
                0x0000000010005a50       0x1c CMakeFiles/midi_leds.dir/home/james/pico-sdk/lib/tinyusb/src/device/usbd_control.c.o
                0x0000000010005a50                usbd_control_set_request
 .text.usbd_control_xfer_cb
                0x0000000010005a6c      0x110 CMakeFiles/midi_leds.dir/home/james/pico-sdk/lib/tinyusb/src/device/usbd_control.c.o
                0x0000000010005a6c                usbd_control_xfer_cb
 .text._prep_out_transaction.isra.0
                0x0000000010005b7c       0x78 CMakeFiles/midi_leds.dir/home/james/pico-sdk/lib/tinyusb/src/class/cdc/cdc_device.c.o
 .text.tud_cdc_n_connected
                0x0000000010005bf4       0x2c CMakeFiles/midi_leds.dir/home/james/pico-sdk/lib/tinyusb/src/class/cdc/cdc_device.c.o
                0x0000000010005bf4                tud_cdc_n_connected
 .text.tud_cdc_n_available
                0x0000000010005c20       0x18 CMakeFiles/midi_leds.dir/home/james/pico-sdk/lib/tinyusb/src/class/cdc/cdc_device.c.o
                0x0000000010005c20                tud_cdc_n_available
 .text.tud_cdc_n_read
                0x0000000010005c38       0x90 CMakeFiles/midi_leds.dir/home/james/pico-sdk/lib/tinyusb/src/class/cdc/cdc_device.c.o
                0x0000000010005c38                tud_cdc_n_read
 .text.tud_cdc_n_write_flush
                0x0000000010005cc8       0x88 CMakeFiles/midi_leds.dir/home/james/pico-sdk/lib/tinyusb/src/class/cdc/cdc_device.c.o
                0x0000000010005cc8                tud_cdc_n_write_flush
 .text.tud_cdc_n_write
                0x0000000010005d50       0x48 CMakeFiles/midi_leds.dir/home/james/pico-sdk/lib/tinyusb/src/class/cdc/cdc_device.c.o
                0x0000000010005d50                tud_cdc_n_write
 .text.tud_cdc_n_write_available
                0x0000000010005d98       0x18 CMakeFiles/midi_leds.dir/home/james/pico-sdk/lib/tinyusb/src/class/cdc/cdc_device.c.o
                0x0000000010005d98                tud_cdc_n_write_available
 .text.cdcd_init
                0x0000000010005db0       0x70 CMakeFiles/midi_leds.dir/home/james/pico-sdk/lib/tinyusb/src/class/cdc/cdc_device.c.o
                0x0000000010005db0                cdcd_init
 .text.cdcd_deinit
                0x0000000010005e20       0x20 CMakeFiles/midi_leds.dir/home/james/pico-sdk/lib/tinyusb/src/class/cdc/cdc_device.c.o
                0x0000000010005e20                cdcd_deinit
 .text.cdcd_reset
                0x0000000010005e40       0x4c CMakeFiles/midi_leds.dir/home/james/pico-sdk/lib/tinyusb/src/class/cdc/cdc_device.c.o
                0x0000000010005e40                cdcd_reset
 .text.cdcd_open
                0x0000000010005e8c       0xbc CMakeFiles/midi_leds.dir/home/james/pico-sdk/lib/tinyusb/src/class/cdc/cdc_device.c.o
                0x0000000010005e8c                cdcd_open
 .text.cdcd_control_xfer_cb
                0x0000000010005f48       0xc8 CMakeFiles/midi_leds.dir/home/james/pico-sdk/lib/tinyusb/src/class/cdc/cdc_device.c.o
                0x0000000010005f48                cdcd_control_xfer_cb
 .text.cdcd_xfer_cb
                0x0000000010006010      0x100 CMakeFiles/midi_leds.dir/home/james/pico-sdk/lib/tinyusb/src/class/cdc/cdc_device.c.o
                0x0000000010006010                cdcd_xfer_cb
 .text.vendord_init
                0x0000000010006110       0x5c CMakeFiles/midi_leds.dir/home/james/pico-sdk/lib/tinyusb/src/class/vendor/vendor_device.c.o
                0x0000000010006110                vendord_init
 .text.vendord_deinit
                0x000000001000616c       0x1c CMakeFiles/midi_leds.dir/home/james/pico-sdk/lib/tinyusb/src/class/vendor/vendor_device.c.o
                0x000000001000616c                vendord_deinit
 .text.vendord_reset
                0x0000000010006188       0x24 CMakeFiles/midi_leds.dir/home/james/pico-sdk/lib/tinyusb/src/class/vendor/vendor_device.c.o
                0x0000000010006188                vendord_reset
 .text.vendord_open
                0x00000000100061ac       0xfc CMakeFiles/midi_leds.dir/home/james/pico-sdk/lib/tinyusb/src/class/vendor/vendor_device.c.o
                0x00000000100061ac                vendord_open
 .text.vendord_xfer_cb
                0x00000000100062a8       0x8c CMakeFiles/midi_leds.dir/home/james/pico-sdk/lib/tinyusb/src/class/vendor/vendor_device.c.o
                0x00000000100062a8                vendord_xfer_cb
 .text.tusb_rhport_init
                0x0000000010006334       0x74 CMakeFiles/midi_leds.dir/home/james/pico-sdk/lib/tinyusb/src/tusb.c.o
                0x0000000010006334                tusb_rhport_init
 .text.tu_edpt_claim
                0x00000000100063a8       0x54 CMakeFiles/midi_leds.dir/home/james/pico-sdk/lib/tinyusb/src/tusb.c.o
                0x00000000100063a8                tu_edpt_claim
 .text.tu_edpt_release
                0x00000000100063fc       0x38 CMakeFiles/midi_leds.dir/home/james/pico-sdk/lib/tinyusb/src/tusb.c.o
                0x00000000100063fc                tu_edpt_release
 .text.tu_edpt_validate
                0x0000000010006434       0x68 CMakeFiles/midi_leds.dir/home/james/pico-sdk/lib/tinyusb/src/tusb.c.o
                0x0000000010006434                tu_edpt_validate
 .text.tu_edpt_bind_driver
                0x000000001000649c       0x58 CMakeFiles/midi_leds.dir/home/james/pico-sdk/lib/tinyusb/src/tusb.c.o
                0x000000001000649c                tu_edpt_bind_driver
 .text.tu_edpt_stream_init
                0x00000000100064f4       0x58 CMakeFiles/midi_leds.dir/home/james/pico-sdk/lib/tinyusb/src/tusb.c.o
                0x00000000100064f4                tu_edpt_stream_init
 .text.tu_edpt_stream_deinit
                0x000000001000654c        0x4 CMakeFiles/midi_leds.dir/home/james/pico-sdk/lib/tinyusb/src/tusb.c.o
                0x000000001000654c                tu_edpt_stream_deinit
 .text.tu_edpt_stream_write_zlp_if_needed
                0x0000000010006550       0x68 CMakeFiles/midi_leds.dir/home/james/pico-sdk/lib/tinyusb/src/tusb.c.o
                0x0000000010006550                tu_edpt_stream_write_zlp_if_needed
 .text.tu_edpt_stream_write_xfer
                0x00000000100065b8       0x74 CMakeFiles/midi_leds.dir/home/james/pico-sdk/lib/tinyusb/src/tusb.c.o
                0x00000000100065b8                tu_edpt_stream_write_xfer
 .text.tu_edpt_stream_read_xfer
                0x000000001000662c       0xd4 CMakeFiles/midi_leds.dir/home/james/pico-sdk/lib/tinyusb/src/tusb.c.o
                0x000000001000662c                tu_edpt_stream_read_xfer
 .text.tu_fifo_config
                0x0000000010006700       0x64 CMakeFiles/midi_leds.dir/home/james/pico-sdk/lib/tinyusb/src/common/tusb_fifo.c.o
                0x0000000010006700                tu_fifo_config
 .text.tu_fifo_count
                0x0000000010006764       0x20 CMakeFiles/midi_leds.dir/home/james/pico-sdk/lib/tinyusb/src/common/tusb_fifo.c.o
                0x0000000010006764                tu_fifo_count
 .text.tu_fifo_empty
                0x0000000010006784       0x14 CMakeFiles/midi_leds.dir/home/james/pico-sdk/lib/tinyusb/src/common/tusb_fifo.c.o
                0x0000000010006784                tu_fifo_empty
 .text.tu_fifo_remaining
                0x0000000010006798       0x24 CMakeFiles/midi_leds.dir/home/james/pico-sdk/lib/tinyusb/src/common/tusb_fifo.c.o
                0x0000000010006798                tu_fifo_remaining
 .text.tu_fifo_read
                0x00000000100067bc       0x94 CMakeFiles/midi_leds.dir/home/james/pico-sdk/lib/tinyusb/src/common/tusb_fifo.c.o
                0x00000000100067bc                tu_fifo_read
 .text.tu_fifo_read_n
                0x0000000010006850       0xd4 CMakeFiles/midi_leds.dir/home/james/pico-sdk/lib/tinyusb/src/common/tusb_fifo.c.o
                0x0000000010006850                tu_fifo_read_n
 .text.tu_fifo_write
                0x0000000010006924       0x84 CMakeFiles/midi_leds.dir/home/james/pico-sdk/lib/tinyusb/src/common/tusb_fifo.c.o
                0x0000000010006924                tu_fifo_write
 .text.tu_fifo_write_n
                0x00000000100069a8      0x15c CMakeFiles/midi_leds.dir/home/james/pico-sdk/lib/tinyusb/src/common/tusb_fifo.c.o
                0x00000000100069a8                tu_fifo_write_n
 .text.tu_fifo_clear
                0x0000000010006b04       0x38 CMakeFiles/midi_leds.dir/home/james/pico-sdk/lib/tinyusb/src/common/tusb_fifo.c.o
                0x0000000010006b04                tu_fifo_clear
 .text.tu_fifo_set_overwritable
                0x0000000010006b3c       0x3c CMakeFiles/midi_leds.dir/home/james/pico-sdk/lib/tinyusb/src/common/tusb_fifo.c.o
                0x0000000010006b3c                tu_fifo_set_overwritable
 .text.pio_add_program
                0x0000000010006b78      0x108 CMakeFiles/midi_leds.dir/home/james/pico-sdk/src/rp2_common/hardware_pio/pio.c.o
                0x0000000010006b78                pio_add_program
 .text.pio_sm_set_consecutive_pindirs
                0x0000000010006c80       0x90 CMakeFiles/midi_leds.dir/home/james/pico-sdk/src/rp2_common/hardware_pio/pio.c.o
                0x0000000010006c80                pio_sm_set_consecutive_pindirs
 .text.pio_sm_init
                0x0000000010006d10       0xa8 CMakeFiles/midi_leds.dir/home/james/pico-sdk/src/rp2_common/hardware_pio/pio.c.o
                0x0000000010006d10                pio_sm_init
 .text.dma_claim_unused_channel
                0x0000000010006db8       0x20 CMakeFiles/midi_leds.dir/home/james/pico-sdk/src/rp2_common/hardware_dma/dma.c.o
                0x0000000010006db8                dma_claim_unused_channel
 .text          0x0000000010006dd8       0xec /usr/lib/gcc/arm-none-eabi/10.3.1/../../../arm-none-eabi/lib/thumb/v8-m.main+fp/softfp/libg.a(lib_a-memcpy.o)
                0x0000000010006dd8                memcpy
 .text          0x0000000010006ec4       0xa4 /usr/lib/gcc/arm-none-eabi/10.3.1/../../../arm-none-eabi/lib/thumb/v8-m.main+fp/softfp/libg.a(lib_a-memset.o)
                0x0000000010006ec4                memset
 .text          0x0000000010006f68       0x5c /usr/lib/gcc/arm-none-eabi/10.3.1/../../../arm-none-eabi/lib/thumb/v8-m.main+fp/softfp/libg.a(lib_a-strlen-stub.o)
                0x0000000010006f68                strlen
 *(.fini)
 .fini          0x0000000010006fc4        0x4 /usr/lib/gcc/arm-none-eabi/10.3.1/thumb/v8-m.main+fp/softfp/crti.o
                0x0000000010006fc4                _fini
 .fini.__stub   0x0000000010006fc8       0x58 linker stubs
 *crtbegin.o(.ctors)
 *crtbegin?.o(.ctors)
 *(EXCLUDE_FILE(*crtend.o *crtend?.o) .ctors)
 *(SORT_BY_NAME(.ctors.*))
 *(.ctors)
 *crtbegin.o(.dtors)
 *crtbegin?.o(.dtors)
 *(EXCLUDE_FILE(*crtend.o *crtend?.o) .dtors)
 *(SORT_BY_NAME(.dtors.*))
 *(.dtors)
                0x0000000010007020                . = ALIGN (0x4)
                0x0000000010007020                PROVIDE (__preinit_array_start = .)
 *(SORT_BY_NAME(.preinit_array.*))
 .preinit_array.00050
                0x0000000010007020        0x4 CMakeFiles/midi_leds.dir/home/james/pico-sdk/src/rp2_common/pico_runtime_init/runtime_init.c.o
                0x0000000010007020                __pre_init_runtime_init_bootrom_reset
 .preinit_array.00100
                0x0000000010007024        0x4 CMakeFiles/midi_leds.dir/home/james/pico-sdk/src/rp2_common/pico_runtime_init/runtime_init.c.o
                0x0000000010007024                __pre_init_runtime_init_early_resets
 .preinit_array.00101
                0x0000000010007028        0x4 CMakeFiles/midi_leds.dir/home/james/pico-sdk/src/rp2_common/pico_runtime_init/runtime_init.c.o
                0x0000000010007028                __pre_init_runtime_init_usb_power_down
 .preinit_array.00500
                0x000000001000702c        0x4 CMakeFiles/midi_leds.dir/home/james/pico-sdk/src/rp2_common/pico_runtime_init/runtime_init.c.o
                0x000000001000702c                __pre_init_runtime_init_clocks
 .preinit_array.00600
                0x0000000010007030        0x4 CMakeFiles/midi_leds.dir/home/james/pico-sdk/src/rp2_common/pico_runtime_init/runtime_init.c.o
                0x0000000010007030                __pre_init_runtime_init_post_clock_resets
 .preinit_array.01000
                0x0000000010007034        0x4 CMakeFiles/midi_leds.dir/home/james/pico-sdk/src/rp2_common/hardware_boot_lock/boot_lock.c.o
                0x0000000010007034                __pre_init_runtime_init_boot_locks_reset
 .preinit_array.01000
                0x0000000010007038        0x4 CMakeFiles/midi_leds.dir/home/james/pico-sdk/src/rp2_common/pico_runtime_init/runtime_init.c.o
                0x0000000010007038                __pre_init_runtime_init_spin_locks_reset
 .preinit_array.01010
                0x000000001000703c        0x4 CMakeFiles/midi_leds.dir/home/james/pico-sdk/src/rp2_common/pico_bootrom/bootrom_lock.c.o
                0x000000001000703c                __pre_init_runtime_init_bootrom_locking_enable
 .preinit_array.01100
                0x0000000010007040        0x4 CMakeFiles/midi_leds.dir/home/james/pico-sdk/src/common/pico_sync/mutex.c.o
                0x0000000010007040                __pre_init_runtime_init_mutex
 .preinit_array.10080
                0x0000000010007044        0x4 CMakeFiles/midi_leds.dir/home/james/pico-sdk/src/rp2_common/pico_runtime_init/runtime_init.c.o
                0x0000000010007044                __pre_init_runtime_init_install_ram_vector_table
 .preinit_array.11000
                0x0000000010007048        0x4 CMakeFiles/midi_leds.dir/home/james/pico-sdk/src/common/pico_time/time.c.o
                0x0000000010007048                __pre_init_runtime_init_default_alarm_pool
 .preinit_array.YYYYY
                0x000000001000704c        0x4 CMakeFiles/midi_leds.dir/home/james/pico-sdk/src/rp2_common/pico_runtime/runtime.c.o
                0x000000001000704c                __pre_init_first_per_core_initializer
 .preinit_array.ZZZZZ.00051
                0x0000000010007050        0x4 CMakeFiles/midi_leds.dir/home/james/pico-sdk/src/rp2_common/pico_runtime_init/runtime_init.c.o
                0x0000000010007050                __pre_init_runtime_init_per_core_bootrom_reset
 .preinit_array.ZZZZZ.00200
                0x0000000010007054        0x4 CMakeFiles/midi_leds.dir/home/james/pico-sdk/src/rp2_common/pico_runtime_init/runtime_init.c.o
                0x0000000010007054                __pre_init_runtime_init_per_core_enable_coprocessors
 .preinit_array.ZZZZZ.01000
                0x0000000010007058        0x4 CMakeFiles/midi_leds.dir/home/james/pico-sdk/src/rp2_common/hardware_sync_spin_lock/sync_spin_lock.c.o
                0x0000000010007058                __pre_init_spinlock_set_extexclall
 .preinit_array.ZZZZZ.01200
                0x000000001000705c        0x4 CMakeFiles/midi_leds.dir/home/james/pico-sdk/src/rp2_common/hardware_irq/irq.c.o
                0x000000001000705c                __pre_init_runtime_init_per_core_irq_priorities
 *(.preinit_array)
                0x0000000010007060                PROVIDE (__preinit_array_end = .)
                0x0000000010007060                . = ALIGN (0x4)
                0x0000000010007060                PROVIDE (__init_array_start = .)
 *(SORT_BY_NAME(.init_array.*))
 .init_array.01000
                0x0000000010007060        0x4 CMakeFiles/midi_leds.dir/home/james/pico-sdk/src/rp2_common/pico_unique_id/unique_id.c.o
 *(.init_array)
 .init_array    0x0000000010007064        0x4 /usr/lib/gcc/arm-none-eabi/10.3.1/thumb/v8-m.main+fp/softfp/crtbegin.o
                0x0000000010007068                PROVIDE (__init_array_end = .)
                0x0000000010007068                . = ALIGN (0x4)
                0x0000000010007068                PROVIDE (__fini_array_start = .)
 *(SORT_BY_NAME(.fini_array.*))
 *(.fini_array)
                0x0000000010007068                PROVIDE (__fini_array_end = .)
 *(.eh_frame*)
 .eh_frame      0x0000000010007068        0x0 /usr/lib/gcc/arm-none-eabi/10.3.1/thumb/v8-m.main+fp/softfp/crtbegin.o
                0x0000000010007068                . = ALIGN (0x4)

.glue_7         0x0000000010007068        0x0
 .glue_7        0x0000000010007068        0x0 linker stubs

.glue_7t        0x0000000010007068        0x0
 .glue_7t       0x0000000010007068        0x0 linker stubs

.vfp11_veneer   0x0000000010007068        0x0
 .vfp11_veneer  0x0000000010007068        0x0 linker stubs

.v4_bx          0x0000000010007068        0x0
 .v4_bx         0x0000000010007068        0x0 linker stubs

.iplt           0x0000000010007068        0x0
 .iplt          0x0000000010007068        0x0 /usr/lib/gcc/arm-none-eabi/10.3.1/thumb/v8-m.main+fp/softfp/crtbegin.o

.boot2          0x0000000010007068        0x0
                0x0000000010007068                __boot2_start__ = .
 *(.boot2)
                0x0000000010007068                __boot2_end__ = .
                0x0000000000000001                ASSERT (((__boot2_end__ - __boot2_start__) <= 0x100), ERROR: Pico second stage bootloader must be no more than 256 bytes in size)

.rodata         0x0000000010007068      0x560
 *(EXCLUDE_FILE(*libm.a: *libc.a:*lib_a-mem*.o *libgcc.a:) .rodata*)
 .rodata._Z8onNoteOnhhh.str1.4
                0x0000000010007068       0x2e CMakeFiles/midi_leds.dir/main.cpp.o
 *fill*         0x0000000010007096        0x2 
 .rodata.main.str1.4
                0x0000000010007098       0x2a CMakeFiles/midi_leds.dir/main.cpp.o
 *fill*         0x00000000100070c2        0x2 
 .rodata        0x00000000100070c4       0x10 CMakeFiles/midi_leds.dir/leds.cpp.o
 .rodata._ZL14ws2812_program
                0x00000000100070d4        0x8 CMakeFiles/midi_leds.dir/leds.cpp.o
 .rodata._ZL27ws2812_program_instructions
                0x00000000100070dc        0x8 CMakeFiles/midi_leds.dir/leds.cpp.o
 .rodata._Z9midi_pollv.str1.4
                0x00000000100070e4       0x4e CMakeFiles/midi_leds.dir/midi.cpp.o
 *fill*         0x0000000010007132        0x2 
 .rodata._Z15recomputeLayoutv.part.0.str1.4
                0x0000000010007134       0x45 CMakeFiles/midi_leds.dir/layout.cpp.o
 *fill*         0x0000000010007179        0x3 
 .rodata._Z11layout_initv.str1.4
                0x000000001000717c        0xe CMakeFiles/midi_leds.dir/layout.cpp.o
 *fill*         0x000000001000718a        0x2 
 .rodata        0x000000001000718c       0x10 CMakeFiles/midi_leds.dir/layout.cpp.o
 .rodata._ZL14CHANNEL_COLORS
                0x000000001000719c       0x40 CMakeFiles/midi_leds.dir/layout.cpp.o
 .rodata.panic.str1.4
                0x00000000100071dc       0x10 CMakeFiles/midi_leds.dir/home/james/pico-sdk/src/rp2_common/pico_platform_panic/panic.c.o
                                         0x12 (size before relaxing)
 .rodata.spin_lock_claim_unused.str1.4
                0x00000000100071ec       0x1b CMakeFiles/midi_leds.dir/home/james/pico-sdk/src/rp2_common/hardware_sync/sync.c.o
 *fill*         0x0000000010007207        0x1 
 .rodata.user_irq_claim_unused.str1.4
                0x0000000010007208       0x1b CMakeFiles/midi_leds.dir/home/james/pico-sdk/src/rp2_common/hardware_irq/irq.c.o
 *fill*         0x0000000010007223        0x1 
 .rodata.timer_hardware_alarm_claim.str1.4
                0x0000000010007224       0x22 CMakeFiles/midi_leds.dir/home/james/pico-sdk/src/rp2_common/hardware_timer/timer.c.o
 *fill*         0x0000000010007246        0x2 
 .rodata.hard_assertion_failure.str1.4
                0x0000000010007248        0xc CMakeFiles/midi_leds.dir/home/james/pico-sdk/src/rp2_common/pico_runtime/runtime.c.o
 .rodata.str1.4
                0x0000000010007254       0x40 CMakeFiles/midi_leds.dir/home/james/pico-sdk/src/rp2_common/pico_standard_binary_info/standard_binary_info.c.o
 .rodata.__bi_26
                0x0000000010007294        0xc CMakeFiles/midi_leds.dir/home/james/pico-sdk/src/rp2_common/pico_standard_binary_info/standard_binary_info.c.o
 .rodata.__bi_34
                0x00000000100072a0        0xc CMakeFiles/midi_leds.dir/home/james/pico-sdk/src/rp2_common/pico_standard_binary_info/standard_binary_info.c.o
 .rodata.__bi_42
                0x00000000100072ac        0xc CMakeFiles/midi_leds.dir/home/james/pico-sdk/src/rp2_common/pico_standard_binary_info/standard_binary_info.c.o
 .rodata.__bi_48
                0x00000000100072b8        0xc CMakeFiles/midi_leds.dir/home/james/pico-sdk/src/rp2_common/pico_standard_binary_info/standard_binary_info.c.o
 .rodata.__bi_54
                0x00000000100072c4        0xc CMakeFiles/midi_leds.dir/home/james/pico-sdk/src/rp2_common/pico_standard_binary_info/standard_binary_info.c.o
 .rodata.__bi_78
                0x00000000100072d0        0xc CMakeFiles/midi_leds.dir/home/james/pico-sdk/src/rp2_common/pico_standard_binary_info/standard_binary_info.c.o
 .rodata.__bi_84
                0x00000000100072dc        0xc CMakeFiles/midi_leds.dir/home/james/pico-sdk/src/rp2_common/pico_standard_binary_info/standard_binary_info.c.o
 .rodata._ftoa.str1.4
                0x00000000100072e8       0x15 CMakeFiles/midi_leds.dir/home/james/pico-sdk/src/rp2_common/pico_printf/printf.c.o
 *fill*         0x00000000100072fd        0x3 
 .rodata.pow10.0
                0x0000000010007300       0x50 CMakeFiles/midi_leds.dir/home/james/pico-sdk/src/rp2_common/pico_printf/printf.c.o
 .rodata.crlf_str.0
                0x0000000010007350        0x2 CMakeFiles/midi_leds.dir/home/james/pico-sdk/src/rp2_common/pico_stdio/stdio.c.o
 *fill*         0x0000000010007352        0x2 
 .rodata._resetd_driver
                0x0000000010007354       0x20 CMakeFiles/midi_leds.dir/home/james/pico-sdk/src/rp2_common/pico_stdio_usb/reset_interface.c.o
 .rodata.desc_bos
                0x0000000010007374       0x21 CMakeFiles/midi_leds.dir/home/james/pico-sdk/src/rp2_common/pico_stdio_usb/reset_interface.c.o
                0x0000000010007374                desc_bos
 *fill*         0x0000000010007395        0x3 
 .rodata.desc_ms_os_20
                0x0000000010007398       0xa6 CMakeFiles/midi_leds.dir/home/james/pico-sdk/src/rp2_common/pico_stdio_usb/reset_interface.c.o
 *fill*         0x000000001000743e        0x2 
 .rodata.str1.4
                0x0000000010007440       0x13 CMakeFiles/midi_leds.dir/home/james/pico-sdk/src/rp2_common/pico_stdio_usb/stdio_usb.c.o
 *fill*         0x0000000010007453        0x1 
 .rodata.__bi_202.0
                0x0000000010007454        0xc CMakeFiles/midi_leds.dir/home/james/pico-sdk/src/rp2_common/pico_stdio_usb/stdio_usb.c.o
 .rodata.str1.4
                0x0000000010007460       0x2a CMakeFiles/midi_leds.dir/home/james/pico-sdk/src/rp2_common/pico_stdio_usb/stdio_usb_descriptors.c.o
 *fill*         0x000000001000748a        0x2 
 .rodata.usbd_desc_cfg
                0x000000001000748c       0x54 CMakeFiles/midi_leds.dir/home/james/pico-sdk/src/rp2_common/pico_stdio_usb/stdio_usb_descriptors.c.o
 .rodata.usbd_desc_device
                0x00000000100074e0       0x12 CMakeFiles/midi_leds.dir/home/james/pico-sdk/src/rp2_common/pico_stdio_usb/stdio_usb_descriptors.c.o
 *fill*         0x00000000100074f2        0x2 
 .rodata.usbd_desc_str
                0x00000000100074f4       0x18 CMakeFiles/midi_leds.dir/home/james/pico-sdk/src/rp2_common/pico_stdio_usb/stdio_usb_descriptors.c.o
 .rodata.str1.4
                0x000000001000750c       0x14 CMakeFiles/midi_leds.dir/home/james/pico-sdk/lib/tinyusb/src/portable/raspberrypi/rp2040/dcd_rp2040.c.o
 .rodata.str1.4
                0x0000000010007520       0x48 CMakeFiles/midi_leds.dir/home/james/pico-sdk/lib/tinyusb/src/portable/raspberrypi/rp2040/rp2040_usb.c.o
 .rodata._usbd_driver
                0x0000000010007568       0x40 CMakeFiles/midi_leds.dir/home/james/pico-sdk/lib/tinyusb/src/device/usbd.c.o
 .rodata.dma_claim_unused_channel.str1.4
                0x00000000100075a8       0x1e CMakeFiles/midi_leds.dir/home/james/pico-sdk/src/rp2_common/hardware_dma/dma.c.o
 *(.srodata*)
                0x00000000100075c8                . = ALIGN (0x4)
 *fill*         0x00000000100075c6        0x2 
 *(SORT_BY_ALIGNMENT(SORT_BY_NAME(.flashdata*)))
                0x00000000100075c8                . = ALIGN (0x4)

.ARM.extab
 *(.ARM.extab* .gnu.linkonce.armextab.*)
                0x00000000100075c8                __exidx_start = .

.ARM.exidx      0x00000000100075c8        0x8
 *(.ARM.exidx* .gnu.linkonce.armexidx.*)
 .ARM.exidx     0x00000000100075c8        0x8 /usr/lib/gcc/arm-none-eabi/10.3.1/thumb/v8-m.main+fp/softfp/libgcc.a(_udivmoddi4.o)
                0x00000000100075d0                __exidx_end = .
                0x00000000100075d0                . = ALIGN (0x4)
                0x00000000100075d0                __binary_info_start = .

.binary_info    0x00000000100075d0       0x20
 *(.binary_info.keep.*)
 .binary_info.keep.__bi_ptr26
                0x00000000100075d0        0x4 CMakeFiles/midi_leds.dir/home/james/pico-sdk/src/rp2_common/pico_standard_binary_info/standard_binary_info.c.o
 .binary_info.keep.__bi_ptr34
                0x00000000100075d4        0x4 CMakeFiles/midi_leds.dir/home/james/pico-sdk/src/rp2_common/pico_standard_binary_info/standard_binary_info.c.o
 .binary_info.keep.__bi_ptr42
                0x00000000100075d8        0x4 CMakeFiles/midi_leds.dir/home/james/pico-sdk/src/rp2_common/pico_standard_binary_info/standard_binary_info.c.o
 .binary_info.keep.__bi_ptr48
                0x00000000100075dc        0x4 CMakeFiles/midi_leds.dir/home/james/pico-sdk/src/rp2_common/pico_standard_binary_info/standard_binary_info.c.o
 .binary_info.keep.__bi_ptr54
                0x00000000100075e0        0x4 CMakeFiles/midi_leds.dir/home/james/pico-sdk/src/rp2_common/pico_standard_binary_info/standard_binary_info.c.o
 .binary_info.keep.__bi_ptr78
                0x00000000100075e4        0x4 CMakeFiles/midi_leds.dir/home/james/pico-sdk/src/rp2_common/pico_standard_binary_info/standard_binary_info.c.o
 .binary_info.keep.__bi_ptr84
                0x00000000100075e8        0x4 CMakeFiles/midi_leds.dir/home/james/pico-sdk/src/rp2_common/pico_standard_binary_info/standard_binary_info.c.o
 *(.binary_info.*)
 .binary_info.__bi_ptr202
                0x00000000100075ec        0x4 CMakeFiles/midi_leds.dir/home/james/pico-sdk/src/rp2_common/pico_stdio_usb/stdio_usb.c.o
                0x00000000100075f0                __binary_info_end = .
                0x00000000100075f0                . = ALIGN (0x4)

.ram_vector_table
                0x0000000020000000      0x110
 *(.ram_vector_table)
 .ram_vector_table
                0x0000000020000000      0x110 CMakeFiles/midi_leds.dir/home/james/pico-sdk/src/rp2_common/pico_runtime_init/runtime_init.c.o
                0x0000000020000000                ram_vector_table

.uninitialized_data
                0x0000000020000110        0x0
                0x0000000020000110                . = ALIGN (0x4)
 *(.uninitialized_data*)

.data           0x0000000020000110     0x108c load address 0x00000000100075f0
                0x0000000020000110                __data_start__ = .
 *(vtable)
 *(.time_critical*)
 .time_critical.mutex_try_enter
                0x0000000020000110       0x54 CMakeFiles/midi_leds.dir/home/james/pico-sdk/src/common/pico_sync/mutex.c.o
                0x0000000020000110                mutex_try_enter
 .time_critical.mutex_enter_block_until
                0x0000000020000164       0x6c CMakeFiles/midi_leds.dir/home/james/pico-sdk/src/common/pico_sync/mutex.c.o
                0x0000000020000164                mutex_enter_block_until
 .time_critical.mutex_try_enter_block_until
                0x00000000200001d0       0x6c CMakeFiles/midi_leds.dir/home/james/pico-sdk/src/common/pico_sync/mutex.c.o
                0x00000000200001d0                mutex_try_enter_block_until
 .time_critical.mutex_enter_timeout_ms
                0x000000002000023c       0x2c CMakeFiles/midi_leds.dir/home/james/pico-sdk/src/common/pico_sync/mutex.c.o
                0x000000002000023c                mutex_enter_timeout_ms
 .time_critical.mutex_exit
                0x0000000020000268       0x3c CMakeFiles/midi_leds.dir/home/james/pico-sdk/src/common/pico_sync/mutex.c.o
                0x0000000020000268                mutex_exit
 .time_critical.reset_non_control_endpoints
                0x00000000200002a4       0x64 CMakeFiles/midi_leds.dir/home/james/pico-sdk/lib/tinyusb/src/portable/raspberrypi/rp2040/dcd_rp2040.c.o
 .time_critical.hw_handle_buff_status
                0x0000000020000308       0xa0 CMakeFiles/midi_leds.dir/home/james/pico-sdk/lib/tinyusb/src/portable/raspberrypi/rp2040/dcd_rp2040.c.o
 .time_critical.dcd_rp2040_irq
                0x00000000200003a8      0x4f8 CMakeFiles/midi_leds.dir/home/james/pico-sdk/lib/tinyusb/src/portable/raspberrypi/rp2040/dcd_rp2040.c.o
 .time_critical.prepare_ep_buffer
                0x00000000200008a0       0xc8 CMakeFiles/midi_leds.dir/home/james/pico-sdk/lib/tinyusb/src/portable/raspberrypi/rp2040/rp2040_usb.c.o
 .time_critical.sync_ep_buffer
                0x0000000020000968       0xb8 CMakeFiles/midi_leds.dir/home/james/pico-sdk/lib/tinyusb/src/portable/raspberrypi/rp2040/rp2040_usb.c.o
 .time_critical._hw_endpoint_xfer_sync
                0x0000000020000a20       0x2c CMakeFiles/midi_leds.dir/home/james/pico-sdk/lib/tinyusb/src/portable/raspberrypi/rp2040/rp2040_usb.c.o
 .time_critical.e15_is_bulkin_ep
                0x0000000020000a4c       0x28 CMakeFiles/midi_leds.dir/home/james/pico-sdk/lib/tinyusb/src/portable/raspberrypi/rp2040/rp2040_usb.c.o
 .time_critical.e15_is_critical_frame_period
                0x0000000020000a74       0x28 CMakeFiles/midi_leds.dir/home/james/pico-sdk/lib/tinyusb/src/portable/raspberrypi/rp2040/rp2040_usb.c.o
 .time_critical.hw_endpoint_reset_transfer
                0x0000000020000a9c        0xc CMakeFiles/midi_leds.dir/home/james/pico-sdk/lib/tinyusb/src/portable/raspberrypi/rp2040/rp2040_usb.c.o
                0x0000000020000a9c                hw_endpoint_reset_transfer
 .time_critical._hw_endpoint_buffer_control_update32
                0x0000000020000aa8       0x44 CMakeFiles/midi_leds.dir/home/james/pico-sdk/lib/tinyusb/src/portable/raspberrypi/rp2040/rp2040_usb.c.o
                0x0000000020000aa8                _hw_endpoint_buffer_control_update32
 .time_critical.hw_endpoint_start_next_buffer
                0x0000000020000aec       0x64 CMakeFiles/midi_leds.dir/home/james/pico-sdk/lib/tinyusb/src/portable/raspberrypi/rp2040/rp2040_usb.c.o
                0x0000000020000aec                hw_endpoint_start_next_buffer
 .time_critical.hw_endpoint_xfer_continue
                0x0000000020000b50       0x40 CMakeFiles/midi_leds.dir/home/james/pico-sdk/lib/tinyusb/src/portable/raspberrypi/rp2040/rp2040_usb.c.o
                0x0000000020000b50                hw_endpoint_xfer_continue
 .time_critical.tinyusb
                0x0000000020000b90      0x218 CMakeFiles/midi_leds.dir/home/james/pico-sdk/lib/tinyusb/src/device/usbd.c.o
                0x0000000020000b90                dcd_event_handler
 *(.text*)
 .text          0x0000000020000da8       0x30 /usr/lib/gcc/arm-none-eabi/10.3.1/thumb/v8-m.main+fp/softfp/libgcc.a(_aeabi_uldivmod.o)
                0x0000000020000da8                __aeabi_uldivmod
 .text          0x0000000020000dd8      0x2ec /usr/lib/gcc/arm-none-eabi/10.3.1/thumb/v8-m.main+fp/softfp/libgcc.a(_udivmoddi4.o)
                0x0000000020000dd8                __udivmoddi4
 .text          0x00000000200010c4        0x4 /usr/lib/gcc/arm-none-eabi/10.3.1/thumb/v8-m.main+fp/softfp/libgcc.a(_dvmd_tls.o)
                0x00000000200010c4                __aeabi_ldiv0
                0x00000000200010c4                __aeabi_idiv0
 .text.__stub   0x00000000200010c8       0x30 linker stubs
                0x00000000200010f8                . = ALIGN (0x4)
 *(.rodata*)
                0x00000000200010f8                . = ALIGN (0x4)
 *(.data*)
 .data.striped_spin_lock_num
                0x00000000200010f8        0x1 CMakeFiles/midi_leds.dir/home/james/pico-sdk/src/rp2_common/hardware_sync/sync.c.o
 *fill*         0x00000000200010f9        0x3 
 .data          0x00000000200010fc       0x48 CMakeFiles/midi_leds.dir/home/james/pico-sdk/src/rp2_common/hardware_irq/irq_handler_chain.S.o
                0x00000000200010fc                irq_handler_chain_slots
                0x000000002000112c                irq_handler_chain_first_slot
                0x0000000020001136                irq_handler_chain_remove_tail
 .data.default_alarm_pool
                0x0000000020001144       0x18 CMakeFiles/midi_leds.dir/home/james/pico-sdk/src/common/pico_time/time.c.o
 .data.stdio_usb
                0x000000002000115c       0x18 CMakeFiles/midi_leds.dir/home/james/pico-sdk/src/rp2_common/pico_stdio_usb/stdio_usb.c.o
                0x000000002000115c                stdio_usb
 .data._usbd_qdef
                0x0000000020001174       0x1c CMakeFiles/midi_leds.dir/home/james/pico-sdk/lib/tinyusb/src/device/usbd.c.o
                0x0000000020001174                _usbd_qdef
 .data._usbd_rhport
                0x0000000020001190        0x1 CMakeFiles/midi_leds.dir/home/james/pico-sdk/lib/tinyusb/src/device/usbd.c.o
 *(.sdata*)
                0x0000000020001194                . = ALIGN (0x4)
 *fill*         0x0000000020001191        0x3 
 *(.after_data.*)
                0x0000000020001194                . = ALIGN (0x4)
                0x0000000020001194                PROVIDE (__mutex_array_start = .)
 *(SORT_BY_NAME(.mutex_array.*))
 *(.mutex_array)
 .mutex_array   0x0000000020001194        0x8 CMakeFiles/midi_leds.dir/home/james/pico-sdk/src/rp2_common/pico_stdio/stdio.c.o
                0x000000002000119c                PROVIDE (__mutex_array_end = .)
 *(.jcr)
                0x000000002000119c                . = ALIGN (0x4)

.tm_clone_table
                0x000000002000119c        0x0 load address 0x000000001000867c
 .tm_clone_table
                0x000000002000119c        0x0 /usr/lib/gcc/arm-none-eabi/10.3.1/thumb/v8-m.main+fp/softfp/crtbegin.o
 .tm_clone_table
                0x000000002000119c        0x0 /usr/lib/gcc/arm-none-eabi/10.3.1/thumb/v8-m.main+fp/softfp/crtend.o

.igot.plt       0x000000002000119c        0x0 load address 0x000000001000867c
 .igot.plt      0x000000002000119c        0x0 /usr/lib/gcc/arm-none-eabi/10.3.1/thumb/v8-m.main+fp/softfp/crtbegin.o

.tdata          0x000000002000119c        0x0 load address 0x000000001000867c
                0x000000002000119c                . = ALIGN (0x4)
 *(.tdata .tdata.* .gnu.linkonce.td.*)
                0x000000002000119c                __tdata_end = .
                0x000000002000119c                PROVIDE (__data_end__ = .)
                0x00000000100075f0                __etext = LOADADDR (.data)

.tbss           0x000000002000119c        0x0 load address 0x000000001000867c
                0x000000002000119c                . = ALIGN (0x4)
                0x000000002000119c                __bss_start__ = .
                0x000000002000119c                __tls_base = .
 *(.tbss .tbss.* .gnu.linkonce.tb.*)
 *(.tcommon)
                0x000000002000119c                __tls_end = .

.bss            0x00000000200011a0     0xb614 load address 0x000000001000867c
                0x00000000200011a0                . = ALIGN (0x4)
                0x00000000200011a0                __tbss_end = .
 *(SORT_BY_ALIGNMENT(SORT_BY_NAME(.bss*)))
 .bss.default_alarm_pool_entries
                0x00000000200011a0      0x180 CMakeFiles/midi_leds.dir/home/james/pico-sdk/src/common/pico_time/time.c.o
 .bss.last_avail_time.1
                0x0000000020001320        0x8 CMakeFiles/midi_leds.dir/home/james/pico-sdk/src/rp2_common/pico_stdio_usb/stdio_usb.c.o
 .bss           0x0000000020001328       0x1c /usr/lib/gcc/arm-none-eabi/10.3.1/thumb/v8-m.main+fp/softfp/crtbegin.o
 .bss._ZL11framebuffer
                0x0000000020001344      0x800 CMakeFiles/midi_leds.dir/leds.cpp.o
 .bss._ZL8dma_chan
                0x0000000020001b44        0x4 CMakeFiles/midi_leds.dir/leds.cpp.o
 .bss._ZZ4mainE10last_blink
                0x0000000020001b48        0x4 CMakeFiles/midi_leds.dir/main.cpp.o
 .bss._ZZ4mainE10last_frame
                0x0000000020001b4c        0x4 CMakeFiles/midi_leds.dir/main.cpp.o
 .bss._app_driver
                0x0000000020001b50        0x4 CMakeFiles/midi_leds.dir/home/james/pico-sdk/lib/tinyusb/src/device/usbd.c.o
 .bss._cdcd_epbuf
                0x0000000020001b54       0x80 CMakeFiles/midi_leds.dir/home/james/pico-sdk/lib/tinyusb/src/class/cdc/cdc_device.c.o
 .bss._cdcd_fifo_cfg
                0x0000000020001bd4        0x1 CMakeFiles/midi_leds.dir/home/james/pico-sdk/lib/tinyusb/src/class/cdc/cdc_device.c.o
 *fill*         0x0000000020001bd5        0x3 
 .bss._cdcd_itf
                0x0000000020001bd8       0xc8 CMakeFiles/midi_leds.dir/home/james/pico-sdk/lib/tinyusb/src/class/cdc/cdc_device.c.o
 .bss._ctrl_epbuf
                0x0000000020001ca0       0x40 CMakeFiles/midi_leds.dir/home/james/pico-sdk/lib/tinyusb/src/device/usbd_control.c.o
 .bss._ctrl_xfer
                0x0000000020001ce0       0x14 CMakeFiles/midi_leds.dir/home/james/pico-sdk/lib/tinyusb/src/device/usbd_control.c.o
 .bss._sw_spin_locks
                0x0000000020001cf4       0x20 CMakeFiles/midi_leds.dir/home/james/pico-sdk/src/rp2_common/hardware_sync_spin_lock/sync_spin_lock.c.o
                0x0000000020001cf4                _sw_spin_locks
 .bss._tusb_rhport_role
                0x0000000020001d14        0x2 CMakeFiles/midi_leds.dir/home/james/pico-sdk/lib/tinyusb/src/tusb.c.o
                0x0000000020001d14                _tusb_rhport_role
 *fill*         0x0000000020001d16        0x2 
 .bss._ubsd_mutexdef
                0x0000000020001d18        0x8 CMakeFiles/midi_leds.dir/home/james/pico-sdk/lib/tinyusb/src/device/usbd.c.o
 .bss._usbd_dev
                0x0000000020001d20       0x54 CMakeFiles/midi_leds.dir/home/james/pico-sdk/lib/tinyusb/src/device/usbd.c.o
 .bss._usbd_mutex
                0x0000000020001d74        0x4 CMakeFiles/midi_leds.dir/home/james/pico-sdk/lib/tinyusb/src/device/usbd.c.o
 .bss._usbd_q   0x0000000020001d78        0x4 CMakeFiles/midi_leds.dir/home/james/pico-sdk/lib/tinyusb/src/device/usbd.c.o
 .bss._usbd_qdef_buf
                0x0000000020001d7c       0xc0 CMakeFiles/midi_leds.dir/home/james/pico-sdk/lib/tinyusb/src/device/usbd.c.o
                0x0000000020001d7c                _usbd_qdef_buf
 .bss._used_instruction_space
                0x0000000020001e3c        0xc CMakeFiles/midi_leds.dir/home/james/pico-sdk/src/rp2_common/hardware_pio/pio.c.o
 .bss._vendord_epbuf
                0x0000000020001e48       0x80 CMakeFiles/midi_leds.dir/home/james/pico-sdk/lib/tinyusb/src/class/vendor/vendor_device.c.o
 .bss._vendord_itf
                0x0000000020001ec8      0x24c CMakeFiles/midi_leds.dir/home/james/pico-sdk/lib/tinyusb/src/class/vendor/vendor_device.c.o
 .bss.activeChannelCount
                0x0000000020002114        0x4 CMakeFiles/midi_leds.dir/layout.cpp.o
                0x0000000020002114                activeChannelCount
 .bss.channels  0x0000000020002118     0xa1c0 CMakeFiles/midi_leds.dir/layout.cpp.o
                0x0000000020002118                channels
 .bss.chars_available_callback
                0x000000002000c2d8        0x4 CMakeFiles/midi_leds.dir/home/james/pico-sdk/src/rp2_common/pico_stdio_usb/stdio_usb.c.o
 .bss.chars_available_param
                0x000000002000c2dc        0x4 CMakeFiles/midi_leds.dir/home/james/pico-sdk/src/rp2_common/pico_stdio_usb/stdio_usb.c.o
 .bss.claimed   0x000000002000c2e0        0x4 CMakeFiles/midi_leds.dir/home/james/pico-sdk/src/rp2_common/hardware_sync/sync.c.o
 .bss.claimed   0x000000002000c2e4        0x2 CMakeFiles/midi_leds.dir/home/james/pico-sdk/src/rp2_common/hardware_timer/timer.c.o
 *fill*         0x000000002000c2e6        0x2 
 .bss.configured_freq
                0x000000002000c2e8       0x28 CMakeFiles/midi_leds.dir/home/james/pico-sdk/src/rp2_common/hardware_clocks/clocks.c.o
 .bss.desc_str.0
                0x000000002000c310       0x28 CMakeFiles/midi_leds.dir/home/james/pico-sdk/src/rp2_common/pico_stdio_usb/stdio_usb_descriptors.c.o
 .bss.drivers   0x000000002000c338        0x4 CMakeFiles/midi_leds.dir/home/james/pico-sdk/src/rp2_common/pico_stdio/stdio.c.o
 .bss.e15_last_sof
                0x000000002000c33c        0x4 CMakeFiles/midi_leds.dir/home/james/pico-sdk/lib/tinyusb/src/portable/raspberrypi/rp2040/rp2040_usb.c.o
                0x000000002000c33c                e15_last_sof
 .bss.filter    0x000000002000c340        0x4 CMakeFiles/midi_leds.dir/home/james/pico-sdk/src/rp2_common/pico_stdio/stdio.c.o
 .bss.hw_endpoints
                0x000000002000c344      0x400 CMakeFiles/midi_leds.dir/home/james/pico-sdk/lib/tinyusb/src/portable/raspberrypi/rp2040/dcd_rp2040.c.o
 .bss.lazy_vsnprintf
                0x000000002000c744        0x4 CMakeFiles/midi_leds.dir/home/james/pico-sdk/src/rp2_common/pico_printf/printf.c.o
 .bss.load_value
                0x000000002000c748        0x4 CMakeFiles/midi_leds.dir/home/james/pico-sdk/src/rp2_common/hardware_watchdog/watchdog.c.o
 .bss.next_buffer_ptr
                0x000000002000c74c        0x4 CMakeFiles/midi_leds.dir/home/james/pico-sdk/lib/tinyusb/src/portable/raspberrypi/rp2040/dcd_rp2040.c.o
 .bss.one_shot_timer_crit_sec
                0x000000002000c750        0x8 CMakeFiles/midi_leds.dir/home/james/pico-sdk/src/rp2_common/pico_stdio_usb/stdio_usb.c.o
 .bss.pools     0x000000002000c758       0x20 CMakeFiles/midi_leds.dir/home/james/pico-sdk/src/common/pico_time/time.c.o
 .bss.retrieved_id
                0x000000002000c778        0x8 CMakeFiles/midi_leds.dir/home/james/pico-sdk/src/rp2_common/pico_unique_id/unique_id.c.o
 .bss.sleep_notifier
                0x000000002000c780        0x4 CMakeFiles/midi_leds.dir/home/james/pico-sdk/src/common/pico_time/time.c.o
 .bss.stdio_usb_mutex
                0x000000002000c784        0x8 CMakeFiles/midi_leds.dir/home/james/pico-sdk/src/rp2_common/pico_stdio_usb/stdio_usb.c.o
 .bss.uart_char_to_line_feed
                0x000000002000c78c        0x4 CMakeFiles/midi_leds.dir/home/james/pico-sdk/src/rp2_common/hardware_uart/uart.c.o
                0x000000002000c78c                uart_char_to_line_feed
 .bss.usbd_serial_str
                0x000000002000c790       0x11 CMakeFiles/midi_leds.dir/home/james/pico-sdk/src/rp2_common/pico_stdio_usb/stdio_usb_descriptors.c.o
 *fill*         0x000000002000c7a1        0x1 
 .bss._claimed  0x000000002000c7a2        0x2 CMakeFiles/midi_leds.dir/home/james/pico-sdk/src/rp2_common/hardware_dma/dma.c.o
 .bss._ZL13currentStatus
                0x000000002000c7a4        0x1 CMakeFiles/midi_leds.dir/midi.cpp.o
 .bss._ZL13runningStatus
                0x000000002000c7a5        0x1 CMakeFiles/midi_leds.dir/midi.cpp.o
 .bss._ZL5data1
                0x000000002000c7a6        0x1 CMakeFiles/midi_leds.dir/midi.cpp.o
 .bss._ZL5state
                0x000000002000c7a7        0x1 CMakeFiles/midi_leds.dir/midi.cpp.o
 .bss._ZL7inSysEx
                0x000000002000c7a8        0x1 CMakeFiles/midi_leds.dir/midi.cpp.o
 .bss._app_driver_count
                0x000000002000c7a9        0x1 CMakeFiles/midi_leds.dir/home/james/pico-sdk/lib/tinyusb/src/device/usbd.c.o
 .bss._sof_enable
                0x000000002000c7aa        0x1 CMakeFiles/midi_leds.dir/home/james/pico-sdk/lib/tinyusb/src/portable/raspberrypi/rp2040/dcd_rp2040.c.o
 .bss._usbd_queued_setup
                0x000000002000c7ab        0x1 CMakeFiles/midi_leds.dir/home/james/pico-sdk/lib/tinyusb/src/device/usbd.c.o
 .bss.irq_handler_chain_free_slot_head
                0x000000002000c7ac        0x1 CMakeFiles/midi_leds.dir/home/james/pico-sdk/src/rp2_common/hardware_irq/irq.c.o
 .bss.itf_num   0x000000002000c7ad        0x1 CMakeFiles/midi_leds.dir/home/james/pico-sdk/src/rp2_common/pico_stdio_usb/reset_interface.c.o
 .bss.low_priority_irq_num
                0x000000002000c7ae        0x1 CMakeFiles/midi_leds.dir/home/james/pico-sdk/src/rp2_common/pico_stdio_usb/stdio_usb.c.o
 .bss.one_shot_timer_pending
                0x000000002000c7af        0x1 CMakeFiles/midi_leds.dir/home/james/pico-sdk/src/rp2_common/pico_stdio_usb/stdio_usb.c.o
 .bss.user_irq_claimed
                0x000000002000c7b0        0x1 CMakeFiles/midi_leds.dir/home/james/pico-sdk/src/rp2_common/hardware_irq/irq.c.o
 *(COMMON)
                [!provide]                        PROVIDE (__global_pointer$ = (. + 0x800))
 *(.sbss*)
                0x000000002000c7b4                . = ALIGN (0x4)
 *fill*         0x000000002000c7b1        0x3 
                0x000000002000c7b4                __bss_end__ = .

.heap           0x000000002000c7b4      0x800 load address 0x000000001000867c
                0x000000002000c7b4                __end__ = .
                0x000000002000c7b4                end = __end__
 *(.heap*)
 .heap          0x000000002000c7b4      0x800 CMakeFiles/midi_leds.dir/home/james/pico-sdk/src/rp2_common/pico_crt0/crt0.S.o
                0x0000000020080000                __HeapLimit = (ORIGIN (RAM) + LENGTH (RAM))

.scratch_x      0x0000000020080000        0x0 load address 0x000000001000867c
                0x0000000020080000                __scratch_x_start__ = .
 *(.scratch_x.*)
                0x0000000020080000                . = ALIGN (0x4)
                0x0000000020080000                __scratch_x_end__ = .
                0x000000001000867c                __scratch_x_source__ = LOADADDR (.scratch_x)

.scratch_y      0x0000000020081000        0x0 load address 0x000000001000867c
                0x0000000020081000                __scratch_y_start__ = .
 *(.scratch_y.*)
                0x0000000020081000                . = ALIGN (0x4)
                0x0000000020081000                __scratch_y_end__ = .
                0x000000001000867c                __scratch_y_source__ = LOADADDR (.scratch_y)

.stack1_dummy   0x0000000020080000        0x0
 *(.stack1*)

.stack_dummy    0x0000000020081000      0x800
 *(.stack*)
 .stack         0x0000000020081000      0x800 CMakeFiles/midi_leds.dir/home/james/pico-sdk/src/rp2_common/pico_crt0/crt0.S.o

.flash_end      0x000000001000867c       0x14
 *(.embedded_end_block*)
 .embedded_end_block
                0x000000001000867c       0x14 CMakeFiles/midi_leds.dir/home/james/pico-sdk/src/rp2_common/pico_crt0/crt0.S.o
                0x0000000010008690                PROVIDE (__flash_binary_end = .)
                0x0000000020080000                __StackLimit = (ORIGIN (RAM) + LENGTH (RAM))
                0x0000000020081000                __StackOneTop = (ORIGIN (SCRATCH_X) + LENGTH (SCRATCH_X))
                0x0000000020082000                __StackTop = (ORIGIN (SCRATCH_Y) + LENGTH (SCRATCH_Y))
                0x0000000020081000                __StackOneBottom = (__StackOneTop - SIZEOF (.stack1_dummy))
                0x0000000020081800                __StackBottom = (__StackTop - SIZEOF (.stack_dummy))
                0x0000000020082000                PROVIDE (__stack = __StackTop)
                [!provide]                        PROVIDE (__heap_start = __end__)
                [!provide]                        PROVIDE (__heap_end = __HeapLimit)
                [!provide]                        PROVIDE (__tls_align = MAX (ALIGNOF (.tdata), ALIGNOF (.tbss)))
                [!provide]                        PROVIDE (__tls_size_align = (((__tls_size + __tls_align) - 0x1) & ~ ((__tls_align - 0x1))))
                [!provide]                        PROVIDE (__arm32_tls_tcb_offset = MAX (0x8, __tls_align))
                [!provide]                        PROVIDE (_end = __end__)
                [!provide]                        PROVIDE (__llvm_libc_heap_limit = __HeapLimit)
                0x0000000000000001                ASSERT ((__StackLimit >= __HeapLimit), region RAM overflowed)
                0x0000000000000001                ASSERT (((__binary_info_header_end - __logical_binary_start) <= 0x400), Binary info must be in first 1024 bytes of the binary)
                0x0000000000000001                ASSERT (((__embedded_block_end - __logical_binary_start) <= 0x1000), Embedded block must be in first 4096 bytes of the binary)
LOAD CMakeFiles/midi_leds.dir/main.cpp.o
LOAD CMakeFiles/midi_leds.dir/leds.cpp.o
LOAD CMakeFiles/midi_leds.dir/midi.cpp.o
LOAD CMakeFiles/midi_leds.dir/layout.cpp.o
LOAD CMakeFiles/midi_leds.dir/home/james/pico-sdk/src/rp2_common/pico_stdlib/stdlib.c.o
LOAD CMakeFiles/midi_leds.dir/home/james/pico-sdk/src/rp2_common/hardware_gpio/gpio.c.o
LOAD CMakeFiles/midi_leds.dir/home/james/pico-sdk/src/rp2350/pico_platform/platform.c.o
LOAD CMakeFiles/midi_leds.dir/home/james/pico-sdk/src/rp2_common/pico_platform_common/common.c.o
LOAD CMakeFiles/midi_leds.dir/home/james/pico-sdk/src/rp2_common/pico_platform_panic/panic.c.o
LOAD CMakeFiles/midi_leds.dir/home/james/pico-sdk/src/common/hardware_claim/claim.c.o
LOAD CMakeFiles/midi_leds.dir/home/james/pico-sdk/src/rp2_common/hardware_sync/sync.c.o
LOAD CMakeFiles/midi_leds.dir/home/james/pico-sdk/src/rp2_common/hardware_sync_spin_lock/sync_spin_lock.c.o
LOAD CMakeFiles/midi_leds.dir/home/james/pico-sdk/src/rp2_common/hardware_irq/irq.c.o
LOAD CMakeFiles/midi_leds.dir/home/james/pico-sdk/src/rp2_common/hardware_irq/irq_handler_chain.S.o
LOAD CMakeFiles/midi_leds.dir/home/james/pico-sdk/src/common/pico_sync/sem.c.o
LOAD CMakeFiles/midi_leds.dir/home/james/pico-sdk/src/common/pico_sync/lock_core.c.o
LOAD CMakeFiles/midi_leds.dir/home/james/pico-sdk/src/common/pico_sync/mutex.c.o
LOAD CMakeFiles/midi_leds.dir/home/james/pico-sdk/src/common/pico_sync/critical_section.c.o
LOAD CMakeFiles/midi_leds.dir/home/james/pico-sdk/src/common/pico_time/time.c.o
LOAD CMakeFiles/midi_leds.dir/home/james/pico-sdk/src/common/pico_time/timeout_helper.c.o