Archive member included to satisfy reference by file (symbol)

/usr/lib/gcc/arm-none-eabi/10.3.1/thumb/v6-m/nofp/libgcc.a(_dvmd_tls.o)
                              CMakeFiles/midi_leds.dir/home/james/pico-sdk/src/rp2_common/pico_divider/divider_hardware.S.o (__aeabi_idiv0)
/usr/lib/gcc/arm-none-eabi/10.3.1/../../../arm-none-eabi/lib/thumb/v6-m/nofp/libg.a(lib_a-atexit.o)
                              /usr/lib/gcc/arm-none-eabi/10.3.1/../../../arm-none-eabi/lib/thumb/v6-m/nofp/crt0.o (atexit)
/usr/lib/gcc/arm-none-eabi/10.3.1/../../../arm-none-eabi/lib/thumb/v6-m/nofp/libg.a(lib_a-calloc.o)
                              CMakeFiles/midi_leds.dir/home/james/pico-sdk/src/rp2_common/pico_malloc/malloc.c.o (calloc)
/usr/lib/gcc/arm-none-eabi/10.3.1/../../../arm-none-eabi/lib/thumb/v6-m/nofp/libg.a(lib_a-callocr.o)
                              /usr/lib/gcc/arm-none-eabi/10.3.1/../../../arm-none-eabi/lib/thumb/v6-m/nofp/libg.a(lib_a-calloc.o) (_calloc_r)
/usr/lib/gcc/arm-none-eabi/10.3.1/../../../arm-none-eabi/lib/thumb/v6-m/nofp/libg.a(lib_a-fini.o)
                              /usr/lib/gcc/arm-none-eabi/10.3.1/../../../arm-none-eabi/lib/thumb/v6-m/nofp/crt0.o (__libc_fini_array)
/usr/lib/gcc/arm-none-eabi/10.3.1/../../../arm-none-eabi/lib/thumb/v6-m/nofp/libg.a(lib_a-impure.o)
                              /usr/lib/gcc/arm-none-eabi/10.3.1/../../../arm-none-eabi/lib/thumb/v6-m/nofp/libg.a(lib_a-calloc.o) (_impure_ptr)
/usr/lib/gcc/arm-none-eabi/10.3.1/../../../arm-none-eabi/lib/thumb/v6-m/nofp/libg.a(lib_a-init.o)
                              /usr/lib/gcc/arm-none-eabi/10.3.1/../../../arm-none-eabi/lib/thumb/v6-m/nofp/crt0.o (__libc_init_array)
/usr/lib/gcc/arm-none-eabi/10.3.1/../../../arm-none-eabi/lib/thumb/v6-m/nofp/libg.a(lib_a-lcltime_r.o)
                              CMakeFiles/midi_leds.dir/home/james/pico-sdk/src/common/pico_util/datetime.c.o (localtime_r)
/usr/lib/gcc/arm-none-eabi/10.3.1/../../../arm-none-eabi/lib/thumb/v6-m/nofp/libg.a(lib_a-malloc.o)
                              CMakeFiles/midi_leds.dir/home/james/pico-sdk/src/rp2_common/pico_malloc/malloc.c.o (malloc)
/usr/lib/gcc/arm-none-eabi/10.3.1/../../../arm-none-eabi/lib/thumb/v6-m/nofp/libg.a(lib_a-mallocr.o)
                              /usr/lib/gcc/arm-none-eabi/10.3.1/../../../arm-none-eabi/lib/thumb/v6-m/nofp/libg.a(lib_a-callocr.o) (_malloc_r)
/usr/lib/gcc/arm-none-eabi/10.3.1/../../../arm-none-eabi/lib/thumb/v6-m/nofp/libg.a(lib_a-memcmp.o)
                              CMakeFiles/midi_leds.dir/home/james/pico-sdk/src/rp2_common/pico_atomic/atomic.c.o (memcmp)
/usr/lib/gcc/arm-none-eabi/10.3.1/../../../arm-none-eabi/lib/thumb/v6-m/nofp/libg.a(lib_a-mktime.o)
                              CMakeFiles/midi_leds.dir/home/james/pico-sdk/src/common/pico_util/datetime.c.o (mktime)
/usr/lib/gcc/arm-none-eabi/10.3.1/../../../arm-none-eabi/lib/thumb/v6-m/nofp/libg.a(lib_a-mlock.o)
                              /usr/lib/gcc/arm-none-eabi/10.3.1/../../../arm-none-eabi/lib/thumb/v6-m/nofp/libg.a(lib_a-mallocr.o) (__malloc_lock)
/usr/lib/gcc/arm-none-eabi/10.3.1/../../../arm-none-eabi/lib/thumb/v6-m/nofp/libg.a(lib_a-month_lengths.o)
                              /usr/lib/gcc/arm-none-eabi/10.3.1/../../../arm-none-eabi/lib/thumb/v6-m/nofp/libg.a(lib_a-lcltime_r.o) (__month_lengths)
/usr/lib/gcc/arm-none-eabi/10.3.1/../../../arm-none-eabi/lib/thumb/v6-m/nofp/libg.a(lib_a-realloc.o)
                              CMakeFiles/midi_leds.dir/home/james/pico-sdk/src/rp2_common/pico_malloc/malloc.c.o (realloc)
/usr/lib/gcc/arm-none-eabi/10.3.1/../../../arm-none-eabi/lib/thumb/v6-m/nofp/libg.a(lib_a-reallocr.o)
                              /usr/lib/gcc/arm-none-eabi/10.3.1/../../../arm-none-eabi/lib/thumb/v6-m/nofp/libg.a(lib_a-realloc.o) (_realloc_r)
/usr/lib/gcc/arm-none-eabi/10.3.1/../../../arm-none-eabi/lib/thumb/v6-m/nofp/libg.a(lib_a-sbrkr.o)
                              /usr/lib/gcc/arm-none-eabi/10.3.1/../../../arm-none-eabi/lib/thumb/v6-m/nofp/libg.a(lib_a-mallocr.o) (_sbrk_r)
/usr/lib/gcc/arm-none-eabi/10.3.1/../../../arm-none-eabi/lib/thumb/v6-m/nofp/libg.a(lib_a-strlen-stub.o)
                              CMakeFiles/midi_leds.dir/home/james/pico-sdk/src/rp2_common/pico_stdio/stdio.c.o (strlen)
/usr/lib/gcc/arm-none-eabi/10.3.1/../../../arm-none-eabi/lib/thumb/v6-m/nofp/libg.a(lib_a-tzcalc_limits.o)
                              /usr/lib/gcc/arm-none-eabi/10.3.1/../../../arm-none-eabi/lib/thumb/v6-m/nofp/libg.a(lib_a-lcltime_r.o) (__tzcalc_limits)
/usr/lib/gcc/arm-none-eabi/10.3.1/../../../arm-none-eabi/lib/thumb/v6-m/nofp/libg.a(lib_a-tzlock.o)
                              /usr/lib/gcc/arm-none-eabi/10.3.1/../../../arm-none-eabi/lib/thumb/v6-m/nofp/libg.a(lib_a-lcltime_r.o) (__tz_lock)
/usr/lib/gcc/arm-none-eabi/10.3.1/../../../arm-none-eabi/lib/thumb/v6-m/nofp/libg.a(lib_a-tzset.o)
                              /usr/lib/gcc/arm-none-eabi/10.3.1/../../../arm-none-eabi/lib/thumb/v6-m/nofp/libg.a(lib_a-lcltime_r.o) (_tzset_unlocked)
[...]
Memory Configuration

Name             Origin             Length             Attributes
FLASH            0x0000000010000000 0x0000000000200000 xr
RAM              0x0000000020000000 0x0000000000040000 xrw
SCRATCH_X        0x0000000020040000 0x0000000000001000 xrw
SCRATCH_Y        0x0000000020041000 0x0000000000001000 xrw
*default*        0x0000000000000000 0xffffffffffffffff

Linker script and memory map

LOAD /usr/lib/gcc/arm-none-eabi/10.3.1/thumb/v6-m/nofp/crti.o
LOAD /usr/lib/gcc/arm-none-eabi/10.3.1/thumb/v6-m/nofp/crtbegin.o
LOAD /usr/lib/gcc/arm-none-eabi/10.3.1/../../../arm-none-eabi/lib/thumb/v6-m/nofp/crt0.o

.flash_begin    0x0000000010000000        0x0
                0x0000000010000000                __flash_binary_start = .

.boot2          0x0000000010000000      0x100
                0x0000000010000000                __boot2_start__ = .
 *(.boot2)
 .boot2         0x0000000010000000      0x100 pico-sdk/src/rp2040/boot_stage2/CMakeFiles/bs2_default_library.dir/bs2_default_padded_checksummed.S.o
                0x0000000010000100                __boot2_end__ = .
                0x0000000000000001                ASSERT (((__boot2_end__ - __boot2_start__) == 0x100), ERROR: Pico second stage bootloader must be 256 bytes in size)

.text           0x0000000010000100     0x2990
                0x0000000010000100                __logical_binary_start = .
 *(.vectors)
 .vectors       0x0000000010000100       0xd4 CMakeFiles/midi_leds.dir/home/james/pico-sdk/src/rp2_common/pico_crt0/crt0.S.o
                0x0000000010000100                __vectors
                0x0000000010000100                __VECTOR_TABLE
                0x00000000100001c0                isr_irq30
                0x00000000100001c0                __unhandled_user_irq
                0x00000000100001c0                isr_irq13
                0x00000000100001c0                isr_irq27
                0x00000000100001c0                isr_irq31
                0x00000000100001c0                isr_irq5
                0x00000000100001c0                isr_irq11
                0x00000000100001c0                isr_irq23
                0x00000000100001c0                isr_irq18
                0x00000000100001c0                isr_irq28
                0x00000000100001c0                isr_irq19
                0x00000000100001c0                isr_irq0
                0x00000000100001c0                isr_irq6
                0x00000000100001c0                isr_irq22
                0x00000000100001c0                isr_irq17
                0x00000000100001c0                isr_irq14
                0x00000000100001c0                __vectors_end
                0x00000000100001c0                __default_isrs_start
                0x00000000100001c0                isr_irq2
                0x00000000100001c0                isr_irq10
                0x00000000100001c0                isr_irq8
                0x00000000100001c0                isr_irq24
                0x00000000100001c0                isr_irq1
                0x00000000100001c0                isr_irq7
                0x00000000100001c0                isr_irq21
                0x00000000100001c0                isr_irq20
                0x00000000100001c0                isr_irq15
                0x00000000100001c0                isr_irq25
                0x00000000100001c0                isr_irq4
                0x00000000100001c0                isr_irq16
                0x00000000100001c0                isr_irq29
                0x00000000100001c0                isr_irq26
                0x00000000100001c0                isr_irq3
                0x00000000100001c0                isr_irq12
                0x00000000100001c0                isr_irq9
                0x00000000100001c6                unhandled_user_irq_num_in_r0
                0x00000000100001c8                isr_invalid
                0x00000000100001ca                isr_nmi
                0x00000000100001cc                isr_hardfault
                0x00000000100001ce                isr_svcall
                0x00000000100001d0                isr_pendsv
                0x00000000100001d2                isr_systick
                0x00000000100001d4                __default_isrs_end
 *(.binary_info_header)
 .binary_info_header
                0x00000000100001d4       0x14 CMakeFiles/midi_leds.dir/home/james/pico-sdk/src/rp2_common/pico_crt0/crt0.S.o
                0x00000000100001e8                __binary_info_header_end = .
 *(.embedded_block)
                0x00000000100001e8                __embedded_block_end = .
 *(.reset)
 .reset         0x00000000100001e8       0x9c CMakeFiles/midi_leds.dir/home/james/pico-sdk/src/rp2_common/pico_crt0/crt0.S.o
                0x00000000100001e8                _entry_point
 *(.init)
 .init          0x0000000010000284        0x4 /usr/lib/gcc/arm-none-eabi/10.3.1/thumb/v6-m/nofp/crti.o
                0x0000000010000284                _init
 *(EXCLUDE_FILE(*libm.a: *libc.a:*lib_a-mem*.o *libgcc.a:) .text*)
 .text          0x0000000010000288       0x98 /usr/lib/gcc/arm-none-eabi/10.3.1/thumb/v6-m/nofp/crtbegin.o
 .text._Z8onNoteOnhhh
                0x0000000010000320       0x20 CMakeFiles/midi_leds.dir/main.cpp.o
                0x0000000010000320                onNoteOn(unsigned char, unsigned char, unsigned char)
 .text._Z9onNoteOffhh
                0x0000000010000340       0x18 CMakeFiles/midi_leds.dir/main.cpp.o
                0x0000000010000340                onNoteOff(unsigned char, unsigned char)
 .text._Z6renderv
                0x0000000010000358       0x9c CMakeFiles/midi_leds.dir/main.cpp.o
                0x0000000010000358                render()
 .text.startup.main
                0x00000000100003f4       0x9c CMakeFiles/midi_leds.dir/main.cpp.o
                0x00000000100003f4                main
 .text._Z9leds_initv
                0x0000000010000490      0x108 CMakeFiles/midi_leds.dir/leds.cpp.o
                0x0000000010000490                leds_init()
 .text._Z13leds_setPixeliim
                0x0000000010000598       0x30 CMakeFiles/midi_leds.dir/leds.cpp.o
                0x0000000010000598                leds_setPixel(int, int, unsigned long)
 .text._Z9leds_showv
                0x00000000100005c8       0x30 CMakeFiles/midi_leds.dir/leds.cpp.o
                0x00000000100005c8                leds_show()
 .text._Z10leds_clearv
                0x00000000100005f8       0x14 CMakeFiles/midi_leds.dir/leds.cpp.o
                0x00000000100005f8                leds_clear()
 .text._Z21leds_startup_sequencev
                0x000000001000060c      0x1cc CMakeFiles/midi_leds.dir/leds.cpp.o
                0x000000001000060c                leds_startup_sequence()
 .text._Z9midi_initv
                0x00000000100007d8       0x3c CMakeFiles/midi_leds.dir/midi.cpp.o
                0x00000000100007d8                midi_init()
 .text._Z9midi_pollv
                0x0000000010000814      0x128 CMakeFiles/midi_leds.dir/midi.cpp.o
                0x0000000010000814                midi_poll()
 .text._Z11layout_initv
                0x000000001000093c       0x20 CMakeFiles/midi_leds.dir/layout.cpp.o
                0x000000001000093c                layout_init()
 .text._Z13setNoteActiveiib
                0x000000001000095c       0x24 CMakeFiles/midi_leds.dir/layout.cpp.o
                0x000000001000095c                setNoteActive(int, int, bool)
 .text._Z15recomputeLayoutv
                0x0000000010000980       0xc0 CMakeFiles/midi_leds.dir/layout.cpp.o
                0x0000000010000980                recomputeLayout()
 .text._Z15registerChanneli
                0x0000000010000a40       0x44 CMakeFiles/midi_leds.dir/layout.cpp.o
                0x0000000010000a40                registerChannel(int)
 .text._Z12registerNoteii
                0x0000000010000a84       0x40 CMakeFiles/midi_leds.dir/layout.cpp.o
                0x0000000010000a84                registerNote(int, int)
 .text.gpio_set_function
                0x0000000010000ac4       0x34 CMakeFiles/midi_leds.dir/home/james/pico-sdk/src/rp2_common/hardware_gpio/gpio.c.o
                0x0000000010000ac4                gpio_set_function
 .text.gpio_init
                0x0000000010000af8       0x40 CMakeFiles/midi_leds.dir/home/james/pico-sdk/src/rp2_common/hardware_gpio/gpio.c.o
                0x0000000010000af8                gpio_init
 .text.panic    0x0000000010000b38       0x30 CMakeFiles/midi_leds.dir/home/james/pico-sdk/src/rp2_common/pico_platform_panic/panic.c.o
                0x0000000010000b38                panic
 .text.hw_claim_lock
                0x0000000010000b68       0x18 CMakeFiles/midi_leds.dir/home/james/pico-sdk/src/common/hardware_claim/claim.c.o
                0x0000000010000b68                hw_claim_lock
 .text.hw_claim_unlock
                0x0000000010000b80       0x14 CMakeFiles/midi_leds.dir/home/james/pico-sdk/src/common/hardware_claim/claim.c.o
                0x0000000010000b80                hw_claim_unlock
 .text.hw_claim_or_assert
                0x0000000010000b94       0x44 CMakeFiles/midi_leds.dir/home/james/pico-sdk/src/common/hardware_claim/claim.c.o
                0x0000000010000b94                hw_claim_or_assert
 .text.hw_claim_unused_from_range
                0x0000000010000bd8       0x9c CMakeFiles/midi_leds.dir/home/james/pico-sdk/src/common/hardware_claim/claim.c.o
                0x0000000010000bd8                hw_claim_unused_from_range
 .text.next_striped_spin_lock_num
                0x0000000010000c74       0x18 CMakeFiles/midi_leds.dir/home/james/pico-sdk/src/rp2_common/hardware_sync/sync.c.o
                0x0000000010000c74                next_striped_spin_lock_num
 .text.spin_locks_reset
                0x0000000010000c8c       0x1c CMakeFiles/midi_leds.dir/home/james/pico-sdk/src/rp2_common/hardware_sync_spin_lock/sync_spin_lock.c.o
                0x0000000010000c8c                spin_locks_reset
 .text.runtime_init_per_core_irq_priorities
                0x0000000010000ca8       0x24 CMakeFiles/midi_leds.dir/home/james/pico-sdk/src/rp2_common/hardware_irq/irq.c.o
                0x0000000010000ca8                runtime_init_per_core_irq_priorities
 .text.irq_set_enabled
                0x0000000010000ccc       0x24 CMakeFiles/midi_leds.dir/home/james/pico-sdk/src/rp2_common/hardware_irq/irq.c.o
                0x0000000010000ccc                irq_set_enabled
 .text.irq_set_exclusive_handler
                0x0000000010000cf0       0x54 CMakeFiles/midi_leds.dir/home/james/pico-sdk/src/rp2_common/hardware_irq/irq.c.o
                0x0000000010000cf0                irq_set_exclusive_handler
 .text.lock_init
                0x0000000010000d44       0x10 CMakeFiles/midi_leds.dir/home/james/pico-sdk/src/common/pico_sync/lock_core.c.o
                0x0000000010000d44                lock_init
 .text.runtime_init_mutex
                0x0000000010000d54       0x58 CMakeFiles/midi_leds.dir/home/james/pico-sdk/src/common/pico_sync/mutex.c.o
                0x0000000010000d54                runtime_init_mutex
 .text.sleep_until_callback
                0x0000000010000dac       0x30 CMakeFiles/midi_leds.dir/home/james/pico-sdk/src/common/pico_time/time.c.o
 .text.alarm_pool_irq_handler
                0x0000000010000ddc      0x308 CMakeFiles/midi_leds.dir/home/james/pico-sdk/src/common/pico_time/time.c.o
 .text.runtime_init_default_alarm_pool
                0x00000000100010e4       0xdc CMakeFiles/midi_leds.dir/home/james/pico-sdk/src/common/pico_time/time.c.o
                0x00000000100010e4                runtime_init_default_alarm_pool
 .text.alarm_pool_add_alarm_at_force_in_context
                0x00000000100011c0       0xb0 CMakeFiles/midi_leds.dir/home/james/pico-sdk/src/common/pico_time/time.c.o
                0x00000000100011c0                alarm_pool_add_alarm_at_force_in_context
 .text.alarm_pool_cancel_alarm
                0x0000000010001270       0x7c CMakeFiles/midi_leds.dir/home/james/pico-sdk/src/common/pico_time/time.c.o
                0x0000000010001270                alarm_pool_cancel_alarm
 .text.sleep_until
                0x00000000100012ec       0xd0 CMakeFiles/midi_leds.dir/home/james/pico-sdk/src/common/pico_time/time.c.o
                0x00000000100012ec                sleep_until
 .text.sleep_ms
                0x00000000100013bc       0x34 CMakeFiles/midi_leds.dir/home/james/pico-sdk/src/common/pico_time/time.c.o
                0x00000000100013bc                sleep_ms
 .text.best_effort_wfe_or_timeout
                0x00000000100013f0       0xfc CMakeFiles/midi_leds.dir/home/james/pico-sdk/src/common/pico_time/time.c.o
                0x00000000100013f0                best_effort_wfe_or_timeout
 .text.timer_hardware_alarm_claim
                0x00000000100014ec       0x14 CMakeFiles/midi_leds.dir/home/james/pico-sdk/src/rp2_common/hardware_timer/timer.c.o
                0x00000000100014ec                timer_hardware_alarm_claim
 .text.timer_time_us_64
                0x0000000010001500       0x10 CMakeFiles/midi_leds.dir/home/james/pico-sdk/src/rp2_common/hardware_timer/timer.c.o
                0x0000000010001500                timer_time_us_64
 .text.time_us_64
                0x0000000010001510       0x14 CMakeFiles/midi_leds.dir/home/james/pico-sdk/src/rp2_common/hardware_timer/timer.c.o
                0x0000000010001510                time_us_64
 .text.busy_wait_us
                0x0000000010001524       0x54 CMakeFiles/midi_leds.dir/home/james/pico-sdk/src/rp2_common/hardware_timer/timer.c.o
                0x0000000010001524                busy_wait_us
 .text.busy_wait_until
                0x0000000010001578       0x20 CMakeFiles/midi_leds.dir/home/james/pico-sdk/src/rp2_common/hardware_timer/timer.c.o
                0x0000000010001578                busy_wait_until
 .text.uart_init
                0x0000000010001598      0x11c CMakeFiles/midi_leds.dir/home/james/pico-sdk/src/rp2_common/hardware_uart/uart.c.o
                0x0000000010001598                uart_init
 .text.uart_set_format
                0x00000000100016b4       0x78 CMakeFiles/midi_leds.dir/home/james/pico-sdk/src/rp2_common/hardware_uart/uart.c.o
                0x00000000100016b4                uart_set_format
 .text.uart_set_fifo_enabled
                0x000000001000172c       0x60 CMakeFiles/midi_leds.dir/home/james/pico-sdk/src/rp2_common/hardware_uart/uart.c.o
                0x000000001000172c                uart_set_fifo_enabled
 .text.clock_configure_int_divider
                0x000000001000178c       0xf4 CMakeFiles/midi_leds.dir/home/james/pico-sdk/src/rp2_common/hardware_clocks/clocks.c.o
                0x000000001000178c                clock_configure_int_divider
 .text.clock_configure_undivided
                0x0000000010001880       0xe8 CMakeFiles/midi_leds.dir/home/james/pico-sdk/src/rp2_common/hardware_clocks/clocks.c.o
                0x0000000010001880                clock_configure_undivided
 .text.clock_get_hz
                0x0000000010001968        0xc CMakeFiles/midi_leds.dir/home/james/pico-sdk/src/rp2_common/hardware_clocks/clocks.c.o
                0x0000000010001968                clock_get_hz
 .text.pll_init
                0x0000000010001974       0xa0 CMakeFiles/midi_leds.dir/home/james/pico-sdk/src/rp2_common/hardware_pll/pll.c.o
                0x0000000010001974                pll_init
 .text.tick_start
                0x0000000010001a14       0x10 CMakeFiles/midi_leds.dir/home/james/pico-sdk/src/rp2_common/hardware_ticks/ticks.c.o
                0x0000000010001a14                tick_start
 .text.rom_func_lookup
                0x0000000010001a24       0x10 CMakeFiles/midi_leds.dir/home/james/pico-sdk/src/rp2_common/pico_bootrom/bootrom.c.o
                0x0000000010001a24                rom_func_lookup
 .text.rom_data_lookup
                0x0000000010001a34       0x10 CMakeFiles/midi_leds.dir/home/james/pico-sdk/src/rp2_common/pico_bootrom/bootrom.c.o
                0x0000000010001a34                rom_data_lookup
 .text.rom_funcs_lookup
                0x0000000010001a44       0x44 CMakeFiles/midi_leds.dir/home/james/pico-sdk/src/rp2_common/pico_bootrom/bootrom.c.o
                0x0000000010001a44                rom_funcs_lookup
 .text.xosc_init
                0x0000000010001a88       0x28 CMakeFiles/midi_leds.dir/home/james/pico-sdk/src/rp2_common/hardware_xosc/xosc.c.o
                0x0000000010001a88                xosc_init
 .text.first_per_core_initializer
                0x0000000010001ab0        0x4 CMakeFiles/midi_leds.dir/home/james/pico-sdk/src/rp2_common/pico_runtime/runtime.c.o
 .text.hard_assertion_failure
                0x0000000010001ab4        0xc CMakeFiles/midi_leds.dir/home/james/pico-sdk/src/rp2_common/pico_runtime/runtime.c.o
                0x0000000010001ab4                hard_assertion_failure
 .text.runtime_run_initializers
                0x0000000010001ac0       0x28 CMakeFiles/midi_leds.dir/home/james/pico-sdk/src/rp2_common/pico_runtime/runtime.c.o
                0x0000000010001ac0                runtime_run_initializers
 .text.runtime_init_early_resets
                0x0000000010001ae8       0x2c CMakeFiles/midi_leds.dir/home/james/pico-sdk/src/rp2_common/pico_runtime_init/runtime_init.c.o
                0x0000000010001ae8                runtime_init_early_resets
 .text.runtime_init_usb_power_down
                0x0000000010001b14       0x1c CMakeFiles/midi_leds.dir/home/james/pico-sdk/src/rp2_common/pico_runtime_init/runtime_init.c.o
                0x0000000010001b14                runtime_init_usb_power_down
 .text.runtime_init_post_clock_resets
                0x0000000010001b30       0x20 CMakeFiles/midi_leds.dir/home/james/pico-sdk/src/rp2_common/pico_runtime_init/runtime_init.c.o
                0x0000000010001b30                runtime_init_post_clock_resets
 .text.runtime_init_rp2040_gpio_ie_disable
                0x0000000010001b50       0x14 CMakeFiles/midi_leds.dir/home/james/pico-sdk/src/rp2_common/pico_runtime_init/runtime_init.c.o
                0x0000000010001b50                runtime_init_rp2040_gpio_ie_disable
 .text.runtime_init_spin_locks_reset
                0x0000000010001b64        0x8 CMakeFiles/midi_leds.dir/home/james/pico-sdk/src/rp2_common/pico_runtime_init/runtime_init.c.o
                0x0000000010001b64                runtime_init_spin_locks_reset
 .text.runtime_init_install_ram_vector_table
                0x0000000010001b6c       0xcc CMakeFiles/midi_leds.dir/home/james/pico-sdk/src/rp2_common/pico_runtime_init/runtime_init.c.o
                0x0000000010001b6c                runtime_init_install_ram_vector_table
 .text.runtime_init_clocks
                0x0000000010001c38       0xd8 CMakeFiles/midi_leds.dir/home/james/pico-sdk/src/rp2_common/pico_runtime_init/runtime_init_clocks.c.o
                0x0000000010001c38                runtime_init_clocks
 .text          0x0000000010001d10       0x10 CMakeFiles/midi_leds.dir/home/james/pico-sdk/src/rp2_common/pico_bit_ops/bit_ops_aeabi.S.o
 .text.__wrap___aeabi_idiv
                0x0000000010001d20       0x50 CMakeFiles/midi_leds.dir/home/james/pico-sdk/src/rp2_common/pico_divider/divider_hardware.S.o
                0x0000000010001d20                __wrap___aeabi_idivmod
                0x0000000010001d20                divmod_s32s32
                0x0000000010001d20                div_s32s32
                0x0000000010001d20                __wrap___aeabi_idiv
                0x0000000010001d28                divmod_s32s32_unsafe
                0x0000000010001d54                divmod_s32s32_savestate
 .text.__wrap___aeabi_uidiv
                0x0000000010001d70       0x4c CMakeFiles/midi_leds.dir/home/james/pico-sdk/src/rp2_common/pico_divider/divider_hardware.S.o
                0x0000000010001d70                __wrap___aeabi_uidiv
                0x0000000010001d70                __wrap___aeabi_uidivmod
                0x0000000010001d70                div_u32u32
                0x0000000010001d70                divmod_u32u32
                0x0000000010001d78                divmod_u32u32_unsafe
                0x0000000010001da0                divmod_u32u32_savestate
 .text.__wrap___aeabi_ldiv
                0x0000000010001dbc      0x424 CMakeFiles/midi_leds.dir/home/james/pico-sdk/src/rp2_common/pico_divider/divider_hardware.S.o
                0x0000000010001dbc                div_s64s64
                0x0000000010001dbc                divmod_s64s64
                0x0000000010001dbc                __wrap___aeabi_ldivmod
                0x0000000010001dec                div_u64u64
                0x0000000010001dec                divmod_u64u64
                0x0000000010001dec                __wrap___aeabi_uldivmod
                0x0000000010001dfc                divmod_u64u64_savestate
                0x0000000010001e1c                divmod_s64s64_unsafe
                0x0000000010001ea4                divmod_u64u64_unsafe
 .text.__aeabi_double_init
                0x00000000100021e0       0xa0 CMakeFiles/midi_leds.dir/home/james/pico-sdk/src/rp2_common/pico_double/double_init_rom_rp2040.c.o
                0x00000000100021e0                __aeabi_double_init
 .text.double_table_shim_on_use_helper
                0x0000000010002280       0x2c CMakeFiles/midi_leds.dir/home/james/pico-sdk/src/rp2_common/pico_double/double_v1_rom_shim_rp2040.S.o
                0x0000000010002280                double_table_shim_on_use_helper
 .text.__aeabi_lmul
                0x00000000100022ac       0x32 CMakeFiles/midi_leds.dir/home/james/pico-sdk/src/rp2_common/pico_int64_ops/pico_int64_ops_aeabi.S.o
                0x00000000100022ac                __wrap___aeabi_lmul
 *fill*         0x00000000100022de        0x2 
 .text.__wrap___aeabi_farithmetic
                0x00000000100022e0       0x48 CMakeFiles/midi_leds.dir/home/james/pico-sdk/src/rp2_common/pico_float/float_aeabi_rp2040.S.o
                0x00000000100022e0                __wrap___aeabi_frsub
                0x00000000100022e6                __wrap___aeabi_fsub
                0x00000000100022ec                __wrap___aeabi_fadd
                0x00000000100022f2                __wrap___aeabi_fdiv
                0x000000001000231a                __wrap___aeabi_fmul
 .text.__wrap___aeabi_ui2f
                0x0000000010002328        0xa CMakeFiles/midi_leds.dir/home/james/pico-sdk/src/rp2_common/pico_float/float_aeabi_rp2040.S.o
                0x0000000010002328                uint2float
                0x0000000010002328                __wrap___aeabi_ui2f
 *fill*         0x0000000010002332        0x2 
 .text.__wrap___aeabi_i2f
                0x0000000010002334       0x44 CMakeFiles/midi_leds.dir/home/james/pico-sdk/src/rp2_common/pico_float/float_aeabi_rp2040.S.o
                0x0000000010002334                int2float
                0x0000000010002334                __wrap___aeabi_i2f
 .text.__wrap___aeabi_f2uiz
                0x0000000010002378        0xc CMakeFiles/midi_leds.dir/home/james/pico-sdk/src/rp2_common/pico_float/float_aeabi_rp2040.S.o
                0x0000000010002378                float2uint
                0x0000000010002378                float2uint_z
                0x0000000010002378                __wrap___aeabi_f2uiz
 .text.__aeabi_float_init
                0x0000000010002384       0x64 CMakeFiles/midi_leds.dir/home/james/pico-sdk/src/rp2_common/pico_float/float_init_rom_rp2040.c.o
                0x0000000010002384                __aeabi_float_init
 .text.float_table_shim_on_use_helper
                0x00000000100023e8       0x2c CMakeFiles/midi_leds.dir/home/james/pico-sdk/src/rp2_common/pico_float/float_v1_rom_shim_rp2040.S.o
                0x00000000100023e8                float_table_shim_on_use_helper
 .text          0x0000000010002414       0x10 CMakeFiles/midi_leds.dir/home/james/pico-sdk/src/rp2_common/pico_mem_ops/mem_ops_aeabi.S.o
                0x0000000010002414                __aeabi_mem_init
 .text.memset   0x0000000010002424        0xc CMakeFiles/midi_leds.dir/home/james/pico-sdk/src/rp2_common/pico_mem_ops/mem_ops_aeabi.S.o
                0x0000000010002424                __wrap_memset
 .text.memcpy   0x0000000010002430        0xc CMakeFiles/midi_leds.dir/home/james/pico-sdk/src/rp2_common/pico_mem_ops/mem_ops_aeabi.S.o
                0x0000000010002430                __wrap___aeabi_memcpy
                0x0000000010002430                __wrap_memcpy
 .text._out_char
                0x000000001000243c       0x10 CMakeFiles/midi_leds.dir/home/james/pico-sdk/src/rp2_common/pico_printf/printf.c.o
 .text.weak_raw_vprintf
                0x000000001000244c       0x30 CMakeFiles/midi_leds.dir/home/james/pico-sdk/src/rp2_common/pico_printf/printf.c.o
                0x000000001000244c                weak_raw_vprintf
 .text._exit    0x000000001000247c        0x4 CMakeFiles/midi_leds.dir/home/james/pico-sdk/src/rp2_common/pico_clib_interface/newlib_interface.c.o
                0x000000001000247c                _exit
 .text.exit     0x0000000010002480        0x8 CMakeFiles/midi_leds.dir/home/james/pico-sdk/src/rp2_common/pico_clib_interface/newlib_interface.c.o
                0x0000000010002480                exit
 .text.runtime_init
                0x0000000010002488       0x2c CMakeFiles/midi_leds.dir/home/james/pico-sdk/src/rp2_common/pico_clib_interface/newlib_interface.c.o
                0x0000000010002488                runtime_init
 .text.stdio_out_chars_no_crlf
                0x00000000100024b4       0x10 CMakeFiles/midi_leds.dir/home/james/pico-sdk/src/rp2_common/pico_stdio/stdio.c.o
 .text.stdio_out_chars_crlf
                0x00000000100024c4       0xb4 CMakeFiles/midi_leds.dir/home/james/pico-sdk/src/rp2_common/pico_stdio/stdio.c.o
 .text.stdio_put_string
                0x0000000010002578      0x100 CMakeFiles/midi_leds.dir/home/james/pico-sdk/src/rp2_common/pico_stdio/stdio.c.o
                0x0000000010002578                stdio_put_string
 .text.__wrap_putchar
                0x0000000010002678       0x98 CMakeFiles/midi_leds.dir/home/james/pico-sdk/src/rp2_common/pico_stdio/stdio.c.o
                0x0000000010002678                stdio_putchar
                0x0000000010002678                __wrap_putchar
 .text.__wrap_puts
                0x0000000010002710       0x3c CMakeFiles/midi_leds.dir/home/james/pico-sdk/src/rp2_common/pico_stdio/stdio.c.o
                0x0000000010002710                __wrap_puts
                0x0000000010002710                stdio_puts
 .text.pio_add_program
                0x000000001000274c       0xf4 CMakeFiles/midi_leds.dir/home/james/pico-sdk/src/rp2_common/hardware_pio/pio.c.o
                0x000000001000274c                pio_add_program
 .text.pio_sm_set_consecutive_pindirs
                0x0000000010002840       0xbc CMakeFiles/midi_leds.dir/home/james/pico-sdk/src/rp2_common/hardware_pio/pio.c.o
                0x0000000010002840                pio_sm_set_consecutive_pindirs
 .text.pio_sm_init
                0x00000000100028fc       0x94 CMakeFiles/midi_leds.dir/home/james/pico-sdk/src/rp2_common/hardware_pio/pio.c.o
                0x00000000100028fc                pio_sm_init
 .text.dma_claim_unused_channel
                0x0000000010002990       0x20 CMakeFiles/midi_leds.dir/home/james/pico-sdk/src/rp2_common/hardware_dma/dma.c.o
                0x0000000010002990                dma_claim_unused_channel
 .text          0x00000000100029b0       0x5c /usr/lib/gcc/arm-none-eabi/10.3.1/../../../arm-none-eabi/lib/thumb/v6-m/nofp/libg.a(lib_a-strlen-stub.o)
                0x00000000100029b0                strlen
 *(.fini)
 .fini          0x0000000010002a0c        0x4 /usr/lib/gcc/arm-none-eabi/10.3.1/thumb/v6-m/nofp/crti.o
                0x0000000010002a0c                _fini
 .fini.__stub   0x0000000010002a10       0x40 linker stubs
 *crtbegin.o(.ctors)
 *crtbegin?.o(.ctors)
 *(EXCLUDE_FILE(*crtend.o *crtend?.o) .ctors)
 *(SORT_BY_NAME(.ctors.*))
 *(.ctors)
 *crtbegin.o(.dtors)
 *crtbegin?.o(.dtors)
 *(EXCLUDE_FILE(*crtend.o *crtend?.o) .dtors)
 *(SORT_BY_NAME(.dtors.*))
 *(.dtors)
                0x0000000010002a50                . = ALIGN (0x4)
                0x0000000010002a50                PROVIDE (__preinit_array_start = .)
 *(SORT_BY_NAME(.preinit_array.*))
 .preinit_array.00100
                0x0000000010002a50        0x4 CMakeFiles/midi_leds.dir/home/james/pico-sdk/src/rp2_common/pico_runtime_init/runtime_init.c.o
                0x0000000010002a50                __pre_init_runtime_init_early_resets
 .preinit_array.00101
                0x0000000010002a54        0x4 CMakeFiles/midi_leds.dir/home/james/pico-sdk/src/rp2_common/pico_runtime_init/runtime_init.c.o
                0x0000000010002a54                __pre_init_runtime_init_usb_power_down
 .preinit_array.00275
                0x0000000010002a58        0x4 CMakeFiles/midi_leds.dir/home/james/pico-sdk/src/rp2_common/pico_bit_ops/bit_ops_aeabi.S.o
 .preinit_array.00300
                0x0000000010002a5c        0x4 CMakeFiles/midi_leds.dir/home/james/pico-sdk/src/rp2_common/pico_mem_ops/mem_ops_aeabi.S.o
 .preinit_array.00350
                0x0000000010002a60        0x4 CMakeFiles/midi_leds.dir/home/james/pico-sdk/src/rp2_common/pico_double/double_aeabi_rp2040.S.o
 .preinit_array.00350
                0x0000000010002a64        0x4 CMakeFiles/midi_leds.dir/home/james/pico-sdk/src/rp2_common/pico_float/float_aeabi_rp2040.S.o
 .preinit_array.00500
                0x0000000010002a68        0x4 CMakeFiles/midi_leds.dir/home/james/pico-sdk/src/rp2_common/pico_runtime_init/runtime_init.c.o
                0x0000000010002a68                __pre_init_runtime_init_clocks
 .preinit_array.00600
                0x0000000010002a6c        0x4 CMakeFiles/midi_leds.dir/home/james/pico-sdk/src/rp2_common/pico_runtime_init/runtime_init.c.o
                0x0000000010002a6c                __pre_init_runtime_init_post_clock_resets
 .preinit_array.00700
                0x0000000010002a70        0x4 CMakeFiles/midi_leds.dir/home/james/pico-sdk/src/rp2_common/pico_runtime_init/runtime_init.c.o
                0x0000000010002a70                __pre_init_runtime_init_rp2040_gpio_ie_disable
 .preinit_array.01000
                0x0000000010002a74        0x4 CMakeFiles/midi_leds.dir/home/james/pico-sdk/src/rp2_common/pico_runtime_init/runtime_init.c.o
                0x0000000010002a74                __pre_init_runtime_init_spin_locks_reset
 .preinit_array.01100
                0x0000000010002a78        0x4 CMakeFiles/midi_leds.dir/home/james/pico-sdk/src/common/pico_sync/mutex.c.o
                0x0000000010002a78                __pre_init_runtime_init_mutex
 .preinit_array.10080
                0x0000000010002a7c        0x4 CMakeFiles/midi_leds.dir/home/james/pico-sdk/src/rp2_common/pico_runtime_init/runtime_init.c.o
                0x0000000010002a7c                __pre_init_runtime_init_install_ram_vector_table
 .preinit_array.11000
                0x0000000010002a80        0x4 CMakeFiles/midi_leds.dir/home/james/pico-sdk/src/common/pico_time/time.c.o
                0x0000000010002a80                __pre_init_runtime_init_default_alarm_pool
 .preinit_array.YYYYY
                0x0000000010002a84        0x4 CMakeFiles/midi_leds.dir/home/james/pico-sdk/src/rp2_common/pico_runtime/runtime.c.o
                0x0000000010002a84                __pre_init_first_per_core_initializer
 .preinit_array.ZZZZZ.01200
                0x0000000010002a88        0x4 CMakeFiles/midi_leds.dir/home/james/pico-sdk/src/rp2_common/hardware_irq/irq.c.o
                0x0000000010002a88                __pre_init_runtime_init_per_core_irq_priorities
 *(.preinit_array)
                0x0000000010002a8c                PROVIDE (__preinit_array_end = .)
                0x0000000010002a8c                . = ALIGN (0x4)
                0x0000000010002a8c                PROVIDE (__init_array_start = .)
 *(SORT_BY_NAME(.init_array.*))
 *(.init_array)
 .init_array    0x0000000010002a8c        0x4 /usr/lib/gcc/arm-none-eabi/10.3.1/thumb/v6-m/nofp/crtbegin.o
                0x0000000010002a90                PROVIDE (__init_array_end = .)
                0x0000000010002a90                . = ALIGN (0x4)
                0x0000000010002a90                PROVIDE (__fini_array_start = .)
 *(SORT_BY_NAME(.fini_array.*))
 *(.fini_array)
                0x0000000010002a90                PROVIDE (__fini_array_end = .)
 *(.eh_frame*)
 .eh_frame      0x0000000010002a90        0x0 /usr/lib/gcc/arm-none-eabi/10.3.1/thumb/v6-m/nofp/crtbegin.o
                0x0000000010002a90                . = ALIGN (0x4)

.glue_7         0x0000000010002a90        0x0
 .glue_7        0x0000000010002a90        0x0 linker stubs

.glue_7t        0x0000000010002a90        0x0
 .glue_7t       0x0000000010002a90        0x0 linker stubs

.vfp11_veneer   0x0000000010002a90        0x0
 .vfp11_veneer  0x0000000010002a90        0x0 linker stubs

.v4_bx          0x0000000010002a90        0x0
 .v4_bx         0x0000000010002a90        0x0 linker stubs

.iplt           0x0000000010002a90        0x0
 .iplt          0x0000000010002a90        0x0 /usr/lib/gcc/arm-none-eabi/10.3.1/thumb/v6-m/nofp/crtbegin.o

.rodata         0x0000000010002a90      0x14c
 *(EXCLUDE_FILE(*libm.a: *libc.a:*lib_a-mem*.o *libgcc.a:) .rodata*)
 .rodata._ZL14ws2812_program
                0x0000000010002a90        0x8 CMakeFiles/midi_leds.dir/leds.cpp.o
 .rodata._ZL27ws2812_program_instructions
                0x0000000010002a98        0x8 CMakeFiles/midi_leds.dir/leds.cpp.o
 .rodata._ZL14CHANNEL_COLORS
                0x0000000010002aa0       0x40 CMakeFiles/midi_leds.dir/layout.cpp.o
 .rodata.panic.str1.4
                0x0000000010002ae0       0x12 CMakeFiles/midi_leds.dir/home/james/pico-sdk/src/rp2_common/pico_platform_panic/panic.c.o
 *fill*         0x0000000010002af2        0x2 
 .rodata.timer_hardware_alarm_claim.str1.4
                0x0000000010002af4       0x22 CMakeFiles/midi_leds.dir/home/james/pico-sdk/src/rp2_common/hardware_timer/timer.c.o
 *fill*         0x0000000010002b16        0x2 
 .rodata.hard_assertion_failure.str1.4
                0x0000000010002b18        0xc CMakeFiles/midi_leds.dir/home/james/pico-sdk/src/rp2_common/pico_runtime/runtime.c.o
 .rodata.str1.4
                0x0000000010002b24       0x40 CMakeFiles/midi_leds.dir/home/james/pico-sdk/src/rp2_common/pico_standard_binary_info/standard_binary_info.c.o
 .rodata.__bi_26
                0x0000000010002b64        0xc CMakeFiles/midi_leds.dir/home/james/pico-sdk/src/rp2_common/pico_standard_binary_info/standard_binary_info.c.o
 .rodata.__bi_34
                0x0000000010002b70        0xc CMakeFiles/midi_leds.dir/home/james/pico-sdk/src/rp2_common/pico_standard_binary_info/standard_binary_info.c.o
 .rodata.__bi_42
                0x0000000010002b7c        0xc CMakeFiles/midi_leds.dir/home/james/pico-sdk/src/rp2_common/pico_standard_binary_info/standard_binary_info.c.o
 .rodata.__bi_48
                0x0000000010002b88        0xc CMakeFiles/midi_leds.dir/home/james/pico-sdk/src/rp2_common/pico_standard_binary_info/standard_binary_info.c.o
 .rodata.__bi_54
                0x0000000010002b94        0xc CMakeFiles/midi_leds.dir/home/james/pico-sdk/src/rp2_common/pico_standard_binary_info/standard_binary_info.c.o
 .rodata.__bi_78
                0x0000000010002ba0        0xc CMakeFiles/midi_leds.dir/home/james/pico-sdk/src/rp2_common/pico_standard_binary_info/standard_binary_info.c.o
 .rodata.__bi_84
                0x0000000010002bac        0xc CMakeFiles/midi_leds.dir/home/james/pico-sdk/src/rp2_common/pico_standard_binary_info/standard_binary_info.c.o
 .rodata.crlf_str.0
                0x0000000010002bb8        0x2 CMakeFiles/midi_leds.dir/home/james/pico-sdk/src/rp2_common/pico_stdio/stdio.c.o
 *fill*         0x0000000010002bba        0x2 
 .rodata.dma_claim_unused_channel.str1.4
                0x0000000010002bbc       0x1e CMakeFiles/midi_leds.dir/home/james/pico-sdk/src/rp2_common/hardware_dma/dma.c.o
                0x0000000010002bdc                . = ALIGN (0x4)
 *fill*         0x0000000010002bda        0x2 
 *(SORT_BY_ALIGNMENT(SORT_BY_NAME(.flashdata*)))
                0x0000000010002bdc                . = ALIGN (0x4)

.ARM.extab
 *(.ARM.extab* .gnu.linkonce.armextab.*)
                0x0000000010002bdc                __exidx_start = .

.ARM.exidx
 *(.ARM.exidx* .gnu.linkonce.armexidx.*)
                0x0000000010002bdc                __exidx_end = .
                0x0000000010002bdc                . = ALIGN (0x4)
                0x0000000010002bdc                __binary_info_start = .

.binary_info    0x0000000010002bdc       0x1c
 *(.binary_info.keep.*)
 .binary_info.keep.__bi_ptr26
                0x0000000010002bdc        0x4 CMakeFiles/midi_leds.dir/home/james/pico-sdk/src/rp2_common/pico_standard_binary_info/standard_binary_info.c.o
 .binary_info.keep.__bi_ptr34
                0x0000000010002be0        0x4 CMakeFiles/midi_leds.dir/home/james/pico-sdk/src/rp2_common/pico_standard_binary_info/standard_binary_info.c.o
 .binary_info.keep.__bi_ptr42
                0x0000000010002be4        0x4 CMakeFiles/midi_leds.dir/home/james/pico-sdk/src/rp2_common/pico_standard_binary_info/standard_binary_info.c.o
 .binary_info.keep.__bi_ptr48
                0x0000000010002be8        0x4 CMakeFiles/midi_leds.dir/home/james/pico-sdk/src/rp2_common/pico_standard_binary_info/standard_binary_info.c.o
 .binary_info.keep.__bi_ptr54
                0x0000000010002bec        0x4 CMakeFiles/midi_leds.dir/home/james/pico-sdk/src/rp2_common/pico_standard_binary_info/standard_binary_info.c.o
 .binary_info.keep.__bi_ptr78
                0x0000000010002bf0        0x4 CMakeFiles/midi_leds.dir/home/james/pico-sdk/src/rp2_common/pico_standard_binary_info/standard_binary_info.c.o
 .binary_info.keep.__bi_ptr84
                0x0000000010002bf4        0x4 CMakeFiles/midi_leds.dir/home/james/pico-sdk/src/rp2_common/pico_standard_binary_info/standard_binary_info.c.o
 *(.binary_info.*)
                0x0000000010002bf8                __binary_info_end = .
                0x0000000010002bf8                . = ALIGN (0x4)

.ram_vector_table
                0x0000000020000000       0xc0
 *(.ram_vector_table)
 .ram_vector_table
                0x0000000020000000       0xc0 CMakeFiles/midi_leds.dir/home/james/pico-sdk/src/rp2_common/pico_runtime_init/runtime_init.c.o
                0x0000000020000000                ram_vector_table

.uninitialized_data
                0x00000000200000c0        0x0
                0x00000000200000c0                . = ALIGN (0x4)
 *(.uninitialized_data*)

.data           0x00000000200000c0      0x128 load address 0x0000000010002bf8
                0x00000000200000c0                __data_start__ = .
 *(vtable)
 *(.time_critical*)
 .time_critical.mutex_try_enter_block_until
                0x00000000200000c0       0x9c CMakeFiles/midi_leds.dir/home/james/pico-sdk/src/common/pico_sync/mutex.c.o
                0x00000000200000c0                mutex_try_enter_block_until
 .time_critical.mutex_exit
                0x000000002000015c       0x28 CMakeFiles/midi_leds.dir/home/james/pico-sdk/src/common/pico_sync/mutex.c.o
                0x000000002000015c                mutex_exit
 *(.text*)
 .text          0x0000000020000184        0x4 /usr/lib/gcc/arm-none-eabi/10.3.1/thumb/v6-m/nofp/libgcc.a(_dvmd_tls.o)
                0x0000000020000184                __aeabi_ldiv0
                0x0000000020000184                __aeabi_idiv0
 .text.__stub   0x0000000020000188       0x10 linker stubs
                0x0000000020000198                . = ALIGN (0x4)
 *(.rodata*)
                0x0000000020000198                . = ALIGN (0x4)
 *(.data*)
 .data.striped_spin_lock_num
                0x0000000020000198        0x1 CMakeFiles/midi_leds.dir/home/james/pico-sdk/src/rp2_common/hardware_sync/sync.c.o
 *fill*         0x0000000020000199        0x3 
 .data.default_alarm_pool
                0x000000002000019c       0x18 CMakeFiles/midi_leds.dir/home/james/pico-sdk/src/common/pico_time/time.c.o
 *fill*         0x00000000200001b4        0xc 
 .data.aeabi_bits_funcs
                0x00000000200001c0       0x10 CMakeFiles/midi_leds.dir/home/james/pico-sdk/src/rp2_common/pico_bit_ops/bit_ops_aeabi.S.o
                0x00000000200001c0                aeabi_bits_funcs
                0x00000000200001d0                aeabi_bits_funcs_end
 .data.aeabi_mem_funcs
                0x00000000200001d0       0x10 CMakeFiles/midi_leds.dir/home/james/pico-sdk/src/rp2_common/pico_mem_ops/mem_ops_aeabi.S.o
                0x00000000200001d0                aeabi_mem_funcs
                0x00000000200001e0                aeabi_mem_funcs_end
                0x00000000200001e0                . = ALIGN (0x4)
 *(.after_data.*)
                0x00000000200001e0                . = ALIGN (0x4)
                0x00000000200001e0                PROVIDE (__mutex_array_start = .)
 *(SORT_BY_NAME(.mutex_array.*))
 *(.mutex_array)
 .mutex_array   0x00000000200001e0        0x8 CMakeFiles/midi_leds.dir/home/james/pico-sdk/src/rp2_common/pico_stdio/stdio.c.o
                0x00000000200001e8                PROVIDE (__mutex_array_end = .)
                0x00000000200001e8                . = ALIGN (0x4)
 *(.jcr)
                0x00000000200001e8                . = ALIGN (0x4)

.tm_clone_table
                0x00000000200001e8        0x0 load address 0x0000000010002d20
 .tm_clone_table
                0x00000000200001e8        0x0 /usr/lib/gcc/arm-none-eabi/10.3.1/thumb/v6-m/nofp/crtbegin.o
 .tm_clone_table
                0x00000000200001e8        0x0 /usr/lib/gcc/arm-none-eabi/10.3.1/thumb/v6-m/nofp/crtend.o

.igot.plt       0x00000000200001e8        0x0 load address 0x0000000010002d20
 .igot.plt      0x00000000200001e8        0x0 /usr/lib/gcc/arm-none-eabi/10.3.1/thumb/v6-m/nofp/crtbegin.o

.tdata          0x00000000200001e8        0x0 load address 0x0000000010002d20
                0x00000000200001e8                . = ALIGN (0x4)
 *(.tdata .tdata.* .gnu.linkonce.td.*)
                0x00000000200001e8                __tdata_end = .
                0x00000000200001e8                PROVIDE (__data_end__ = .)
                0x0000000010002bf8                __etext = LOADADDR (.data)

.tbss           0x00000000200001e8        0x0 load address 0x0000000010002d20
                0x00000000200001e8                . = ALIGN (0x4)
                0x00000000200001e8                __bss_start__ = .
                0x00000000200001e8                __tls_base = .
 *(.tbss .tbss.* .gnu.linkonce.tb.*)
 *(.tcommon)
                0x00000000200001e8                __tls_end = .

.bss            0x00000000200001e8     0x6d4c load address 0x0000000010002d20
                0x00000000200001e8                . = ALIGN (0x4)
                0x00000000200001e8                __tbss_end = .
 *(SORT_BY_ALIGNMENT(SORT_BY_NAME(.bss*)))
 .bss.default_alarm_pool_entries
                0x00000000200001e8      0x180 CMakeFiles/midi_leds.dir/home/james/pico-sdk/src/common/pico_time/time.c.o
 .bss.sd_table  0x0000000020000368      0x100 CMakeFiles/midi_leds.dir/home/james/pico-sdk/src/rp2_common/pico_double/double_init_rom_rp2040.c.o
                0x0000000020000368                sd_table
 .bss.sf_table  0x0000000020000468      0x100 CMakeFiles/midi_leds.dir/home/james/pico-sdk/src/rp2_common/pico_float/float_init_rom_rp2040.c.o
                0x0000000020000468                sf_table
 .bss           0x0000000020000568       0x1c /usr/lib/gcc/arm-none-eabi/10.3.1/thumb/v6-m/nofp/crtbegin.o
 .bss._ZL11framebuffer
                0x0000000020000584      0x800 CMakeFiles/midi_leds.dir/leds.cpp.o
 .bss._ZL8dma_chan
                0x0000000020000d84        0x4 CMakeFiles/midi_leds.dir/leds.cpp.o
 .bss._ZZ4mainE10last_blink
                0x0000000020000d88        0x4 CMakeFiles/midi_leds.dir/main.cpp.o
 .bss._used_instruction_space
                0x0000000020000d8c        0x8 CMakeFiles/midi_leds.dir/home/james/pico-sdk/src/rp2_common/hardware_pio/pio.c.o
 .bss.activeChannelCount
                0x0000000020000d94        0x4 CMakeFiles/midi_leds.dir/layout.cpp.o
                0x0000000020000d94                activeChannelCount
 .bss.channels  0x0000000020000d98     0x6140 CMakeFiles/midi_leds.dir/layout.cpp.o
                0x0000000020000d98                channels
 .bss.claimed   0x0000000020006ed8        0x1 CMakeFiles/midi_leds.dir/home/james/pico-sdk/src/rp2_common/hardware_timer/timer.c.o
 *fill*         0x0000000020006ed9        0x3 
 .bss.configured_freq
                0x0000000020006edc       0x28 CMakeFiles/midi_leds.dir/home/james/pico-sdk/src/rp2_common/hardware_clocks/clocks.c.o
 .bss.drivers   0x0000000020006f04        0x4 CMakeFiles/midi_leds.dir/home/james/pico-sdk/src/rp2_common/pico_stdio/stdio.c.o
 .bss.filter    0x0000000020006f08        0x4 CMakeFiles/midi_leds.dir/home/james/pico-sdk/src/rp2_common/pico_stdio/stdio.c.o
 .bss.lazy_vsnprintf
                0x0000000020006f0c        0x4 CMakeFiles/midi_leds.dir/home/james/pico-sdk/src/rp2_common/pico_printf/printf.c.o
 .bss.pools     0x0000000020006f10       0x10 CMakeFiles/midi_leds.dir/home/james/pico-sdk/src/common/pico_time/time.c.o
 .bss.sf_clz_func
                0x0000000020006f20        0x4 CMakeFiles/midi_leds.dir/home/james/pico-sdk/src/rp2_common/pico_double/double_init_rom_rp2040.c.o
                0x0000000020006f20                sf_clz_func
 .bss.sleep_notifier
                0x0000000020006f24        0x4 CMakeFiles/midi_leds.dir/home/james/pico-sdk/src/common/pico_time/time.c.o
 .bss.uart_char_to_line_feed
                0x0000000020006f28        0x4 CMakeFiles/midi_leds.dir/home/james/pico-sdk/src/rp2_common/hardware_uart/uart.c.o
                0x0000000020006f28                uart_char_to_line_feed
 .bss._claimed  0x0000000020006f2c        0x2 CMakeFiles/midi_leds.dir/home/james/pico-sdk/src/rp2_common/hardware_dma/dma.c.o
 .bss._ZL13currentStatus
                0x0000000020006f2e        0x1 CMakeFiles/midi_leds.dir/midi.cpp.o
 .bss._ZL13runningStatus
                0x0000000020006f2f        0x1 CMakeFiles/midi_leds.dir/midi.cpp.o
 .bss._ZL5data1
                0x0000000020006f30        0x1 CMakeFiles/midi_leds.dir/midi.cpp.o
 .bss._ZL5state
                0x0000000020006f31        0x1 CMakeFiles/midi_leds.dir/midi.cpp.o
 .bss._ZL7inSysEx
                0x0000000020006f32        0x1 CMakeFiles/midi_leds.dir/midi.cpp.o
 *(COMMON)
                0x0000000020006f34                . = ALIGN (0x4)
 *fill*         0x0000000020006f33        0x1 
                0x0000000020006f34                __bss_end__ = .

.heap           0x0000000020006f34      0x800 load address 0x0000000010002d20
                0x0000000020006f34                __end__ = .
                0x0000000020006f34                end = __end__
 *(.heap*)
 .heap          0x0000000020006f34      0x800 CMakeFiles/midi_leds.dir/home/james/pico-sdk/src/rp2_common/pico_crt0/crt0.S.o
                0x0000000020040000                __HeapLimit = (ORIGIN (RAM) + LENGTH (RAM))

.scratch_x      0x0000000020040000        0x0 load address 0x0000000010002d20
                0x0000000020040000                __scratch_x_start__ = .
 *(.scratch_x.*)
                0x0000000020040000                . = ALIGN (0x4)
                0x0000000020040000                __scratch_x_end__ = .
                0x0000000010002d20                __scratch_x_source__ = LOADADDR (.scratch_x)

.scratch_y      0x0000000020041000        0x0 load address 0x0000000010002d20
                0x0000000020041000                __scratch_y_start__ = .
 *(.scratch_y.*)
                0x0000000020041000                . = ALIGN (0x4)
                0x0000000020041000                __scratch_y_end__ = .
                0x0000000010002d20                __scratch_y_source__ = LOADADDR (.scratch_y)

.stack1_dummy   0x0000000020040000        0x0
 *(.stack1*)

.stack_dummy    0x0000000020041000      0x800
 *(.stack*)
 .stack         0x0000000020041000      0x800 CMakeFiles/midi_leds.dir/home/james/pico-sdk/src/rp2_common/pico_crt0/crt0.S.o

.rel.dyn        0x0000000020041800        0x0
 .rel.iplt      0x0000000020041800        0x0 /usr/lib/gcc/arm-none-eabi/10.3.1/thumb/v6-m/nofp/crtbegin.o

.flash_end      0x0000000010002d20        0x0
 *(.embedded_end_block*)
                0x0000000010002d20                PROVIDE (__flash_binary_end = .)
                0x0000000020040000                __StackLimit = (ORIGIN (RAM) + LENGTH (RAM))
                0x0000000020041000                __StackOneTop = (ORIGIN (SCRATCH_X) + LENGTH (SCRATCH_X))
                0x0000000020042000                __StackTop = (ORIGIN (SCRATCH_Y) + LENGTH (SCRATCH_Y))
                0x0000000020041000                __StackOneBottom = (__StackOneTop - SIZEOF (.stack1_dummy))
                0x0000000020041800                __StackBottom = (__StackTop - SIZEOF (.stack_dummy))
                0x0000000020042000                PROVIDE (__stack = __StackTop)
                [!provide]                        PROVIDE (__heap_start = __end__)
                [!provide]                        PROVIDE (__heap_end = __HeapLimit)
                [!provide]                        PROVIDE (__tls_align = MAX (ALIGNOF (.tdata), ALIGNOF (.tbss)))
                [!provide]                        PROVIDE (__tls_size_align = (((__tls_size + __tls_align) - 0x1) & ~ ((__tls_align - 0x1))))
                [!provide]                        PROVIDE (__arm32_tls_tcb_offset = MAX (0x8, __tls_align))
                [!provide]                        PROVIDE (_end = __end__)
                [!provide]                        PROVIDE (__llvm_libc_heap_limit = __HeapLimit)
                0x0000000000000001                ASSERT ((__StackLimit >= __HeapLimit), region RAM overflowed)
                0x0000000000000001                ASSERT (((__binary_info_header_end - __logical_binary_start) <= 0x100), Binary info must be in first 256 bytes of the binary)
LOAD CMakeFiles/midi_leds.dir/main.cpp.o
LOAD CMakeFiles/midi_leds.dir/leds.cpp.o
LOAD CMakeFiles/midi_leds.dir/midi.cpp.o
LOAD CMakeFiles/midi_leds.dir/layout.cpp.o
LOAD CMakeFiles/midi_leds.dir/home/james/pico-sdk/src/rp2_common/pico_stdlib/stdlib.c.o
LOAD CMakeFiles/midi_leds.dir/home/james/pico-sdk/src/rp2_common/hardware_gpio/gpio.c.o
LOAD CMakeFiles/midi_leds.dir/home/james/pico-sdk/src/rp2040/pico_platform/platform.c.o
LOAD CMakeFiles/midi_leds.dir/home/james/pico-sdk/src/rp2_common/pico_platform_common/common.c.o
LOAD CMakeFiles/midi_leds.dir/home/james/pico-sdk/src/rp2_common/pico_platform_panic/panic.c.o
LOAD CMakeFiles/midi_leds.dir/home/james/pico-sdk/src/common/hardware_claim/claim.c.o
LOAD CMakeFiles/midi_leds.dir/home/james/pico-sdk/src/rp2_common/hardware_sync/sync.c.o
LOAD CMakeFiles/midi_leds.dir/home/james/pico-sdk/src/rp2_common/hardware_sync_spin_lock/sync_spin_lock.c.o
LOAD CMakeFiles/midi_leds.dir/home/james/pico-sdk/src/rp2_common/hardware_irq/irq.c.o
LOAD CMakeFiles/midi_leds.dir/home/james/pico-sdk/src/rp2_common/hardware_irq/irq_handler_chain.S.o
LOAD CMakeFiles/midi_leds.dir/home/james/pico-sdk/src/common/pico_sync/sem.c.o
LOAD CMakeFiles/midi_leds.dir/home/james/pico-sdk/src/common/pico_sync/lock_core.c.o
LOAD CMakeFiles/midi_leds.dir/home/james/pico-sdk/src/common/pico_sync/mutex.c.o
LOAD CMakeFiles/midi_leds.dir/home/james/pico-sdk/src/common/pico_sync/critical_section.c.o
LOAD CMakeFiles/midi_leds.dir/home/james/pico-sdk/src/common/pico_time/time.c.o
LOAD CMakeFiles/midi_leds.dir/home/james/pico-sdk/src/common/pico_time/timeout_helper.c.o
LOAD CMakeFiles/midi_leds.dir/home/james/pico-sdk/src/rp2_common/hardware_timer/timer.c.o
LOAD CMakeFiles/midi_leds.dir/home/james/pico-sdk/src/common/pico_util/datetime.c.o
LOAD CMakeFiles/midi_leds.dir/home/james/pico-sdk/src/common/pico_util/pheap.c.o
LOAD CMakeFiles/midi_leds.dir/home/james/pico-sdk/src/common/pico_util/queue.c.o
LOAD CMakeFiles/midi_leds.dir/home/james/pico-sdk/src/rp2_common/hardware_uart/uart.c.o
LOAD CMakeFiles/midi_leds.dir/home/james/pico-sdk/src/rp2_common/hardware_clocks/clocks.c.o
LOAD CMakeFiles/midi_leds.dir/home/james/pico-sdk/src/rp2_common/hardware_pll/pll.c.o
LOAD CMakeFiles/midi_leds.dir/home/james/pico-sdk/src/rp2_common/hardware_vreg/vreg.c.o
LOAD CMakeFiles/midi_leds.dir/home/james/pico-sdk/src/rp2_common/hardware_watchdog/watchdog.c.o
LOAD CMakeFiles/midi_leds.dir/home/james/pico-sdk/src/rp2_common/hardware_ticks/ticks.c.o
LOAD CMakeFiles/midi_leds.dir/home/james/pico-sdk/src/rp2_common/pico_bootrom/bootrom.c.o
LOAD CMakeFiles/midi_leds.dir/home/james/pico-sdk/src/rp2_common/pico_bootrom/bootrom_lock.c.o
LOAD CMakeFiles/midi_leds.dir/home/james/pico-sdk/src/rp2_common/hardware_boot_lock/boot_lock.c.o
LOAD CMakeFiles/midi_leds.dir/home/james/pico-sdk/src/rp2_common/pico_flash/flash.c.o
LOAD CMakeFiles/midi_leds.dir/home/james/pico-sdk/src/rp2_common/hardware_xosc/xosc.c.o
LOAD CMakeFiles/midi_leds.dir/home/james/pico-sdk/src/rp2_common/hardware_divider/divider.S.o
LOAD CMakeFiles/midi_leds.dir/home/james/pico-sdk/src/rp2_common/pico_runtime/runtime.c.o
LOAD CMakeFiles/midi_leds.dir/home/james/pico-sdk/src/rp2_common/pico_runtime_init/runtime_init.c.o
LOAD CMakeFiles/midi_leds.dir/home/james/pico-sdk/src/rp2_common/pico_runtime_init/runtime_init_clocks.c.o
LOAD CMakeFiles/midi_leds.dir/home/james/pico-sdk/src/rp2_common/pico_runtime_init/runtime_init_stack_guard.c.o
LOAD CMakeFiles/midi_leds.dir/home/james/pico-sdk/src/rp2_common/pico_bit_ops/bit_ops_aeabi.S.o
LOAD CMakeFiles/midi_leds.dir/home/james/pico-sdk/src/rp2_common/pico_divider/divider_hardware.S.o
LOAD CMakeFiles/midi_leds.dir/home/james/pico-sdk/src/rp2_common/pico_double/double_aeabi_rp2040.S.o
LOAD CMakeFiles/midi_leds.dir/home/james/pico-sdk/src/rp2_common/pico_double/double_init_rom_rp2040.c.o
LOAD CMakeFiles/midi_leds.dir/home/james/pico-sdk/src/rp2_common/pico_double/double_math.c.o
LOAD CMakeFiles/midi_leds.dir/home/james/pico-sdk/src/rp2_common/pico_double/double_v1_rom_shim_rp2040.S.o
LOAD CMakeFiles/midi_leds.dir/home/james/pico-sdk/src/rp2_common/pico_int64_ops/pico_int64_ops_aeabi.S.o
LOAD CMakeFiles/midi_leds.dir/home/james/pico-sdk/src/rp2_common/pico_float/float_aeabi_rp2040.S.o
LOAD CMakeFiles/midi_leds.dir/home/james/pico-sdk/src/rp2_common/pico_float/float_init_rom_rp2040.c.o
LOAD CMakeFiles/midi_leds.dir/home/james/pico-sdk/src/rp2_common/pico_float/float_math.c.o
LOAD CMakeFiles/midi_leds.dir/home/james/pico-sdk/src/rp2_common/pico_float/float_v1_rom_shim_rp2040.S.o
LOAD CMakeFiles/midi_leds.dir/home/james/pico-sdk/src/rp2_common/pico_malloc/malloc.c.o
LOAD CMakeFiles/midi_leds.dir/home/james/pico-sdk/src/rp2_common/pico_mem_ops/mem_ops_aeabi.S.o
LOAD CMakeFiles/midi_leds.dir/home/james/pico-sdk/src/rp2_common/pico_atomic/atomic.c.o
LOAD CMakeFiles/midi_leds.dir/home/james/pico-sdk/src/rp2_common/pico_cxx_options/new_delete.cpp.o
LOAD CMakeFiles/midi_leds.dir/home/james/pico-sdk/src/rp2_common/pico_standard_binary_info/standard_binary_info.c.o
LOAD CMakeFiles/midi_leds.dir/home/james/pico-sdk/src/rp2_common/pico_printf/printf.c.o
LOAD CMakeFiles/midi_leds.dir/home/james/pico-sdk/src/rp2_common/pico_crt0/crt0.S.o
LOAD CMakeFiles/midi_leds.dir/home/james/pico-sdk/src/rp2_common/pico_clib_interface/newlib_interface.c.o
LOAD CMakeFiles/midi_leds.dir/home/james/pico-sdk/src/rp2_common/pico_stdio/stdio.c.o
LOAD CMakeFiles/midi_leds.dir/home/james/pico-sdk/src/rp2_common/pico_stdio_uart/stdio_uart.c.o
LOAD CMakeFiles/midi_leds.dir/home/james/pico-sdk/src/rp2_common/hardware_pio/pio.c.o
LOAD CMakeFiles/midi_leds.dir/home/james/pico-sdk/src/rp2_common/hardware_dma/dma.c.o
LOAD pico-sdk/src/rp2040/boot_stage2/CMakeFiles/bs2_default_library.dir/bs2_default_padded_checksummed.S.o
LOAD /usr/lib/gcc/arm-none-eabi/10.3.1/../../../arm-none-eabi/lib/thumb/v6-m/nofp/libstdc++.a
LOAD /usr/lib/gcc/arm-none-eabi/10.3.1/../../../arm-none-eabi/lib/thumb/v6-m/nofp/libm.a
START GROUP
LOAD /usr/lib/gcc/arm-none-eabi/10.3.1/thumb/v6-m/nofp/libgcc.a
LOAD /usr/lib/gcc/arm-none-eabi/10.3.1/../../../arm-none-eabi/lib/thumb/v6-m/nofp/libg.a
LOAD /usr/lib/gcc/arm-none-eabi/10.3.1/../../../arm-none-eabi/lib/thumb/v6-m/nofp/libc.a
END GROUP
START GROUP
LOAD /usr/lib/gcc/arm-none-eabi/10.3.1/thumb/v6-m/nofp/libgcc.a
LOAD /usr/lib/gcc/arm-none-eabi/10.3.1/../../../arm-none-eabi/lib/thumb/v6-m/nofp/libc.a
LOAD /usr/lib/gcc/arm-none-eabi/10.3.1/../../../arm-none-eabi/lib/thumb/v6-m/nofp/libnosys.a
END GROUP
LOAD /usr/lib/gcc/arm-none-eabi/10.3.1/thumb/v6-m/nofp/crtend.o
LOAD /usr/lib/gcc/arm-none-eabi/10.3.1/thumb/v6-m/nofp/crtn.o
OUTPUT(midi_leds.elf elf32-littlearm)
LOAD linker stubs

.ARM.attributes
                0x0000000000000000       0x28
 .ARM.attributes
                0x0000000000000000       0x1e /usr/lib/gcc/arm-none-eabi/10.3.1/thumb/v6-m/nofp/crti.o
 .ARM.attributes
                0x000000000000001e       0x2c /usr/lib/gcc/arm-none-eabi/10.3.1/thumb/v6-m/nofp/crtbegin.o
 .ARM.attributes
                0x000000000000004a       0x2c CMakeFiles/midi_leds.dir/main.cpp.o
 .ARM.attributes
                0x0000000000000076       0x2c CMakeFiles/midi_leds.dir/leds.cpp.o
 .ARM.attributes
                0x00000000000000a2       0x2c CMakeFiles/midi_leds.dir/midi.cpp.o
 .ARM.attributes
                0x00000000000000ce       0x2c CMakeFiles/midi_leds.dir/layout.cpp.o
 .ARM.attributes
                0x00000000000000fa       0x2c CMakeFiles/midi_leds.dir/home/james/pico-sdk/src/rp2_common/hardware_gpio/gpio.c.o
 .ARM.attributes
                0x0000000000000126       0x2c CMakeFiles/midi_leds.dir/home/james/pico-sdk/src/rp2_common/pico_platform_panic/panic.c.o
 .ARM.attributes
                0x0000000000000152       0x2c CMakeFiles/midi_leds.dir/home/james/pico-sdk/src/common/hardware_claim/claim.c.o
 .ARM.attributes
                0x000000000000017e       0x2c CMakeFiles/midi_leds.dir/home/james/pico-sdk/src/rp2_common/hardware_sync/sync.c.o
 .ARM.attributes
                0x00000000000001aa       0x2c CMakeFiles/midi_leds.dir/home/james/pico-sdk/src/rp2_common/hardware_sync_spin_lock/sync_spin_lock.c.o
 .ARM.attributes
                0x00000000000001d6       0x2c CMakeFiles/midi_leds.dir/home/james/pico-sdk/src/rp2_common/hardware_irq/irq.c.o
 .ARM.attributes
                0x0000000000000202       0x2c CMakeFiles/midi_leds.dir/home/james/pico-sdk/src/common/pico_sync/lock_core.c.o
 .ARM.attributes
                0x000000000000022e       0x2c CMakeFiles/midi_leds.dir/home/james/pico-sdk/src/common/pico_sync/mutex.c.o
 .ARM.attributes
                0x000000000000025a       0x2c CMakeFiles/midi_leds.dir/home/james/pico-sdk/src/common/pico_time/time.c.o
 .ARM.attributes
                0x0000000000000286       0x2c CMakeFiles/midi_leds.dir/home/james/pico-sdk/src/rp2_common/hardware_timer/timer.c.o
 .ARM.attributes
                0x00000000000002b2       0x2c CMakeFiles/midi_leds.dir/home/james/pico-sdk/src/rp2_common/hardware_uart/uart.c.o
 .ARM.attributes
                0x00000000000002de       0x2c CMakeFiles/midi_leds.dir/home/james/pico-sdk/src/rp2_common/hardware_clocks/clocks.c.o
 .ARM.attributes
                0x000000000000030a       0x2c CMakeFiles/midi_leds.dir/home/james/pico-sdk/src/rp2_common/hardware_pll/pll.c.o
 .ARM.attributes
                0x0000000000000336       0x2c CMakeFiles/midi_leds.dir/home/james/pico-sdk/src/rp2_common/hardware_ticks/ticks.c.o
 .ARM.attributes
                0x0000000000000362       0x2c CMakeFiles/midi_leds.dir/home/james/pico-sdk/src/rp2_common/pico_bootrom/bootrom.c.o
 .ARM.attributes
                0x000000000000038e       0x2c CMakeFiles/midi_leds.dir/home/james/pico-sdk/src/rp2_common/hardware_xosc/xosc.c.o
 .ARM.attributes
                0x00000000000003ba       0x2c CMakeFiles/midi_leds.dir/home/james/pico-sdk/src/rp2_common/pico_runtime/runtime.c.o
 .ARM.attributes
                0x00000000000003e6       0x2c CMakeFiles/midi_leds.dir/home/james/pico-sdk/src/rp2_common/pico_runtime_init/runtime_init.c.o
 .ARM.attributes
                0x0000000000000412       0x2c CMakeFiles/midi_leds.dir/home/james/pico-sdk/src/rp2_common/pico_runtime_init/runtime_init_clocks.c.o
 .ARM.attributes
                0x000000000000043e       0x22 CMakeFiles/midi_leds.dir/home/james/pico-sdk/src/rp2_common/pico_bit_ops/bit_ops_aeabi.S.o
 .ARM.attributes
                0x0000000000000460       0x22 CMakeFiles/midi_leds.dir/home/james/pico-sdk/src/rp2_common/pico_divider/divider_hardware.S.o
 .ARM.attributes
                0x0000000000000482       0x22 CMakeFiles/midi_leds.dir/home/james/pico-sdk/src/rp2_common/pico_double/double_aeabi_rp2040.S.o
 .ARM.attributes
                0x00000000000004a4       0x2c CMakeFiles/midi_leds.dir/home/james/pico-sdk/src/rp2_common/pico_double/double_init_rom_rp2040.c.o
 .ARM.attributes
                0x00000000000004d0       0x22 CMakeFiles/midi_leds.dir/home/james/pico-sdk/src/rp2_common/pico_double/double_v1_rom_shim_rp2040.S.o
 .ARM.attributes
                0x00000000000004f2       0x22 CMakeFiles/midi_leds.dir/home/james/pico-sdk/src/rp2_common/pico_int64_ops/pico_int64_ops_aeabi.S.o
 .ARM.attributes
                0x0000000000000514       0x22 CMakeFiles/midi_leds.dir/home/james/pico-sdk/src/rp2_common/pico_float/float_aeabi_rp2040.S.o
 .ARM.attributes
                0x0000000000000536       0x2c CMakeFiles/midi_leds.dir/home/james/pico-sdk/src/rp2_common/pico_float/float_init_rom_rp2040.c.o
 .ARM.attributes
                0x0000000000000562       0x22 CMakeFiles/midi_leds.dir/home/james/pico-sdk/src/rp2_common/pico_float/float_v1_rom_shim_rp2040.S.o
 .ARM.attributes
                0x0000000000000584       0x22 CMakeFiles/midi_leds.dir/home/james/pico-sdk/src/rp2_common/pico_mem_ops/mem_ops_aeabi.S.o
 .ARM.attributes
                0x00000000000005a6       0x32 CMakeFiles/midi_leds.dir/home/james/pico-sdk/src/rp2_common/pico_standard_binary_info/standard_binary_info.c.o
 .ARM.attributes
                0x00000000000005d8       0x2c CMakeFiles/midi_leds.dir/home/james/pico-sdk/src/rp2_common/pico_printf/printf.c.o
 .ARM.attributes
                0x0000000000000604       0x22 CMakeFiles/midi_leds.dir/home/james/pico-sdk/src/rp2_common/pico_crt0/crt0.S.o
 .ARM.attributes
                0x0000000000000626       0x2c CMakeFiles/midi_leds.dir/home/james/pico-sdk/src/rp2_common/pico_clib_interface/newlib_interface.c.o
 .ARM.attributes
                0x0000000000000652       0x2c CMakeFiles/midi_leds.dir/home/james/pico-sdk/src/rp2_common/pico_stdio/stdio.c.o
 .ARM.attributes
                0x000000000000067e       0x2c CMakeFiles/midi_leds.dir/home/james/pico-sdk/src/rp2_common/hardware_pio/pio.c.o
 .ARM.attributes
                0x00000000000006aa       0x2c CMakeFiles/midi_leds.dir/home/james/pico-sdk/src/rp2_common/hardware_dma/dma.c.o
 .ARM.attributes
                0x00000000000006d6       0x22 pico-sdk/src/rp2040/boot_stage2/CMakeFiles/bs2_default_library.dir/bs2_default_padded_checksummed.S.o
 .ARM.attributes
                0x00000000000006f8       0x1e /usr/lib/gcc/arm-none-eabi/10.3.1/thumb/v6-m/nofp/libgcc.a(_dvmd_tls.o)
 .ARM.attributes
                0x0000000000000716       0x2c /usr/lib/gcc/arm-none-eabi/10.3.1/../../../arm-none-eabi/lib/thumb/v6-m/nofp/libg.a(lib_a-strlen-stub.o)
 .ARM.attributes
                0x0000000000000742       0x2c /usr/lib/gcc/arm-none-eabi/10.3.1/thumb/v6-m/nofp/crtend.o

.comment        0x0000000000000000       0x33
 .comment       0x0000000000000000       0x33 /usr/lib/gcc/arm-none-eabi/10.3.1/thumb/v6-m/nofp/crtbegin.o
                                         0x34 (size before relaxing)
 .comment       0x0000000000000033       0x34 CMakeFiles/midi_leds.dir/main.cpp.o
 .comment       0x0000000000000033       0x34 CMakeFiles/midi_leds.dir/leds.cpp.o
 .comment       0x0000000000000033       0x34 CMakeFiles/midi_leds.dir/midi.cpp.o
 .comment       0x0000000000000033       0x34 CMakeFiles/midi_leds.dir/layout.cpp.o
 .comment       0x0000000000000033       0x34 CMakeFiles/midi_leds.dir/home/james/pico-sdk/src/rp2_common/hardware_gpio/gpio.c.o
 .comment       0x0000000000000033       0x34 CMakeFiles/midi_leds.dir/home/james/pico-sdk/src/rp2_common/pico_platform_panic/panic.c.o
 .comment       0x0000000000000033       0x34 CMakeFiles/midi_leds.dir/home/james/pico-sdk/src/common/hardware_claim/claim.c.o
 .comment       0x0000000000000033       0x34 CMakeFiles/midi_leds.dir/home/james/pico-sdk/src/rp2_common/hardware_sync/sync.c.o
 .comment       0x0000000000000033       0x34 CMakeFiles/midi_leds.dir/home/james/pico-sdk/src/rp2_common/hardware_sync_spin_lock/sync_spin_lock.c.o
 .comment       0x0000000000000033       0x34 CMakeFiles/midi_leds.dir/home/james/pico-sdk/src/rp2_common/hardware_irq/irq.c.o
 .comment       0x0000000000000033       0x34 CMakeFiles/midi_leds.dir/home/james/pico-sdk/src/common/pico_sync/lock_core.c.o
 .comment       0x0000000000000033       0x34 CMakeFiles/midi_leds.dir/home/james/pico-sdk/src/common/pico_sync/mutex.c.o
 .comment       0x0000000000000033       0x34 CMakeFiles/midi_leds.dir/home/james/pico-sdk/src/common/pico_time/time.c.o
 .comment       0x0000000000000033       0x34 CMakeFiles/midi_leds.dir/home/james/pico-sdk/src/rp2_common/hardware_timer/timer.c.o
 .comment       0x0000000000000033       0x34 CMakeFiles/midi_leds.dir/home/james/pico-sdk/src/rp2_common/hardware_uart/uart.c.o
 .comment       0x0000000000000033       0x34 CMakeFiles/midi_leds.dir/home/james/pico-sdk/src/rp2_common/hardware_clocks/clocks.c.o
 .comment       0x0000000000000033       0x34 CMakeFiles/midi_leds.dir/home/james/pico-sdk/src/rp2_common/hardware_pll/pll.c.o
 .comment       0x0000000000000033       0x34 CMakeFiles/midi_leds.dir/home/james/pico-sdk/src/rp2_common/hardware_ticks/ticks.c.o
 .comment       0x0000000000000033       0x34 CMakeFiles/midi_leds.dir/home/james/pico-sdk/src/rp2_common/pico_bootrom/bootrom.c.o
 .comment       0x0000000000000033       0x34 CMakeFiles/midi_leds.dir/home/james/pico-sdk/src/rp2_common/hardware_xosc/xosc.c.o
 .comment       0x0000000000000033       0x34 CMakeFiles/midi_leds.dir/home/james/pico-sdk/src/rp2_common/pico_runtime/runtime.c.o
 .comment       0x0000000000000033       0x34 CMakeFiles/midi_leds.dir/home/james/pico-sdk/src/rp2_common/pico_runtime_init/runtime_init.c.o
 .comment       0x0000000000000033       0x34 CMakeFiles/midi_leds.dir/home/james/pico-sdk/src/rp2_common/pico_runtime_init/runtime_init_clocks.c.o
 .comment       0x0000000000000033       0x34 CMakeFiles/midi_leds.dir/home/james/pico-sdk/src/rp2_common/pico_double/double_init_rom_rp2040.c.o
 .comment       0x0000000000000033       0x34 CMakeFiles/midi_leds.dir/home/james/pico-sdk/src/rp2_common/pico_float/float_init_rom_rp2040.c.o
 .comment       0x0000000000000033       0x34 CMakeFiles/midi_leds.dir/home/james/pico-sdk/src/rp2_common/pico_standard_binary_info/standard_binary_info.c.o
 .comment       0x0000000000000033       0x34 CMakeFiles/midi_leds.dir/home/james/pico-sdk/src/rp2_common/pico_printf/printf.c.o
 .comment       0x0000000000000033       0x34 CMakeFiles/midi_leds.dir/home/james/pico-sdk/src/rp2_common/pico_clib_interface/newlib_interface.c.o
 .comment       0x0000000000000033       0x34 CMakeFiles/midi_leds.dir/home/james/pico-sdk/src/rp2_common/pico_stdio/stdio.c.o
 .comment       0x0000000000000033       0x34 CMakeFiles/midi_leds.dir/home/james/pico-sdk/src/rp2_common/hardware_pio/pio.c.o
 .comment       0x0000000000000033       0x34 CMakeFiles/midi_leds.dir/home/james/pico-sdk/src/rp2_common/hardware_dma/dma.c.o
 .comment       0x0000000000000033       0x34 /usr/lib/gcc/arm-none-eabi/10.3.1/../../../arm-none-eabi/lib/thumb/v6-m/nofp/libg.a(lib_a-strlen-stub.o)
 .comment       0x0000000000000033       0x34 /usr/lib/gcc/arm-none-eabi/10.3.1/thumb/v6-m/nofp/crtend.o

.debug_info     0x0000000000000000    0x22a96
 .debug_info    0x0000000000000000      0xb0f CMakeFiles/midi_leds.dir/main.cpp.o
 .debug_info    0x0000000000000b0f     0x20e8 CMakeFiles/midi_leds.dir/leds.cpp.o
 .debug_info    0x0000000000002bf7      0xb2f CMakeFiles/midi_leds.dir/midi.cpp.o
 .debug_info    0x0000000000003726      0x4ec CMakeFiles/midi_leds.dir/layout.cpp.o
 .debug_info    0x0000000000003c12     0x24ca CMakeFiles/midi_leds.dir/home/james/pico-sdk/src/rp2_common/hardware_gpio/gpio.c.o
 .debug_info    0x00000000000060dc      0x19c CMakeFiles/midi_leds.dir/home/james/pico-sdk/src/rp2_common/pico_platform_panic/panic.c.o
 .debug_info    0x0000000000006278      0xa3b CMakeFiles/midi_leds.dir/home/james/pico-sdk/src/common/hardware_claim/claim.c.o
 .debug_info    0x0000000000006cb3      0x3dd CMakeFiles/midi_leds.dir/home/james/pico-sdk/src/rp2_common/hardware_sync/sync.c.o
 .debug_info    0x0000000000007090      0x242 CMakeFiles/midi_leds.dir/home/james/pico-sdk/src/rp2_common/hardware_sync_spin_lock/sync_spin_lock.c.o
 .debug_info    0x00000000000072d2     0x228b CMakeFiles/midi_leds.dir/home/james/pico-sdk/src/rp2_common/hardware_irq/irq.c.o
 .debug_info    0x000000000000955d      0x154 CMakeFiles/midi_leds.dir/home/james/pico-sdk/src/common/pico_sync/lock_core.c.o
 .debug_info    0x00000000000096b1     0x2abd CMakeFiles/midi_leds.dir/home/james/pico-sdk/src/common/pico_sync/mutex.c.o
 .debug_info    0x000000000000c16e     0x49b3 CMakeFiles/midi_leds.dir/home/james/pico-sdk/src/common/pico_time/time.c.o
 .debug_info    0x0000000000010b21     0x2ae8 CMakeFiles/midi_leds.dir/home/james/pico-sdk/src/rp2_common/hardware_timer/timer.c.o
 .debug_info    0x0000000000013609     0x19e9 CMakeFiles/midi_leds.dir/home/james/pico-sdk/src/rp2_common/hardware_uart/uart.c.o
 .debug_info    0x0000000000014ff2     0x2991 CMakeFiles/midi_leds.dir/home/james/pico-sdk/src/rp2_common/hardware_clocks/clocks.c.o
 .debug_info    0x0000000000017983      0x4f9 CMakeFiles/midi_leds.dir/home/james/pico-sdk/src/rp2_common/hardware_pll/pll.c.o
 .debug_info    0x0000000000017e7c      0x242 CMakeFiles/midi_leds.dir/home/james/pico-sdk/src/rp2_common/hardware_ticks/ticks.c.o
 .debug_info    0x00000000000180be      0x4f2 CMakeFiles/midi_leds.dir/home/james/pico-sdk/src/rp2_common/pico_bootrom/bootrom.c.o
 .debug_info    0x00000000000185b0      0x1c9 CMakeFiles/midi_leds.dir/home/james/pico-sdk/src/rp2_common/hardware_xosc/xosc.c.o
 .debug_info    0x0000000000018779      0x208 CMakeFiles/midi_leds.dir/home/james/pico-sdk/src/rp2_common/pico_runtime/runtime.c.o
 .debug_info    0x0000000000018981      0x812 CMakeFiles/midi_leds.dir/home/james/pico-sdk/src/rp2_common/pico_runtime_init/runtime_init.c.o
 .debug_info    0x0000000000019193      0x701 CMakeFiles/midi_leds.dir/home/james/pico-sdk/src/rp2_common/pico_runtime_init/runtime_init_clocks.c.o
 .debug_info    0x0000000000019894       0x22 CMakeFiles/midi_leds.dir/home/james/pico-sdk/src/rp2_common/pico_bit_ops/bit_ops_aeabi.S.o
 .debug_info    0x00000000000198b6       0x22 CMakeFiles/midi_leds.dir/home/james/pico-sdk/src/rp2_common/pico_divider/divider_hardware.S.o
 .debug_info    0x00000000000198d8       0x22 CMakeFiles/midi_leds.dir/home/james/pico-sdk/src/rp2_common/pico_double/double_aeabi_rp2040.S.o
 .debug_info    0x00000000000198fa      0x218 CMakeFiles/midi_leds.dir/home/james/pico-sdk/src/rp2_common/pico_double/double_init_rom_rp2040.c.o
 .debug_info    0x0000000000019b12       0x22 CMakeFiles/midi_leds.dir/home/james/pico-sdk/src/rp2_common/pico_double/double_v1_rom_shim_rp2040.S.o
 .debug_info    0x0000000000019b34       0x26 CMakeFiles/midi_leds.dir/home/james/pico-sdk/src/rp2_common/pico_int64_ops/pico_int64_ops_aeabi.S.o
 .debug_info    0x0000000000019b5a       0x22 CMakeFiles/midi_leds.dir/home/james/pico-sdk/src/rp2_common/pico_float/float_aeabi_rp2040.S.o
 .debug_info    0x0000000000019b7c      0x222 CMakeFiles/midi_leds.dir/home/james/pico-sdk/src/rp2_common/pico_float/float_init_rom_rp2040.c.o
 .debug_info    0x0000000000019d9e       0x22 CMakeFiles/midi_leds.dir/home/james/pico-sdk/src/rp2_common/pico_float/float_v1_rom_shim_rp2040.S.o
 .debug_info    0x0000000000019dc0       0x22 CMakeFiles/midi_leds.dir/home/james/pico-sdk/src/rp2_common/pico_mem_ops/mem_ops_aeabi.S.o
 .debug_info    0x0000000000019de2      0x2cb CMakeFiles/midi_leds.dir/home/james/pico-sdk/src/rp2_common/pico_standard_binary_info/standard_binary_info.c.o
 .debug_info    0x000000000001a0ad     0x21b1 CMakeFiles/midi_leds.dir/home/james/pico-sdk/src/rp2_common/pico_printf/printf.c.o
 .debug_info    0x000000000001c25e       0x22 CMakeFiles/midi_leds.dir/home/james/pico-sdk/src/rp2_common/pico_crt0/crt0.S.o
 .debug_info    0x000000000001c280      0xbbb CMakeFiles/midi_leds.dir/home/james/pico-sdk/src/rp2_common/pico_clib_interface/newlib_interface.c.o
 .debug_info    0x000000000001ce3b     0x1cef CMakeFiles/midi_leds.dir/home/james/pico-sdk/src/rp2_common/pico_stdio/stdio.c.o
 .debug_info    0x000000000001eb2a     0x3460 CMakeFiles/midi_leds.dir/home/james/pico-sdk/src/rp2_common/hardware_pio/pio.c.o
 .debug_info    0x0000000000021f8a      0x9f8 CMakeFiles/midi_leds.dir/home/james/pico-sdk/src/rp2_common/hardware_dma/dma.c.o
 .debug_info    0x0000000000022982       0x26 /usr/lib/gcc/arm-none-eabi/10.3.1/thumb/v6-m/nofp/libgcc.a(_dvmd_tls.o)
 .debug_info    0x00000000000229a8       0xee /usr/lib/gcc/arm-none-eabi/10.3.1/../../../arm-none-eabi/lib/thumb/v6-m/nofp/libg.a(lib_a-strlen-stub.o)

.debug_abbrev   0x0000000000000000     0x5c0b
 .debug_abbrev  0x0000000000000000      0x363 CMakeFiles/midi_leds.dir/main.cpp.o
 .debug_abbrev  0x0000000000000363      0x4dd CMakeFiles/midi_leds.dir/leds.cpp.o
 .debug_abbrev  0x0000000000000840      0x33c CMakeFiles/midi_leds.dir/midi.cpp.o
 .debug_abbrev  0x0000000000000b7c      0x200 CMakeFiles/midi_leds.dir/layout.cpp.o
 .debug_abbrev  0x0000000000000d7c      0x4a1 CMakeFiles/midi_leds.dir/home/james/pico-sdk/src/rp2_common/hardware_gpio/gpio.c.o
 .debug_abbrev  0x000000000000121d       0xf4 CMakeFiles/midi_leds.dir/home/james/pico-sdk/src/rp2_common/pico_platform_panic/panic.c.o
 .debug_abbrev  0x0000000000001311      0x2d3 CMakeFiles/midi_leds.dir/home/james/pico-sdk/src/common/hardware_claim/claim.c.o
 .debug_abbrev  0x00000000000015e4      0x1de CMakeFiles/midi_leds.dir/home/james/pico-sdk/src/rp2_common/hardware_sync/sync.c.o
 .debug_abbrev  0x00000000000017c2      0x1b2 CMakeFiles/midi_leds.dir/home/james/pico-sdk/src/rp2_common/hardware_sync_spin_lock/sync_spin_lock.c.o
 .debug_abbrev  0x0000000000001974      0x588 CMakeFiles/midi_leds.dir/home/james/pico-sdk/src/rp2_common/hardware_irq/irq.c.o
 .debug_abbrev  0x0000000000001efc       0xee CMakeFiles/midi_leds.dir/home/james/pico-sdk/src/common/pico_sync/lock_core.c.o
 .debug_abbrev  0x0000000000001fea      0x413 CMakeFiles/midi_leds.dir/home/james/pico-sdk/src/common/pico_sync/mutex.c.o
 .debug_abbrev  0x00000000000023fd      0x606 CMakeFiles/midi_leds.dir/home/james/pico-sdk/src/common/pico_time/time.c.o
 .debug_abbrev  0x0000000000002a03      0x49d CMakeFiles/midi_leds.dir/home/james/pico-sdk/src/rp2_common/hardware_timer/timer.c.o
 .debug_abbrev  0x0000000000002ea0      0x315 CMakeFiles/midi_leds.dir/home/james/pico-sdk/src/rp2_common/hardware_uart/uart.c.o
 .debug_abbrev  0x00000000000031b5      0x4c3 CMakeFiles/midi_leds.dir/home/james/pico-sdk/src/rp2_common/hardware_clocks/clocks.c.o
 .debug_abbrev  0x0000000000003678      0x1c6 CMakeFiles/midi_leds.dir/home/james/pico-sdk/src/rp2_common/hardware_pll/pll.c.o
 .debug_abbrev  0x000000000000383e      0x141 CMakeFiles/midi_leds.dir/home/james/pico-sdk/src/rp2_common/hardware_ticks/ticks.c.o
 .debug_abbrev  0x000000000000397f      0x1ba CMakeFiles/midi_leds.dir/home/james/pico-sdk/src/rp2_common/pico_bootrom/bootrom.c.o
 .debug_abbrev  0x0000000000003b39      0x11a CMakeFiles/midi_leds.dir/home/james/pico-sdk/src/rp2_common/hardware_xosc/xosc.c.o
 .debug_abbrev  0x0000000000003c53      0x16c CMakeFiles/midi_leds.dir/home/james/pico-sdk/src/rp2_common/pico_runtime/runtime.c.o
 .debug_abbrev  0x0000000000003dbf      0x250 CMakeFiles/midi_leds.dir/home/james/pico-sdk/src/rp2_common/pico_runtime_init/runtime_init.c.o
 .debug_abbrev  0x000000000000400f      0x246 CMakeFiles/midi_leds.dir/home/james/pico-sdk/src/rp2_common/pico_runtime_init/runtime_init_clocks.c.o
 .debug_abbrev  0x0000000000004255       0x12 CMakeFiles/midi_leds.dir/home/james/pico-sdk/src/rp2_common/pico_bit_ops/bit_ops_aeabi.S.o
 .debug_abbrev  0x0000000000004267       0x12 CMakeFiles/midi_leds.dir/home/james/pico-sdk/src/rp2_common/pico_divider/divider_hardware.S.o
 .debug_abbrev  0x0000000000004279       0x12 CMakeFiles/midi_leds.dir/home/james/pico-sdk/src/rp2_common/pico_double/double_aeabi_rp2040.S.o
 .debug_abbrev  0x000000000000428b      0x15c CMakeFiles/midi_leds.dir/home/james/pico-sdk/src/rp2_common/pico_double/double_init_rom_rp2040.c.o
 .debug_abbrev  0x00000000000043e7       0x12 CMakeFiles/midi_leds.dir/home/james/pico-sdk/src/rp2_common/pico_double/double_v1_rom_shim_rp2040.S.o
 .debug_abbrev  0x00000000000043f9       0x14 CMakeFiles/midi_leds.dir/home/james/pico-sdk/src/rp2_common/pico_int64_ops/pico_int64_ops_aeabi.S.o
 .debug_abbrev  0x000000000000440d       0x12 CMakeFiles/midi_leds.dir/home/james/pico-sdk/src/rp2_common/pico_float/float_aeabi_rp2040.S.o
 .debug_abbrev  0x000000000000441f      0x15c CMakeFiles/midi_leds.dir/home/james/pico-sdk/src/rp2_common/pico_float/float_init_rom_rp2040.c.o
 .debug_abbrev  0x000000000000457b       0x12 CMakeFiles/midi_leds.dir/home/james/pico-sdk/src/rp2_common/pico_float/float_v1_rom_shim_rp2040.S.o
 .debug_abbrev  0x000000000000458d       0x12 CMakeFiles/midi_leds.dir/home/james/pico-sdk/src/rp2_common/pico_mem_ops/mem_ops_aeabi.S.o
 .debug_abbrev  0x000000000000459f       0xad CMakeFiles/midi_leds.dir/home/james/pico-sdk/src/rp2_common/pico_standard_binary_info/standard_binary_info.c.o
 .debug_abbrev  0x000000000000464c      0x517 CMakeFiles/midi_leds.dir/home/james/pico-sdk/src/rp2_common/pico_printf/printf.c.o
 .debug_abbrev  0x0000000000004b63       0x12 CMakeFiles/midi_leds.dir/home/james/pico-sdk/src/rp2_common/pico_crt0/crt0.S.o
 .debug_abbrev  0x0000000000004b75      0x315 CMakeFiles/midi_leds.dir/home/james/pico-sdk/src/rp2_common/pico_clib_interface/newlib_interface.c.o
 .debug_abbrev  0x0000000000004e8a      0x58d CMakeFiles/midi_leds.dir/home/james/pico-sdk/src/rp2_common/pico_stdio/stdio.c.o
 .debug_abbrev  0x0000000000005417      0x4c3 CMakeFiles/midi_leds.dir/home/james/pico-sdk/src/rp2_common/hardware_pio/pio.c.o
 .debug_abbrev  0x00000000000058da      0x28e CMakeFiles/midi_leds.dir/home/james/pico-sdk/src/rp2_common/hardware_dma/dma.c.o
 .debug_abbrev  0x0000000000005b68       0x14 /usr/lib/gcc/arm-none-eabi/10.3.1/thumb/v6-m/nofp/libgcc.a(_dvmd_tls.o)
 .debug_abbrev  0x0000000000005b7c       0x8f /usr/lib/gcc/arm-none-eabi/10.3.1/../../../arm-none-eabi/lib/thumb/v6-m/nofp/libg.a(lib_a-strlen-stub.o)

.debug_loc      0x0000000000000000    0x1d6a9
 .debug_loc     0x0000000000000000      0x36b CMakeFiles/midi_leds.dir/main.cpp.o
 .debug_loc     0x000000000000036b     0x14a0 CMakeFiles/midi_leds.dir/leds.cpp.o
 .debug_loc     0x000000000000180b      0x4d7 CMakeFiles/midi_leds.dir/midi.cpp.o
 .debug_loc     0x0000000000001ce2      0x2d7 CMakeFiles/midi_leds.dir/layout.cpp.o
 .debug_loc     0x0000000000001fb9     0x291b CMakeFiles/midi_leds.dir/home/james/pico-sdk/src/rp2_common/hardware_gpio/gpio.c.o
 .debug_loc     0x00000000000048d4      0x6c7 CMakeFiles/midi_leds.dir/home/james/pico-sdk/src/common/hardware_claim/claim.c.o
 .debug_loc     0x0000000000004f9b      0x154 CMakeFiles/midi_leds.dir/home/james/pico-sdk/src/rp2_common/hardware_sync/sync.c.o
 .debug_loc     0x00000000000050ef       0xb5 CMakeFiles/midi_leds.dir/home/james/pico-sdk/src/rp2_common/hardware_sync_spin_lock/sync_spin_lock.c.o
 .debug_loc     0x00000000000051a4     0x1ba4 CMakeFiles/midi_leds.dir/home/james/pico-sdk/src/rp2_common/hardware_irq/irq.c.o
 .debug_loc     0x0000000000006d48       0x4d CMakeFiles/midi_leds.dir/home/james/pico-sdk/src/common/pico_sync/lock_core.c.o
 .debug_loc     0x0000000000006d95     0x1b8e CMakeFiles/midi_leds.dir/home/james/pico-sdk/src/common/pico_sync/mutex.c.o
 .debug_loc     0x0000000000008923     0x3f68 CMakeFiles/midi_leds.dir/home/james/pico-sdk/src/common/pico_time/time.c.o
 .debug_loc     0x000000000000c88b     0x2541 CMakeFiles/midi_leds.dir/home/james/pico-sdk/src/rp2_common/hardware_timer/timer.c.o
 .debug_loc     0x000000000000edcc     0x1476 CMakeFiles/midi_leds.dir/home/james/pico-sdk/src/rp2_common/hardware_uart/uart.c.o
 .debug_loc     0x0000000000010242     0x348b CMakeFiles/midi_leds.dir/home/james/pico-sdk/src/rp2_common/hardware_clocks/clocks.c.o
 .debug_loc     0x00000000000136cd      0x28f CMakeFiles/midi_leds.dir/home/james/pico-sdk/src/rp2_common/hardware_pll/pll.c.o
 .debug_loc     0x000000000001395c       0x57 CMakeFiles/midi_leds.dir/home/james/pico-sdk/src/rp2_common/hardware_ticks/ticks.c.o
 .debug_loc     0x00000000000139b3      0x4bb CMakeFiles/midi_leds.dir/home/james/pico-sdk/src/rp2_common/pico_bootrom/bootrom.c.o
 .debug_loc     0x0000000000013e6e       0x71 CMakeFiles/midi_leds.dir/home/james/pico-sdk/src/rp2_common/hardware_xosc/xosc.c.o
 .debug_loc     0x0000000000013edf       0xbc CMakeFiles/midi_leds.dir/home/james/pico-sdk/src/rp2_common/pico_runtime/runtime.c.o
 .debug_loc     0x0000000000013f9b      0x206 CMakeFiles/midi_leds.dir/home/james/pico-sdk/src/rp2_common/pico_runtime_init/runtime_init.c.o
 .debug_loc     0x00000000000141a1       0xa7 CMakeFiles/midi_leds.dir/home/james/pico-sdk/src/rp2_common/pico_runtime_init/runtime_init_clocks.c.o
 .debug_loc     0x0000000000014248       0x44 CMakeFiles/midi_leds.dir/home/james/pico-sdk/src/rp2_common/pico_double/double_init_rom_rp2040.c.o
 .debug_loc     0x000000000001428c       0x82 CMakeFiles/midi_leds.dir/home/james/pico-sdk/src/rp2_common/pico_float/float_init_rom_rp2040.c.o
 .debug_loc     0x000000000001430e     0x3c08 CMakeFiles/midi_leds.dir/home/james/pico-sdk/src/rp2_common/pico_printf/printf.c.o
 .debug_loc     0x0000000000017f16      0x5d6 CMakeFiles/midi_leds.dir/home/james/pico-sdk/src/rp2_common/pico_clib_interface/newlib_interface.c.o
 .debug_loc     0x00000000000184ec     0x1565 CMakeFiles/midi_leds.dir/home/james/pico-sdk/src/rp2_common/pico_stdio/stdio.c.o
 .debug_loc     0x0000000000019a51     0x379f CMakeFiles/midi_leds.dir/home/james/pico-sdk/src/rp2_common/hardware_pio/pio.c.o
 .debug_loc     0x000000000001d1f0      0x429 CMakeFiles/midi_leds.dir/home/james/pico-sdk/src/rp2_common/hardware_dma/dma.c.o
 .debug_loc     0x000000000001d619       0x90 /usr/lib/gcc/arm-none-eabi/10.3.1/../../../arm-none-eabi/lib/thumb/v6-m/nofp/libg.a(lib_a-strlen-stub.o)

.debug_aranges  0x0000000000000000     0x1108
 .debug_aranges
                0x0000000000000000       0x38 CMakeFiles/midi_leds.dir/main.cpp.o
 .debug_aranges
                0x0000000000000038       0x40 CMakeFiles/midi_leds.dir/leds.cpp.o
 .debug_aranges
                0x0000000000000078       0x28 CMakeFiles/midi_leds.dir/midi.cpp.o
 .debug_aranges
                0x00000000000000a0       0x40 CMakeFiles/midi_leds.dir/layout.cpp.o
 .debug_aranges
                0x00000000000000e0      0x118 CMakeFiles/midi_leds.dir/home/james/pico-sdk/src/rp2_common/hardware_gpio/gpio.c.o
 .debug_aranges
                0x00000000000001f8       0x28 CMakeFiles/midi_leds.dir/home/james/pico-sdk/src/rp2_common/pico_platform_panic/panic.c.o
 .debug_aranges
                0x0000000000000220       0x48 CMakeFiles/midi_leds.dir/home/james/pico-sdk/src/common/hardware_claim/claim.c.o
 .debug_aranges
                0x0000000000000268       0x48 CMakeFiles/midi_leds.dir/home/james/pico-sdk/src/rp2_common/hardware_sync/sync.c.o
 .debug_aranges
                0x00000000000002b0       0x28 CMakeFiles/midi_leds.dir/home/james/pico-sdk/src/rp2_common/hardware_sync_spin_lock/sync_spin_lock.c.o
 .debug_aranges
                0x00000000000002d8       0xb8 CMakeFiles/midi_leds.dir/home/james/pico-sdk/src/rp2_common/hardware_irq/irq.c.o
 .debug_aranges
                0x0000000000000390       0x20 CMakeFiles/midi_leds.dir/home/james/pico-sdk/src/common/pico_sync/lock_core.c.o
 .debug_aranges
                0x00000000000003b0       0x98 CMakeFiles/midi_leds.dir/home/james/pico-sdk/src/common/pico_sync/mutex.c.o
 .debug_aranges
                0x0000000000000448       0xe0 CMakeFiles/midi_leds.dir/home/james/pico-sdk/src/common/pico_time/time.c.o
 .debug_aranges
                0x0000000000000528       0xf0 CMakeFiles/midi_leds.dir/home/james/pico-sdk/src/rp2_common/hardware_timer/timer.c.o
 .debug_aranges
                0x0000000000000618       0x58 CMakeFiles/midi_leds.dir/home/james/pico-sdk/src/rp2_common/hardware_uart/uart.c.o
 .debug_aranges
                0x0000000000000670       0x90 CMakeFiles/midi_leds.dir/home/james/pico-sdk/src/rp2_common/hardware_clocks/clocks.c.o
 .debug_aranges
                0x0000000000000700       0x28 CMakeFiles/midi_leds.dir/home/james/pico-sdk/src/rp2_common/hardware_pll/pll.c.o
 .debug_aranges
                0x0000000000000728       0x30 CMakeFiles/midi_leds.dir/home/james/pico-sdk/src/rp2_common/hardware_ticks/ticks.c.o
 .debug_aranges
                0x0000000000000758       0x40 CMakeFiles/midi_leds.dir/home/james/pico-sdk/src/rp2_common/pico_bootrom/bootrom.c.o
 .debug_aranges
                0x0000000000000798       0x30 CMakeFiles/midi_leds.dir/home/james/pico-sdk/src/rp2_common/hardware_xosc/xosc.c.o
 .debug_aranges
                0x00000000000007c8       0x38 CMakeFiles/midi_leds.dir/home/james/pico-sdk/src/rp2_common/pico_runtime/runtime.c.o
 .debug_aranges
                0x0000000000000800       0x48 CMakeFiles/midi_leds.dir/home/james/pico-sdk/src/rp2_common/pico_runtime_init/runtime_init.c.o
 .debug_aranges
                0x0000000000000848       0x20 CMakeFiles/midi_leds.dir/home/james/pico-sdk/src/rp2_common/pico_runtime_init/runtime_init_clocks.c.o
 .debug_aranges
                0x0000000000000868       0x60 CMakeFiles/midi_leds.dir/home/james/pico-sdk/src/rp2_common/pico_bit_ops/bit_ops_aeabi.S.o
 .debug_aranges
                0x00000000000008c8       0x40 CMakeFiles/midi_leds.dir/home/james/pico-sdk/src/rp2_common/pico_divider/divider_hardware.S.o
 .debug_aranges
                0x0000000000000908      0x150 CMakeFiles/midi_leds.dir/home/james/pico-sdk/src/rp2_common/pico_double/double_aeabi_rp2040.S.o
 .debug_aranges
                0x0000000000000a58       0x20 CMakeFiles/midi_leds.dir/home/james/pico-sdk/src/rp2_common/pico_double/double_init_rom_rp2040.c.o
 .debug_aranges
                0x0000000000000a78       0xc8 CMakeFiles/midi_leds.dir/home/james/pico-sdk/src/rp2_common/pico_double/double_v1_rom_shim_rp2040.S.o
 .debug_aranges
                0x0000000000000b40       0x20 CMakeFiles/midi_leds.dir/home/james/pico-sdk/src/rp2_common/pico_int64_ops/pico_int64_ops_aeabi.S.o
 .debug_aranges
                0x0000000000000b60      0x138 CMakeFiles/midi_leds.dir/home/james/pico-sdk/src/rp2_common/pico_float/float_aeabi_rp2040.S.o
 .debug_aranges
                0x0000000000000c98       0x20 CMakeFiles/midi_leds.dir/home/james/pico-sdk/src/rp2_common/pico_float/float_init_rom_rp2040.c.o
 .debug_aranges
                0x0000000000000cb8       0x50 CMakeFiles/midi_leds.dir/home/james/pico-sdk/src/rp2_common/pico_float/float_v1_rom_shim_rp2040.S.o
 .debug_aranges
                0x0000000000000d08       0x38 CMakeFiles/midi_leds.dir/home/james/pico-sdk/src/rp2_common/pico_mem_ops/mem_ops_aeabi.S.o
 .debug_aranges
                0x0000000000000d40       0x18 CMakeFiles/midi_leds.dir/home/james/pico-sdk/src/rp2_common/pico_standard_binary_info/standard_binary_info.c.o
 .debug_aranges
                0x0000000000000d58       0x90 CMakeFiles/midi_leds.dir/home/james/pico-sdk/src/rp2_common/pico_printf/printf.c.o
 .debug_aranges
                0x0000000000000de8       0x28 CMakeFiles/midi_leds.dir/home/james/pico-sdk/src/rp2_common/pico_crt0/crt0.S.o
 .debug_aranges
                0x0000000000000e10       0xa8 CMakeFiles/midi_leds.dir/home/james/pico-sdk/src/rp2_common/pico_clib_interface/newlib_interface.c.o
 .debug_aranges
                0x0000000000000eb8       0xc8 CMakeFiles/midi_leds.dir/home/james/pico-sdk/src/rp2_common/pico_stdio/stdio.c.o
 .debug_aranges
                0x0000000000000f80       0xd8 CMakeFiles/midi_leds.dir/home/james/pico-sdk/src/rp2_common/hardware_pio/pio.c.o
 .debug_aranges
                0x0000000000001058       0x70 CMakeFiles/midi_leds.dir/home/james/pico-sdk/src/rp2_common/hardware_dma/dma.c.o
 .debug_aranges
                0x00000000000010c8       0x20 /usr/lib/gcc/arm-none-eabi/10.3.1/thumb/v6-m/nofp/libgcc.a(_dvmd_tls.o)
 .debug_aranges
                0x00000000000010e8       0x20 /usr/lib/gcc/arm-none-eabi/10.3.1/../../../arm-none-eabi/lib/thumb/v6-m/nofp/libg.a(lib_a-strlen-stub.o)

.debug_ranges   0x0000000000000000     0xae58
 .debug_ranges  0x0000000000000000      0x1b0 CMakeFiles/midi_leds.dir/main.cpp.o
 .debug_ranges  0x00000000000001b0      0x728 CMakeFiles/midi_leds.dir/leds.cpp.o
 .debug_ranges  0x00000000000008d8      0x218 CMakeFiles/midi_leds.dir/midi.cpp.o
 .debug_ranges  0x0000000000000af0       0x60 CMakeFiles/midi_leds.dir/layout.cpp.o
 .debug_ranges  0x0000000000000b50      0xd20 CMakeFiles/midi_leds.dir/home/james/pico-sdk/src/rp2_common/hardware_gpio/gpio.c.o
 .debug_ranges  0x0000000000001870       0x18 CMakeFiles/midi_leds.dir/home/james/pico-sdk/src/rp2_common/pico_platform_panic/panic.c.o
 .debug_ranges  0x0000000000001888      0x440 CMakeFiles/midi_leds.dir/home/james/pico-sdk/src/common/hardware_claim/claim.c.o
 .debug_ranges  0x0000000000001cc8       0xd8 CMakeFiles/midi_leds.dir/home/james/pico-sdk/src/rp2_common/hardware_sync/sync.c.o
 .debug_ranges  0x0000000000001da0       0xa8 CMakeFiles/midi_leds.dir/home/james/pico-sdk/src/rp2_common/hardware_sync_spin_lock/sync_spin_lock.c.o
 .debug_ranges  0x0000000000001e48      0xa80 CMakeFiles/midi_leds.dir/home/james/pico-sdk/src/rp2_common/hardware_irq/irq.c.o
 .debug_ranges  0x00000000000028c8       0x28 CMakeFiles/midi_leds.dir/home/james/pico-sdk/src/common/pico_sync/lock_core.c.o
 .debug_ranges  0x00000000000028f0     0x16b0 CMakeFiles/midi_leds.dir/home/james/pico-sdk/src/common/pico_sync/mutex.c.o
 .debug_ranges  0x0000000000003fa0     0x1e10 CMakeFiles/midi_leds.dir/home/james/pico-sdk/src/common/pico_time/time.c.o
 .debug_ranges  0x0000000000005db0      0xe68 CMakeFiles/midi_leds.dir/home/james/pico-sdk/src/rp2_common/hardware_timer/timer.c.o
 .debug_ranges  0x0000000000006c18      0x820 CMakeFiles/midi_leds.dir/home/james/pico-sdk/src/rp2_common/hardware_uart/uart.c.o
 .debug_ranges  0x0000000000007438      0xbd0 CMakeFiles/midi_leds.dir/home/james/pico-sdk/src/rp2_common/hardware_clocks/clocks.c.o
 .debug_ranges  0x0000000000008008       0xd8 CMakeFiles/midi_leds.dir/home/james/pico-sdk/src/rp2_common/hardware_pll/pll.c.o
 .debug_ranges  0x00000000000080e0       0x38 CMakeFiles/midi_leds.dir/home/james/pico-sdk/src/rp2_common/hardware_ticks/ticks.c.o
 .debug_ranges  0x0000000000008118      0x138 CMakeFiles/midi_leds.dir/home/james/pico-sdk/src/rp2_common/pico_bootrom/bootrom.c.o
 .debug_ranges  0x0000000000008250       0x20 CMakeFiles/midi_leds.dir/home/james/pico-sdk/src/rp2_common/hardware_xosc/xosc.c.o
 .debug_ranges  0x0000000000008270       0x58 CMakeFiles/midi_leds.dir/home/james/pico-sdk/src/rp2_common/pico_runtime/runtime.c.o
 .debug_ranges  0x00000000000082c8       0xc8 CMakeFiles/midi_leds.dir/home/james/pico-sdk/src/rp2_common/pico_runtime_init/runtime_init.c.o
 .debug_ranges  0x0000000000008390       0x28 CMakeFiles/midi_leds.dir/home/james/pico-sdk/src/rp2_common/pico_runtime_init/runtime_init_clocks.c.o
 .debug_ranges  0x00000000000083b8       0x58 CMakeFiles/midi_leds.dir/home/james/pico-sdk/src/rp2_common/pico_bit_ops/bit_ops_aeabi.S.o
 .debug_ranges  0x0000000000008410       0x38 CMakeFiles/midi_leds.dir/home/james/pico-sdk/src/rp2_common/pico_divider/divider_hardware.S.o
 .debug_ranges  0x0000000000008448      0x148 CMakeFiles/midi_leds.dir/home/james/pico-sdk/src/rp2_common/pico_double/double_aeabi_rp2040.S.o
 .debug_ranges  0x0000000000008590       0x30 CMakeFiles/midi_leds.dir/home/james/pico-sdk/src/rp2_common/pico_double/double_init_rom_rp2040.c.o
 .debug_ranges  0x00000000000085c0       0xc0 CMakeFiles/midi_leds.dir/home/james/pico-sdk/src/rp2_common/pico_double/double_v1_rom_shim_rp2040.S.o
 .debug_ranges  0x0000000000008680      0x130 CMakeFiles/midi_leds.dir/home/james/pico-sdk/src/rp2_common/pico_float/float_aeabi_rp2040.S.o
 .debug_ranges  0x00000000000087b0       0x10 CMakeFiles/midi_leds.dir/home/james/pico-sdk/src/rp2_common/pico_float/float_init_rom_rp2040.c.o
 .debug_ranges  0x00000000000087c0       0x48 CMakeFiles/midi_leds.dir/home/james/pico-sdk/src/rp2_common/pico_float/float_v1_rom_shim_rp2040.S.o
 .debug_ranges  0x0000000000008808       0x30 CMakeFiles/midi_leds.dir/home/james/pico-sdk/src/rp2_common/pico_mem_ops/mem_ops_aeabi.S.o
 .debug_ranges  0x0000000000008838      0x500 CMakeFiles/midi_leds.dir/home/james/pico-sdk/src/rp2_common/pico_printf/printf.c.o
 .debug_ranges  0x0000000000008d38       0x20 CMakeFiles/midi_leds.dir/home/james/pico-sdk/src/rp2_common/pico_crt0/crt0.S.o
 .debug_ranges  0x0000000000008d58      0x128 CMakeFiles/midi_leds.dir/home/james/pico-sdk/src/rp2_common/pico_clib_interface/newlib_interface.c.o
 .debug_ranges  0x0000000000008e80      0x8d0 CMakeFiles/midi_leds.dir/home/james/pico-sdk/src/rp2_common/pico_stdio/stdio.c.o
 .debug_ranges  0x0000000000009750     0x1540 CMakeFiles/midi_leds.dir/home/james/pico-sdk/src/rp2_common/hardware_pio/pio.c.o
 .debug_ranges  0x000000000000ac90      0x1c8 CMakeFiles/midi_leds.dir/home/james/pico-sdk/src/rp2_common/hardware_dma/dma.c.o

.debug_line     0x0000000000000000    0x189f9
 .debug_line    0x0000000000000000      0x5e6 CMakeFiles/midi_leds.dir/main.cpp.o
 .debug_line    0x00000000000005e6      0xf94 CMakeFiles/midi_leds.dir/leds.cpp.o
 .debug_line    0x000000000000157a      0x683 CMakeFiles/midi_leds.dir/midi.cpp.o
 .debug_line    0x0000000000001bfd      0x265 CMakeFiles/midi_leds.dir/layout.cpp.o
 .debug_line    0x0000000000001e62     0x1bb4 CMakeFiles/midi_leds.dir/home/james/pico-sdk/src/rp2_common/hardware_gpio/gpio.c.o
 .debug_line    0x0000000000003a16      0x1da CMakeFiles/midi_leds.dir/home/james/pico-sdk/src/rp2_common/pico_platform_panic/panic.c.o
 .debug_line    0x0000000000003bf0      0x85e CMakeFiles/midi_leds.dir/home/james/pico-sdk/src/common/hardware_claim/claim.c.o
 .debug_line    0x000000000000444e      0x408 CMakeFiles/midi_leds.dir/home/james/pico-sdk/src/rp2_common/hardware_sync/sync.c.o